Component: ARM Compiler 5.06 update 4 (build 422) Tool: armlink [4d35d2]

==============================================================================

Section Cross References

    led.o(.text) refers to led.o(.constdata) for led_mask
    adc_leds.o(.text) refers to setup.o(.text) for Setup
    adc_leds.o(.text) refers to rt_memclr.o(.text) for __aeabi_memclr
    adc_leds.o(.text) refers to functions.o(.text) for startUpMenu
    adc_leds.o(.text) refers to setup.o(.data) for buttonPressed
    lcd.o(.text) refers to setup.o(.text) for Delay
    lcd.o(.text) refers to lcd.o(.constdata) for lcd_mask
    swt.o(.text) refers to swt.o(.constdata) for SWT_mask
    setup.o(.text) refers to system_stm32f4xx.o(.text) for SystemCoreClockUpdate
    setup.o(.text) refers to led.o(.text) for LED_Init
    setup.o(.text) refers to swt.o(.text) for SWT_Init
    setup.o(.text) refers to lcd.o(.text) for LCD_Initpins
    setup.o(.text) refers to setup.o(.data) for msTicks
    setup.o(.text) refers to system_stm32f4xx.o(.data) for SystemCoreClock
    functions.o(.text) refers to _printf_percent.o(.ARM.Collect$$_printf_percent$$00000000) for _printf_percent
    functions.o(.text) refers to _printf_c.o(.ARM.Collect$$_printf_percent$$00000013) for _printf_c
    functions.o(.text) refers to _printf_str.o(.text) for _printf_str
    functions.o(.text) refers to _printf_pad.o(.text) for _printf_pre_padding
    functions.o(.text) refers to _printf_f.o(.ARM.Collect$$_printf_percent$$00000003) for _printf_f
    functions.o(.text) refers to _printf_s.o(.ARM.Collect$$_printf_percent$$00000014) for _printf_s
    functions.o(.text) refers to printf1.o(x$fpl$printf1) for _printf_fp_dec
    functions.o(.text) refers to _printf_i.o(.ARM.Collect$$_printf_percent$$00000008) for _printf_i
    functions.o(.text) refers to _printf_dec.o(.text) for _printf_int_dec
    functions.o(.text) refers to setup.o(.text) for Delay
    functions.o(.text) refers to setup.o(.data) for buttonPressed
    functions.o(.text) refers to lcd.o(.text) for LCD_Clear
    functions.o(.text) refers to noretval__2sprintf.o(.text) for __2sprintf
    functions.o(.text) refers to f2d.o(x$fpl$f2d) for __aeabi_f2d
    functions.o(.text) refers to strcpy.o(.text) for strcpy
    functions.o(.text) refers to rt_memclr.o(.text) for __aeabi_memclr
    functions.o(.text) refers to noretval__2snprintf.o(.text) for __2snprintf
    functions.o(.text) refers to log10.o(i.__hardfp_log10) for __hardfp_log10
    functions.o(.text) refers to dmul.o(x$fpl$dmul) for __aeabi_dmul
    functions.o(.text) refers to pow.o(i.__hardfp_pow) for __hardfp_pow
    functions.o(.text) refers to d2f.o(x$fpl$d2f) for __aeabi_d2f
    startup_stm32f407xx.o(STACK) refers (Special) to heapauxi.o(.text) for __use_two_region_memory
    startup_stm32f407xx.o(HEAP) refers (Special) to heapauxi.o(.text) for __use_two_region_memory
    startup_stm32f407xx.o(RESET) refers (Special) to heapauxi.o(.text) for __use_two_region_memory
    startup_stm32f407xx.o(RESET) refers to startup_stm32f407xx.o(STACK) for __initial_sp
    startup_stm32f407xx.o(RESET) refers to startup_stm32f407xx.o(.text) for Reset_Handler
    startup_stm32f407xx.o(RESET) refers to setup.o(.text) for SysTick_Handler
    startup_stm32f407xx.o(RESET) refers to functions.o(.text) for EXTI9_5_IRQHandler
    startup_stm32f407xx.o(.text) refers (Special) to heapauxi.o(.text) for __use_two_region_memory
    startup_stm32f407xx.o(.text) refers to system_stm32f4xx.o(.text) for SystemInit
    startup_stm32f407xx.o(.text) refers to __main.o(!!!main) for __main
    startup_stm32f407xx.o(.text) refers to startup_stm32f407xx.o(HEAP) for Heap_Mem
    startup_stm32f407xx.o(.text) refers to startup_stm32f407xx.o(STACK) for Stack_Mem
    system_stm32f4xx.o(.text) refers to system_stm32f4xx.o(.data) for SystemCoreClock
    system_stm32f4xx.o(.text) refers to system_stm32f4xx.o(.constdata) for AHBPrescTable
    __2sprintf.o(.text) refers to _printf_char_common.o(.text) for _printf_char_common
    __2sprintf.o(.text) refers to _sputc.o(.text) for _sputc
    __2snprintf.o(.text) refers to _printf_char_common.o(.text) for _printf_char_common
    __2snprintf.o(.text) refers to _sputc.o(.text) for _sputc
    __2snprintf.o(.text) refers to _snputc.o(.text) for _snputc
    noretval__2sprintf.o(.text) refers to _printf_char_common.o(.text) for _printf_char_common
    noretval__2sprintf.o(.text) refers to _sputc.o(.text) for _sputc
    noretval__2snprintf.o(.text) refers to _printf_char_common.o(.text) for _printf_char_common
    noretval__2snprintf.o(.text) refers to _sputc.o(.text) for _sputc
    noretval__2snprintf.o(.text) refers to _snputc.o(.text) for _snputc
    __printf.o(.text) refers to _printf_percent.o(.ARM.Collect$$_printf_percent$$00000000) for _printf_percent
    _printf_str.o(.text) refers (Special) to _printf_char.o(.text) for _printf_cs_common
    _printf_str.o(.text) refers (Weak) to _printf_pad.o(.text) for _printf_pre_padding
[...]
    ../clib/locale.s                         0x00000000   Number         0  lc_numeric_c.o ABSOLUTE
    ../clib/longlong.s                       0x00000000   Number         0  lludiv10.o ABSOLUTE
    ../clib/memcpset.s                       0x00000000   Number         0  rt_memclr_w.o ABSOLUTE
    ../clib/memcpset.s                       0x00000000   Number         0  rt_memclr.o ABSOLUTE
    ../clib/memcpset.s                       0x00000000   Number         0  strcmpv7m.o ABSOLUTE
    ../clib/misc.s                           0x00000000   Number         0  printf_stubs.o ABSOLUTE
    ../clib/printf.c                         0x00000000   Number         0  __printf_ss.o ABSOLUTE
    ../clib/printf.c                         0x00000000   Number         0  _printf_fp_infnan.o ABSOLUTE
    ../clib/printf.c                         0x00000000   Number         0  __2sprintf.o ABSOLUTE
    ../clib/printf.c                         0x00000000   Number         0  __2snprintf.o ABSOLUTE
    ../clib/printf.c                         0x00000000   Number         0  noretval__2sprintf.o ABSOLUTE
    ../clib/printf.c                         0x00000000   Number         0  __printf_nopercent.o ABSOLUTE
    ../clib/printf.c                         0x00000000   Number         0  noretval__2snprintf.o ABSOLUTE
    ../clib/printf.c                         0x00000000   Number         0  _printf_pad.o ABSOLUTE
    ../clib/printf.c                         0x00000000   Number         0  _printf_str.o ABSOLUTE
    ../clib/printf.c                         0x00000000   Number         0  _printf_dec.o ABSOLUTE
    ../clib/printf.c                         0x00000000   Number         0  __printf_flags.o ABSOLUTE
    ../clib/printf.c                         0x00000000   Number         0  __printf_flags_ss.o ABSOLUTE
    ../clib/printf.c                         0x00000000   Number         0  __printf_wp.o ABSOLUTE
    ../clib/printf.c                         0x00000000   Number         0  __printf_flags_wp.o ABSOLUTE
    ../clib/printf.c                         0x00000000   Number         0  __printf.o ABSOLUTE
    ../clib/printf.c                         0x00000000   Number         0  __printf_flags_ss_wp.o ABSOLUTE
    ../clib/printf.c                         0x00000000   Number         0  __printf_ss_wp.o ABSOLUTE
    ../clib/printf.c                         0x00000000   Number         0  _printf_char.o ABSOLUTE
    ../clib/printf.c                         0x00000000   Number         0  _snputc.o ABSOLUTE
    ../clib/printf.c                         0x00000000   Number         0  _sputc.o ABSOLUTE
    ../clib/printf.c                         0x00000000   Number         0  _printf_char_common.o ABSOLUTE
    ../clib/printf.c                         0x00000000   Number         0  _printf_fp_dec.o ABSOLUTE
    ../clib/printf.c                         0x00000000   Number         0  _printf_intcommon.o ABSOLUTE
    ../clib/printf_percent.s                 0x00000000   Number         0  _printf_percent.o ABSOLUTE
    ../clib/printf_percent.s                 0x00000000   Number         0  _printf_c.o ABSOLUTE
    ../clib/printf_percent.s                 0x00000000   Number         0  _printf_f.o ABSOLUTE
    ../clib/printf_percent.s                 0x00000000   Number         0  _printf_percent_end.o ABSOLUTE
    ../clib/printf_percent.s                 0x00000000   Number         0  _printf_i.o ABSOLUTE
    ../clib/printf_percent.s                 0x00000000   Number         0  _printf_s.o ABSOLUTE
    ../clib/signal.c                         0x00000000   Number         0  defsig_cppl_inner.o ABSOLUTE
    ../clib/signal.c                         0x00000000   Number         0  defsig_pvfn_inner.o ABSOLUTE
    ../clib/signal.c                         0x00000000   Number         0  defsig_stak_inner.o ABSOLUTE
    ../clib/signal.c                         0x00000000   Number         0  defsig_rtred_inner.o ABSOLUTE
    ../clib/signal.c                         0x00000000   Number         0  defsig_fpe_inner.o ABSOLUTE
    ../clib/signal.c                         0x00000000   Number         0  defsig_abrt_inner.o ABSOLUTE
    ../clib/signal.c                         0x00000000   Number         0  __raise.o ABSOLUTE
    ../clib/signal.c                         0x00000000   Number         0  defsig_exit.o ABSOLUTE
    ../clib/signal.c                         0x00000000   Number         0  defsig_rtmem_inner.o ABSOLUTE
    ../clib/signal.c                         0x00000000   Number         0  defsig_rtmem_formal.o ABSOLUTE
    ../clib/signal.c                         0x00000000   Number         0  defsig_segv_inner.o ABSOLUTE
    ../clib/signal.c                         0x00000000   Number         0  defsig_other.o ABSOLUTE
    ../clib/signal.c                         0x00000000   Number         0  defsig_rtmem_outer.o ABSOLUTE
    ../clib/signal.c                         0x00000000   Number         0  defsig_general.o ABSOLUTE
    ../clib/signal.s                         0x00000000   Number         0  defsig.o ABSOLUTE
    ../clib/stdlib.c                         0x00000000   Number         0  exit.o ABSOLUTE
    ../clib/string.c                         0x00000000   Number         0  strcpy.o ABSOLUTE
    ../fplib/basic.s                         0x00000000   Number         0  basic.o ABSOLUTE
    ../fplib/d2f.s                           0x00000000   Number         0  d2f.o ABSOLUTE
    ../fplib/daddsub.s                       0x00000000   Number         0  daddsub_clz.o ABSOLUTE
    ../fplib/dcheck1.s                       0x00000000   Number         0  dcheck1.o ABSOLUTE
    ../fplib/dcmpi.s                         0x00000000   Number         0  dcmpi.o ABSOLUTE
    ../fplib/ddiv.s                          0x00000000   Number         0  ddiv.o ABSOLUTE
    ../fplib/deqf.s                          0x00000000   Number         0  deqf.o ABSOLUTE
    ../fplib/dflt.s                          0x00000000   Number         0  dflt_clz.o ABSOLUTE
    ../fplib/dleqf.s                         0x00000000   Number         0  dleqf.o ABSOLUTE
    ../fplib/dmul.s                          0x00000000   Number         0  dmul.o ABSOLUTE
    ../fplib/dnaninf.s                       0x00000000   Number         0  dnaninf.o ABSOLUTE
    ../fplib/dretinf.s                       0x00000000   Number         0  dretinf.o ABSOLUTE
    ../fplib/drleqf.s                        0x00000000   Number         0  drleqf.o ABSOLUTE
    ../fplib/dsqrt.s                         0x00000000   Number         0  dsqrt_umaal.o ABSOLUTE
    ../fplib/f2d.s                           0x00000000   Number         0  f2d.o ABSOLUTE
    ../fplib/fnaninf.s                       0x00000000   Number         0  fnaninf.o ABSOLUTE
    ../fplib/fpinit.s                        0x00000000   Number         0  fpinit.o ABSOLUTE
    ../fplib/fretinf.s                       0x00000000   Number         0  fretinf.o ABSOLUTE
    ../fplib/istatus.s                       0x00000000   Number         0  istatus.o ABSOLUTE
    ../fplib/printf1.s                       0x00000000   Number         0  printf1.o ABSOLUTE
    ../fplib/retnan.s                        0x00000000   Number         0  retnan.o ABSOLUTE
    ../fplib/scalbn.s                        0x00000000   Number         0  scalbn.o ABSOLUTE
    ../fplib/trapv.s                         0x00000000   Number         0  trapv.o ABSOLUTE
    ../fplib/usenofp.s                       0x00000000   Number         0  usenofp.o ABSOLUTE
    ../mathlib/dunder.c                      0x00000000   Number         0  dunder.o ABSOLUTE
    ../mathlib/fabs.c                        0x00000000   Number         0  fabs.o ABSOLUTE
    ../mathlib/fpclassify.c                  0x00000000   Number         0  fpclassify.o ABSOLUTE
    ../mathlib/log.c                         0x00000000   Number         0  log_x.o ABSOLUTE
    ../mathlib/log.c                         0x00000000   Number         0  log.o ABSOLUTE
    ../mathlib/log10.c                       0x00000000   Number         0  log10_x.o ABSOLUTE
    ../mathlib/log10.c                       0x00000000   Number         0  log10.o ABSOLUTE
    ../mathlib/poly.c                        0x00000000   Number         0  poly.o ABSOLUTE
    ../mathlib/pow.c                         0x00000000   Number         0  pow.o ABSOLUTE
    ../mathlib/pow.c                         0x00000000   Number         0  pow_x.o ABSOLUTE
    ../mathlib/qnan.c                        0x00000000   Number         0  qnan.o ABSOLUTE
    ../mathlib/sqrt.c                        0x00000000   Number         0  sqrt_x.o ABSOLUTE
    ../mathlib/sqrt.c                        0x00000000   Number         0  sqrt.o ABSOLUTE
    ADC_LEDs.c                               0x00000000   Number         0  adc_leds.o ABSOLUTE
    ADC_LEDs.c                               0x00000000   Number         0  adc_leds.o ABSOLUTE
    Functions.c                              0x00000000   Number         0  functions.o ABSOLUTE
    Functions.c                              0x00000000   Number         0  functions.o ABSOLUTE
    LCD.c                                    0x00000000   Number         0  lcd.o ABSOLUTE
    LCD.c                                    0x00000000   Number         0  lcd.o ABSOLUTE
    LED.c                                    0x00000000   Number         0  led.o ABSOLUTE
    LED.c                                    0x00000000   Number         0  led.o ABSOLUTE
    RTE\Device\STM32F407VG\startup_stm32f407xx.s 0x00000000   Number         0  startup_stm32f407xx.o ABSOLUTE
    RTE\Device\STM32F407VG\system_stm32f4xx.c 0x00000000   Number         0  system_stm32f4xx.o ABSOLUTE
    RTE\\Device\\STM32F407VG\\system_stm32f4xx.c 0x00000000   Number         0  system_stm32f4xx.o ABSOLUTE
    SWT.c                                    0x00000000   Number         0  swt.o ABSOLUTE
    SWT.c                                    0x00000000   Number         0  swt.o ABSOLUTE
    Setup.c                                  0x00000000   Number         0  setup.o ABSOLUTE
    Setup.c                                  0x00000000   Number         0  setup.o ABSOLUTE
    dc.s                                     0x00000000   Number         0  dc.o ABSOLUTE
    RESET                                    0x08000000   Section      392  startup_stm32f407xx.o(RESET)
    !!!main                                  0x08000188   Section        8  __main.o(!!!main)
    !!!scatter                               0x08000190   Section       52  __scatter.o(!!!scatter)
    !!handler_copy                           0x080001c4   Section       26  __scatter_copy.o(!!handler_copy)
    !!handler_zi                             0x080001e0   Section       28  __scatter_zi.o(!!handler_zi)
    .ARM.Collect$$_printf_percent$$00000000  0x080001fc   Section        0  _printf_percent.o(.ARM.Collect$$_printf_percent$$00000000)
    .ARM.Collect$$_printf_percent$$00000003  0x080001fc   Section        6  _printf_f.o(.ARM.Collect$$_printf_percent$$00000003)
    .ARM.Collect$$_printf_percent$$00000008  0x08000202   Section        6  _printf_i.o(.ARM.Collect$$_printf_percent$$00000008)
    .ARM.Collect$$_printf_percent$$00000013  0x08000208   Section        6  _printf_c.o(.ARM.Collect$$_printf_percent$$00000013)
    .ARM.Collect$$_printf_percent$$00000014  0x0800020e   Section        6  _printf_s.o(.ARM.Collect$$_printf_percent$$00000014)
    .ARM.Collect$$_printf_percent$$00000017  0x08000214   Section        4  _printf_percent_end.o(.ARM.Collect$$_printf_percent$$00000017)
    .ARM.Collect$$libinit$$00000000          0x08000218   Section        2  libinit.o(.ARM.Collect$$libinit$$00000000)
    .ARM.Collect$$libinit$$00000001          0x0800021a   Section        4  libinit2.o(.ARM.Collect$$libinit$$00000001)
    .ARM.Collect$$libinit$$00000004          0x0800021e   Section        0  libinit2.o(.ARM.Collect$$libinit$$00000004)
    .ARM.Collect$$libinit$$0000000A          0x0800021e   Section        0  libinit2.o(.ARM.Collect$$libinit$$0000000A)
    .ARM.Collect$$libinit$$0000000C          0x0800021e   Section        0  libinit2.o(.ARM.Collect$$libinit$$0000000C)
    .ARM.Collect$$libinit$$0000000E          0x0800021e   Section        0  libinit2.o(.ARM.Collect$$libinit$$0000000E)
    .ARM.Collect$$libinit$$0000000F          0x0800021e   Section        6  libinit2.o(.ARM.Collect$$libinit$$0000000F)
    .ARM.Collect$$libinit$$00000011          0x08000224   Section        0  libinit2.o(.ARM.Collect$$libinit$$00000011)
    .ARM.Collect$$libinit$$00000013          0x08000224   Section        0  libinit2.o(.ARM.Collect$$libinit$$00000013)
    .ARM.Collect$$libinit$$00000015          0x08000224   Section        0  libinit2.o(.ARM.Collect$$libinit$$00000015)
    .ARM.Collect$$libinit$$00000016          0x08000224   Section       10  libinit2.o(.ARM.Collect$$libinit$$00000016)
    .ARM.Collect$$libinit$$00000017          0x0800022e   Section        0  libinit2.o(.ARM.Collect$$libinit$$00000017)
    .ARM.Collect$$libinit$$00000019          0x0800022e   Section        0  libinit2.o(.ARM.Collect$$libinit$$00000019)
    .ARM.Collect$$libinit$$0000001B          0x0800022e   Section        0  libinit2.o(.ARM.Collect$$libinit$$0000001B)
    .ARM.Collect$$libinit$$0000001D          0x0800022e   Section        0  libinit2.o(.ARM.Collect$$libinit$$0000001D)
    .ARM.Collect$$libinit$$0000001F          0x0800022e   Section        0  libinit2.o(.ARM.Collect$$libinit$$0000001F)
    .ARM.Collect$$libinit$$00000021          0x0800022e   Section        0  libinit2.o(.ARM.Collect$$libinit$$00000021)
    .ARM.Collect$$libinit$$00000023          0x0800022e   Section        0  libinit2.o(.ARM.Collect$$libinit$$00000023)
    .ARM.Collect$$libinit$$00000025          0x0800022e   Section        0  libinit2.o(.ARM.Collect$$libinit$$00000025)
    .ARM.Collect$$libinit$$0000002C          0x0800022e   Section        0  libinit2.o(.ARM.Collect$$libinit$$0000002C)
    .ARM.Collect$$libinit$$0000002E          0x0800022e   Section        0  libinit2.o(.ARM.Collect$$libinit$$0000002E)
    .ARM.Collect$$libinit$$00000030          0x0800022e   Section        0  libinit2.o(.ARM.Collect$$libinit$$00000030)
    .ARM.Collect$$libinit$$00000032          0x0800022e   Section        0  libinit2.o(.ARM.Collect$$libinit$$00000032)
    .ARM.Collect$$libinit$$00000033          0x0800022e   Section        2  libinit2.o(.ARM.Collect$$libinit$$00000033)
    .ARM.Collect$$libshutdown$$00000000      0x08000230   Section        2  libshutdown.o(.ARM.Collect$$libshutdown$$00000000)
    .ARM.Collect$$libshutdown$$00000002      0x08000232   Section        0  libshutdown2.o(.ARM.Collect$$libshutdown$$00000002)
    .ARM.Collect$$libshutdown$$00000004      0x08000232   Section        0  libshutdown2.o(.ARM.Collect$$libshutdown$$00000004)
    .ARM.Collect$$libshutdown$$00000007      0x08000232   Section        0  libshutdown2.o(.ARM.Collect$$libshutdown$$00000007)
    .ARM.Collect$$libshutdown$$0000000A      0x08000232   Section        0  libshutdown2.o(.ARM.Collect$$libshutdown$$0000000A)
    .ARM.Collect$$libshutdown$$0000000C      0x08000232   Section        0  libshutdown2.o(.ARM.Collect$$libshutdown$$0000000C)
    .ARM.Collect$$libshutdown$$0000000F      0x08000232   Section        0  libshutdown2.o(.ARM.Collect$$libshutdown$$0000000F)
    .ARM.Collect$$libshutdown$$00000010      0x08000232   Section        2  libshutdown2.o(.ARM.Collect$$libshutdown$$00000010)
    .ARM.Collect$$rtentry$$00000000          0x08000234   Section        0  __rtentry.o(.ARM.Collect$$rtentry$$00000000)
    .ARM.Collect$$rtentry$$00000002          0x08000234   Section        0  __rtentry2.o(.ARM.Collect$$rtentry$$00000002)
    .ARM.Collect$$rtentry$$00000004          0x08000234   Section        6  __rtentry4.o(.ARM.Collect$$rtentry$$00000004)
    .ARM.Collect$$rtentry$$00000009          0x0800023a   Section        0  __rtentry2.o(.ARM.Collect$$rtentry$$00000009)
    .ARM.Collect$$rtentry$$0000000A          0x0800023a   Section        4  __rtentry2.o(.ARM.Collect$$rtentry$$0000000A)
    .ARM.Collect$$rtentry$$0000000C          0x0800023e   Section        0  __rtentry2.o(.ARM.Collect$$rtentry$$0000000C)
    .ARM.Collect$$rtentry$$0000000D          0x0800023e   Section        8  __rtentry2.o(.ARM.Collect$$rtentry$$0000000D)
    .ARM.Collect$$rtexit$$00000000           0x08000246   Section        2  rtexit.o(.ARM.Collect$$rtexit$$00000000)
    .ARM.Collect$$rtexit$$00000002           0x08000248   Section        0  rtexit2.o(.ARM.Collect$$rtexit$$00000002)
    .ARM.Collect$$rtexit$$00000003           0x08000248   Section        4  rtexit2.o(.ARM.Collect$$rtexit$$00000003)
    .ARM.Collect$$rtexit$$00000004           0x0800024c   Section        6  rtexit2.o(.ARM.Collect$$rtexit$$00000004)
    .text                                    0x08000254   Section        0  led.o(.text)
    .text                                    0x08000314   Section        0  adc_leds.o(.text)
    .text                                    0x08000344   Section        0  lcd.o(.text)
    .text                                    0x0800062c   Section        0  swt.o(.text)
    __NVIC_EnableIRQ                         0x080007f9   Thumb Code    26  swt.o(.text)
    .text                                    0x0800082c   Section        0  setup.o(.text)
    .text                                    0x08000ab4   Section        0  functions.o(.text)
    .text                                    0x08001dfc   Section       64  startup_stm32f407xx.o(.text)
    $v0                                      0x08001dfc   Number         0  startup_stm32f407xx.o(.text)
    .text                                    0x08001e3c   Section        0  system_stm32f4xx.o(.text)
    .text                                    0x08001f5c   Section        0  noretval__2sprintf.o(.text)
    .text                                    0x08001f84   Section        0  noretval__2snprintf.o(.text)
    .text                                    0x08001fb8   Section        0  _printf_pad.o(.text)
    .text                                    0x08002006   Section        0  _printf_str.o(.text)
    .text                                    0x08002058   Section        0  _printf_dec.o(.text)
    .text                                    0x080020d0   Section        0  __printf_wp.o(.text)
    .text                                    0x080021de   Section        0  strcpy.o(.text)
    .text                                    0x08002226   Section       68  rt_memclr.o(.text)
    .text                                    0x0800226a   Section        0  heapauxi.o(.text)
    .text                                    0x08002270   Section        0  _rserrno.o(.text)
    .text                                    0x08002286   Section        0  _printf_intcommon.o(.text)
    .text                                    0x08002338   Section        0  _printf_fp_dec.o(.text)
    _fp_digits                               0x0800233b   Thumb Code   428  _printf_fp_dec.o(.text)
    .text                                    0x08002754   Section        0  _printf_char_common.o(.text)
    _printf_input_char                       0x08002755   Thumb Code    10  _printf_char_common.o(.text)
    .text                                    0x08002784   Section        0  _sputc.o(.text)
    .text                                    0x0800278e   Section        0  _snputc.o(.text)
    .text                                    0x0800279e   Section        0  _printf_char.o(.text)
    .text                                    0x080027ca   Section       78  rt_memclr_w.o(.text)
    .text                                    0x08002818   Section        8  rt_locale_intlibspace.o(.text)
    .text                                    0x08002820   Section        8  rt_errno_addr_intlibspace.o(.text)
    .text                                    0x08002828   Section      138  lludiv10.o(.text)
    .text                                    0x080028b4   Section        0  _printf_fp_infnan.o(.text)
    .text                                    0x08002934   Section        0  bigflt0.o(.text)
    .text                                    0x08002a10   Section        8  libspace.o(.text)
    .text                                    0x08002a18   Section       74  sys_stackheap_outer.o(.text)
    .text                                    0x08002a62   Section        0  exit.o(.text)
    .text                                    0x08002a74   Section      128  strcmpv7m.o(.text)
    .text                                    0x08002af4   Section        0  sys_exit.o(.text)
    .text                                    0x08002b00   Section        2  use_no_semi.o(.text)
    .text                                    0x08002b02   Section        0  indicate_semi.o(.text)
    CL$$btod_d2e                             0x08002b02   Section       62  btod.o(CL$$btod_d2e)
    CL$$btod_d2e_denorm_low                  0x08002b40   Section       70  btod.o(CL$$btod_d2e_denorm_low)
    CL$$btod_d2e_norm_op1                    0x08002b86   Section       96  btod.o(CL$$btod_d2e_norm_op1)
    CL$$btod_div_common                      0x08002be6   Section      824  btod.o(CL$$btod_div_common)
    CL$$btod_e2e                             0x08002f1e   Section      198  btod.o(CL$$btod_e2e)
    CL$$btod_ediv                            0x08002fe4   Section       40  btod.o(CL$$btod_ediv)
    CL$$btod_emul                            0x0800300c   Section       40  btod.o(CL$$btod_emul)
    CL$$btod_mult_common                     0x08003034   Section      580  btod.o(CL$$btod_mult_common)
    i.__ARM_fpclassify                       0x08003278   Section        0  fpclassify.o(i.__ARM_fpclassify)
    i.__hardfp_log                           0x080032a8   Section        0  log.o(i.__hardfp_log)
    i.__hardfp_log10                         0x08003670   Section        0  log10.o(i.__hardfp_log10)
    i.__hardfp_pow                           0x080037a0   Section        0  pow.o(i.__hardfp_pow)
    i.__kernel_poly                          0x080043f0   Section        0  poly.o(i.__kernel_poly)
    i.__mathlib_dbl_divzero                  0x080044e8   Section        0  dunder.o(i.__mathlib_dbl_divzero)
    i.__mathlib_dbl_infnan                   0x08004518   Section        0  dunder.o(i.__mathlib_dbl_infnan)
    i.__mathlib_dbl_infnan2                  0x0800452c   Section        0  dunder.o(i.__mathlib_dbl_infnan2)
    i.__mathlib_dbl_invalid                  0x08004540   Section        0  dunder.o(i.__mathlib_dbl_invalid)
    i.__mathlib_dbl_overflow                 0x08004560   Section        0  dunder.o(i.__mathlib_dbl_overflow)
    i.__mathlib_dbl_underflow                0x08004580   Section        0  dunder.o(i.__mathlib_dbl_underflow)
    i._is_digit                              0x080045a0   Section        0  __printf_wp.o(i._is_digit)
    i.fabs                                   0x080045ae   Section        0  fabs.o(i.fabs)
    i.log                                    0x080045c6   Section        0  log.o(i.log)
    i.sqrt                                   0x080045d6   Section        0  sqrt.o(i.sqrt)
    locale$$code                             0x08004644   Section       44  lc_numeric_c.o(locale$$code)
    x$fpl$basic                              0x08004670   Section       24  basic.o(x$fpl$basic)
    $v0                                      0x08004670   Number         0  basic.o(x$fpl$basic)
    x$fpl$d2f                                0x08004688   Section       98  d2f.o(x$fpl$d2f)
    $v0                                      0x08004688   Number         0  d2f.o(x$fpl$d2f)
    x$fpl$dadd                               0x080046ec   Section      336  daddsub_clz.o(x$fpl$dadd)
    $v0                                      0x080046ec   Number         0  daddsub_clz.o(x$fpl$dadd)
    _dadd1                                   0x080046fd   Thumb Code     0  daddsub_clz.o(x$fpl$dadd)
    x$fpl$dcheck1                            0x0800483c   Section       16  dcheck1.o(x$fpl$dcheck1)
    $v0                                      0x0800483c   Number         0  dcheck1.o(x$fpl$dcheck1)
    x$fpl$dcmpinf                            0x0800484c   Section       24  dcmpi.o(x$fpl$dcmpinf)
    $v0                                      0x0800484c   Number         0  dcmpi.o(x$fpl$dcmpinf)
    x$fpl$ddiv                               0x08004864   Section      688  ddiv.o(x$fpl$ddiv)
    $v0                                      0x08004864   Number         0  ddiv.o(x$fpl$ddiv)
    ddiv_entry                               0x0800486b   Thumb Code     0  ddiv.o(x$fpl$ddiv)
    x$fpl$deqf                               0x08004b14   Section      120  deqf.o(x$fpl$deqf)
    $v0                                      0x08004b14   Number         0  deqf.o(x$fpl$deqf)
    x$fpl$dflt                               0x08004b8c   Section       46  dflt_clz.o(x$fpl$dflt)
    $v0                                      0x08004b8c   Number         0  dflt_clz.o(x$fpl$dflt)
    x$fpl$dleqf                              0x08004bbc   Section      120  dleqf.o(x$fpl$dleqf)
    $v0                                      0x08004bbc   Number         0  dleqf.o(x$fpl$dleqf)
    x$fpl$dmul                               0x08004c34   Section      340  dmul.o(x$fpl$dmul)
    $v0                                      0x08004c34   Number         0  dmul.o(x$fpl$dmul)
    x$fpl$dnaninf                            0x08004d88   Section      156  dnaninf.o(x$fpl$dnaninf)
    $v0                                      0x08004d88   Number         0  dnaninf.o(x$fpl$dnaninf)
    x$fpl$dretinf                            0x08004e24   Section       12  dretinf.o(x$fpl$dretinf)
    $v0                                      0x08004e24   Number         0  dretinf.o(x$fpl$dretinf)
    x$fpl$drleqf                             0x08004e30   Section      108  drleqf.o(x$fpl$drleqf)
    $v0                                      0x08004e30   Number         0  drleqf.o(x$fpl$drleqf)
    x$fpl$drsb                               0x08004e9c   Section       22  daddsub_clz.o(x$fpl$drsb)
    $v0                                      0x08004e9c   Number         0  daddsub_clz.o(x$fpl$drsb)
    x$fpl$dsqrt                              0x08004eb4   Section      408  dsqrt_umaal.o(x$fpl$dsqrt)
    $v0                                      0x08004eb4   Number         0  dsqrt_umaal.o(x$fpl$dsqrt)
    x$fpl$dsub                               0x0800504c   Section      468  daddsub_clz.o(x$fpl$dsub)
    $v0                                      0x0800504c   Number         0  daddsub_clz.o(x$fpl$dsub)
    _dsub1                                   0x0800505d   Thumb Code     0  daddsub_clz.o(x$fpl$dsub)
    x$fpl$f2d                                0x08005220   Section       86  f2d.o(x$fpl$f2d)
    $v0                                      0x08005220   Number         0  f2d.o(x$fpl$f2d)
    x$fpl$fnaninf                            0x08005276   Section      140  fnaninf.o(x$fpl$fnaninf)
    $v0                                      0x08005276   Number         0  fnaninf.o(x$fpl$fnaninf)
    x$fpl$fpinit                             0x08005302   Section       10  fpinit.o(x$fpl$fpinit)
    $v0                                      0x08005302   Number         0  fpinit.o(x$fpl$fpinit)
    x$fpl$fretinf                            0x0800530c   Section       10  fretinf.o(x$fpl$fretinf)
    $v0                                      0x0800530c   Number         0  fretinf.o(x$fpl$fretinf)
    x$fpl$printf1                            0x08005316   Section        4  printf1.o(x$fpl$printf1)
    $v0                                      0x08005316   Number         0  printf1.o(x$fpl$printf1)
    x$fpl$retnan                             0x0800531a   Section      100  retnan.o(x$fpl$retnan)
    $v0                                      0x0800531a   Number         0  retnan.o(x$fpl$retnan)
    x$fpl$scalbn                             0x0800537e   Section       92  scalbn.o(x$fpl$scalbn)
    $v0                                      0x0800537e   Number         0  scalbn.o(x$fpl$scalbn)
    x$fpl$trapveneer                         0x080053da   Section       48  trapv.o(x$fpl$trapveneer)
    $v0                                      0x080053da   Number         0  trapv.o(x$fpl$trapveneer)
    x$fpl$usenofp                            0x0800540a   Section        0  usenofp.o(x$fpl$usenofp)
    .constdata                               0x0800540c   Section       16  led.o(.constdata)
    .constdata                               0x0800541c   Section       44  lcd.o(.constdata)
    .constdata                               0x08005448   Section       32  swt.o(.constdata)
    .constdata                               0x08005468   Section       24  system_stm32f4xx.o(.constdata)
    .constdata                               0x08005480   Section      136  pow.o(.constdata)
    bp                                       0x08005480   Data          16  pow.o(.constdata)
    dp_h                                     0x08005490   Data          16  pow.o(.constdata)
    dp_l                                     0x080054a0   Data          16  pow.o(.constdata)
    L                                        0x080054b0   Data          48  pow.o(.constdata)
    P                                        0x080054e0   Data          40  pow.o(.constdata)
    .constdata                               0x08005508   Section       56  log.o(.constdata)
    Lg2                                      0x08005508   Data          24  log.o(.constdata)
    Lg                                       0x08005520   Data          32  log.o(.constdata)
    .constdata                               0x08005540   Section        8  qnan.o(.constdata)
    .constdata                               0x08005548   Section      148  bigflt0.o(.constdata)
    tenpwrs_x                                0x08005548   Data          60  bigflt0.o(.constdata)
    tenpwrs_i                                0x08005584   Data          64  bigflt0.o(.constdata)
    locale$$data                             0x080055fc   Section       28  lc_numeric_c.o(locale$$data)
    __lcnum_c_name                           0x08005600   Data           2  lc_numeric_c.o(locale$$data)
    __lcnum_c_start                          0x08005608   Data           0  lc_numeric_c.o(locale$$data)
    __lcnum_c_point                          0x08005614   Data           0  lc_numeric_c.o(locale$$data)
    __lcnum_c_thousands                      0x08005616   Data           0  lc_numeric_c.o(locale$$data)
    __lcnum_c_grouping                       0x08005617   Data           0  lc_numeric_c.o(locale$$data)
    __lcnum_c_end                            0x08005618   Data           0  lc_numeric_c.o(locale$$data)
    .data                                    0x20000000   Section       16  setup.o(.data)
    .data                                    0x20000010   Section        4  system_stm32f4xx.o(.data)
    .bss                                     0x20000014   Section       96  libspace.o(.bss)
    HEAP                                     0x20000078   Section      512  startup_stm32f407xx.o(HEAP)
    Heap_Mem                                 0x20000078   Data         512  startup_stm32f407xx.o(HEAP)
    STACK                                    0x20000278   Section     1024  startup_stm32f407xx.o(STACK)
    Stack_Mem                                0x20000278   Data        1024  startup_stm32f407xx.o(STACK)
    __initial_sp                             0x20000678   Data           0  startup_stm32f407xx.o(STACK)

    Global Symbols

    Symbol Name                              Value     Ov Type        Size  Object(Section)

    BuildAttributes$$THM_ISAv4$E$P$D$K$B$S$7EM$VFPi3$EXTD16$VFPS$VFMA$PE$A:L22UL41UL21$X:L11$S22US41US21$IEEE1$IW$USESV6$~STKCKD$USESV7$~SHL$OTIME$ROPI$IEEEX$EBA8$UX$STANDARDLIB$REQ8$PRES8$EABIv2 0x00000000   Number         0  anon$$obj.o ABSOLUTE
    __ARM_use_no_argv                        0x00000000   Number         0  adc_leds.o ABSOLUTE
    _printf_flags                            0x00000000   Number         0  printf_stubs.o ABSOLUTE
    _printf_return_value                     0x00000000   Number         0  printf_stubs.o ABSOLUTE
    _printf_sizespec                         0x00000000   Number         0  printf_stubs.o ABSOLUTE
    _printf_widthprec                        0x00000000   Number         0  printf_stubs.o ABSOLUTE
    __ARM_exceptions_init                     - Undefined Weak Reference
    __alloca_initialize                       - Undefined Weak Reference
    __arm_preinit_                            - Undefined Weak Reference
    __cpp_initialize__aeabi_                  - Undefined Weak Reference
    __cxa_finalize                            - Undefined Weak Reference
    __sigvec_lookup                           - Undefined Weak Reference
    _atexit_init                              - Undefined Weak Reference
    _call_atexit_fns                          - Undefined Weak Reference
    _clock_init                               - Undefined Weak Reference
    _fp_trap_init                             - Undefined Weak Reference
    _fp_trap_shutdown                         - Undefined Weak Reference
    _get_lc_collate                           - Undefined Weak Reference
    _get_lc_ctype                             - Undefined Weak Reference
    _get_lc_monetary                          - Undefined Weak Reference
    _get_lc_time                              - Undefined Weak Reference
    _getenv_init                              - Undefined Weak Reference
    _handle_redirection                       - Undefined Weak Reference
    _init_alloc                               - Undefined Weak Reference
    _init_user_alloc                          - Undefined Weak Reference
    _initio                                   - Undefined Weak Reference
    _printf_mbtowc                            - Undefined Weak Reference
    _printf_truncate_signed                   - Undefined Weak Reference
    _printf_truncate_unsigned                 - Undefined Weak Reference
    _rand_init                                - Undefined Weak Reference
    _signal_finish                            - Undefined Weak Reference
    _signal_init                              - Undefined Weak Reference
    _terminate_alloc                          - Undefined Weak Reference
    _terminate_user_alloc                     - Undefined Weak Reference
    _terminateio                              - Undefined Weak Reference
    __Vectors_Size                           0x00000188   Number         0  startup_stm32f407xx.o ABSOLUTE
    __Vectors                                0x08000000   Data           4  startup_stm32f407xx.o(RESET)
    __Vectors_End                            0x08000188   Data           0  startup_stm32f407xx.o(RESET)
    __main                                   0x08000189   Thumb Code     8  __main.o(!!!main)
    __scatterload                            0x08000191   Thumb Code     0  __scatter.o(!!!scatter)
    __scatterload_rt2                        0x08000191   Thumb Code    44  __scatter.o(!!!scatter)
    __scatterload_rt2_thumb_only             0x08000191   Thumb Code     0  __scatter.o(!!!scatter)
    __scatterload_null                       0x0800019f   Thumb Code     0  __scatter.o(!!!scatter)
    __scatterload_copy                       0x080001c5   Thumb Code    26  __scatter_copy.o(!!handler_copy)
    __scatterload_zeroinit                   0x080001e1   Thumb Code    28  __scatter_zi.o(!!handler_zi)
    _printf_f                                0x080001fd   Thumb Code     0  _printf_f.o(.ARM.Collect$$_printf_percent$$00000003)
    _printf_percent                          0x080001fd   Thumb Code     0  _printf_percent.o(.ARM.Collect$$_printf_percent$$00000000)
    _printf_i                                0x08000203   Thumb Code     0  _printf_i.o(.ARM.Collect$$_printf_percent$$00000008)
    _printf_c                                0x08000209   Thumb Code     0  _printf_c.o(.ARM.Collect$$_printf_percent$$00000013)
    _printf_s                                0x0800020f   Thumb Code     0  _printf_s.o(.ARM.Collect$$_printf_percent$$00000014)
    _printf_percent_end                      0x08000215   Thumb Code     0  _printf_percent_end.o(.ARM.Collect$$_printf_percent$$00000017)
    __rt_lib_init                            0x08000219   Thumb Code     0  libinit.o(.ARM.Collect$$libinit$$00000000)
    __rt_lib_init_fp_1                       0x0800021b   Thumb Code     0  libinit2.o(.ARM.Collect$$libinit$$00000001)
    __rt_lib_init_heap_1                     0x0800021f   Thumb Code     0  libinit2.o(.ARM.Collect$$libinit$$0000000A)
    __rt_lib_init_lc_common                  0x0800021f   Thumb Code     0  libinit2.o(.ARM.Collect$$libinit$$0000000F)
    __rt_lib_init_preinit_1                  0x0800021f   Thumb Code     0  libinit2.o(.ARM.Collect$$libinit$$00000004)
    __rt_lib_init_rand_1                     0x0800021f   Thumb Code     0  libinit2.o(.ARM.Collect$$libinit$$0000000E)
    __rt_lib_init_user_alloc_1               0x0800021f   Thumb Code     0  libinit2.o(.ARM.Collect$$libinit$$0000000C)
    __rt_lib_init_lc_collate_1               0x08000225   Thumb Code     0  libinit2.o(.ARM.Collect$$libinit$$00000011)
    __rt_lib_init_lc_ctype_1                 0x08000225   Thumb Code     0  libinit2.o(.ARM.Collect$$libinit$$00000013)
    __rt_lib_init_lc_monetary_1              0x08000225   Thumb Code     0  libinit2.o(.ARM.Collect$$libinit$$00000015)
    __rt_lib_init_lc_numeric_2               0x08000225   Thumb Code     0  libinit2.o(.ARM.Collect$$libinit$$00000016)
    __rt_lib_init_alloca_1                   0x0800022f   Thumb Code     0  libinit2.o(.ARM.Collect$$libinit$$0000002E)
    __rt_lib_init_argv_1                     0x0800022f   Thumb Code     0  libinit2.o(.ARM.Collect$$libinit$$0000002C)
    __rt_lib_init_atexit_1                   0x0800022f   Thumb Code     0  libinit2.o(.ARM.Collect$$libinit$$0000001B)
    __rt_lib_init_clock_1                    0x0800022f   Thumb Code     0  libinit2.o(.ARM.Collect$$libinit$$00000021)
    __rt_lib_init_cpp_1                      0x0800022f   Thumb Code     0  libinit2.o(.ARM.Collect$$libinit$$00000032)
    __rt_lib_init_exceptions_1               0x0800022f   Thumb Code     0  libinit2.o(.ARM.Collect$$libinit$$00000030)
    __rt_lib_init_fp_trap_1                  0x0800022f   Thumb Code     0  libinit2.o(.ARM.Collect$$libinit$$0000001F)
    __rt_lib_init_getenv_1                   0x0800022f   Thumb Code     0  libinit2.o(.ARM.Collect$$libinit$$00000023)
    __rt_lib_init_lc_numeric_1               0x0800022f   Thumb Code     0  libinit2.o(.ARM.Collect$$libinit$$00000017)
    __rt_lib_init_lc_time_1                  0x0800022f   Thumb Code     0  libinit2.o(.ARM.Collect$$libinit$$00000019)
    __rt_lib_init_return                     0x0800022f   Thumb Code     0  libinit2.o(.ARM.Collect$$libinit$$00000033)
    __rt_lib_init_signal_1                   0x0800022f   Thumb Code     0  libinit2.o(.ARM.Collect$$libinit$$0000001D)
    __rt_lib_init_stdio_1                    0x0800022f   Thumb Code     0  libinit2.o(.ARM.Collect$$libinit$$00000025)
    __rt_lib_shutdown                        0x08000231   Thumb Code     0  libshutdown.o(.ARM.Collect$$libshutdown$$00000000)
    __rt_lib_shutdown_cpp_1                  0x08000233   Thumb Code     0  libshutdown2.o(.ARM.Collect$$libshutdown$$00000002)
    __rt_lib_shutdown_fp_trap_1              0x08000233   Thumb Code     0  libshutdown2.o(.ARM.Collect$$libshutdown$$00000007)
    __rt_lib_shutdown_heap_1                 0x08000233   Thumb Code     0  libshutdown2.o(.ARM.Collect$$libshutdown$$0000000F)
    __rt_lib_shutdown_return                 0x08000233   Thumb Code     0  libshutdown2.o(.ARM.Collect$$libshutdown$$00000010)
    __rt_lib_shutdown_signal_1               0x08000233   Thumb Code     0  libshutdown2.o(.ARM.Collect$$libshutdown$$0000000A)
    __rt_lib_shutdown_stdio_1                0x08000233   Thumb Code     0  libshutdown2.o(.ARM.Collect$$libshutdown$$00000004)
    __rt_lib_shutdown_user_alloc_1           0x08000233   Thumb Code     0  libshutdown2.o(.ARM.Collect$$libshutdown$$0000000C)
    __rt_entry                               0x08000235   Thumb Code     0  __rtentry.o(.ARM.Collect$$rtentry$$00000000)
    __rt_entry_presh_1                       0x08000235   Thumb Code     0  __rtentry2.o(.ARM.Collect$$rtentry$$00000002)
    __rt_entry_sh                            0x08000235   Thumb Code     0  __rtentry4.o(.ARM.Collect$$rtentry$$00000004)
    __rt_entry_li                            0x0800023b   Thumb Code     0  __rtentry2.o(.ARM.Collect$$rtentry$$0000000A)
    __rt_entry_postsh_1                      0x0800023b   Thumb Code     0  __rtentry2.o(.ARM.Collect$$rtentry$$00000009)
    __rt_entry_main                          0x0800023f   Thumb Code     0  __rtentry2.o(.ARM.Collect$$rtentry$$0000000D)
    __rt_entry_postli_1                      0x0800023f   Thumb Code     0  __rtentry2.o(.ARM.Collect$$rtentry$$0000000C)
    __rt_exit                                0x08000247   Thumb Code     0  rtexit.o(.ARM.Collect$$rtexit$$00000000)
    __rt_exit_ls                             0x08000249   Thumb Code     0  rtexit2.o(.ARM.Collect$$rtexit$$00000003)
    __rt_exit_prels_1                        0x08000249   Thumb Code     0  rtexit2.o(.ARM.Collect$$rtexit$$00000002)
    __rt_exit_exit                           0x0800024d   Thumb Code     0  rtexit2.o(.ARM.Collect$$rtexit$$00000004)
    LED_Init                                 0x08000255   Thumb Code    96  led.o(.text)
    LED_On                                   0x080002b5   Thumb Code    18  led.o(.text)
    LED_Off                                  0x080002c7   Thumb Code    20  led.o(.text)
    LED_Out                                  0x080002db   Thumb Code    38  led.o(.text)
    main                                     0x08000315   Thumb Code    44  adc_leds.o(.text)
    LCD_Initpins                             0x08000345   Thumb Code   282  lcd.o(.text)
    LCD_Eoff                                 0x0800045f   Thumb Code    12  lcd.o(.text)
    LCD_Eon                                  0x0800046b   Thumb Code    10  lcd.o(.text)
    LCD_Clk                                  0x08000475   Thumb Code    18  lcd.o(.text)
    LCD_DataWrite                            0x08000487   Thumb Code     8  lcd.o(.text)
    LCD_DataClear                            0x0800048f   Thumb Code    12  lcd.o(.text)
    LCD_Write                                0x0800049b   Thumb Code    52  lcd.o(.text)
    LCD_RWoff                                0x080004cf   Thumb Code    12  lcd.o(.text)
    LCD_RSoff                                0x080004db   Thumb Code    12  lcd.o(.text)
    LCD_Init                                 0x080004e7   Thumb Code    82  lcd.o(.text)
    LCD_RSon                                 0x08000539   Thumb Code    10  lcd.o(.text)
    LCD_RWon                                 0x08000543   Thumb Code    10  lcd.o(.text)
    LCD_On                                   0x0800054d   Thumb Code    18  lcd.o(.text)
    LCD_Off                                  0x0800055f   Thumb Code    20  lcd.o(.text)
    LCD_DriverOn                             0x08000573   Thumb Code    10  lcd.o(.text)
    LCD_DriverOff                            0x0800057d   Thumb Code    10  lcd.o(.text)
    LCD_cursor_on                            0x08000587   Thumb Code    20  lcd.o(.text)
    LCD_Clear                                0x0800059b   Thumb Code    20  lcd.o(.text)
    LCD_PutChar                              0x080005af   Thumb Code    22  lcd.o(.text)
    LCD_PutS                                 0x080005c5   Thumb Code    32  lcd.o(.text)
    LCD_GotoXY                               0x080005e5   Thumb Code    50  lcd.o(.text)
    SWT_Init                                 0x0800062d   Thumb Code   430  swt.o(.text)
    SWT_Get                                  0x080007db   Thumb Code     6  swt.o(.text)
    SWT_Check                                0x080007e1   Thumb Code    24  swt.o(.text)
    SysTick_Handler                          0x0800082d   Thumb Code    12  setup.o(.text)
    Delay                                    0x08000839   Thumb Code    18  setup.o(.text)
    TIM3I_Init                               0x0800084b   Thumb Code    82  setup.o(.text)
    BTN_Init                                 0x0800089d   Thumb Code    60  setup.o(.text)
    BUZZ_Init                                0x080008d9   Thumb Code    58  setup.o(.text)
    A_Init                                   0x08000913   Thumb Code   118  setup.o(.text)
    ADC1_init                                0x08000989   Thumb Code    92  setup.o(.text)
    Setup                                    0x080009e5   Thumb Code   162  setup.o(.text)
    EXTI9_5_IRQHandler                       0x08000ab5   Thumb Code    68  functions.o(.text)
    EXTI15_10_IRQHandler                     0x08000af9   Thumb Code   172  functions.o(.text)
    read_ADC1                                0x08000ba5   Thumb Code    32  functions.o(.text)
    TIM3_IRQHandler                          0x08000bc5   Thumb Code    34  functions.o(.text)
    ledsON                                   0x08000be7   Thumb Code    24  functions.o(.text)
    BUZZ_Trig                                0x08000bff   Thumb Code    74  functions.o(.text)
    A2_Trig                                  0x08000c49   Thumb Code    34  functions.o(.text)
    A1_Trig                                  0x08000c6b   Thumb Code    34  functions.o(.text)
    A0_Trig                                  0x08000c8d   Thumb Code    34  functions.o(.text)
    BTN_Get                                  0x08000caf   Thumb Code    10  functions.o(.text)
    autoRange                                0x08000cb9   Thumb Code  1040  functions.o(.text)
    voltage                                  0x080010c9   Thumb Code   160  functions.o(.text)
    current                                  0x08001169   Thumb Code   152  functions.o(.text)
    resistance                               0x08001201   Thumb Code    90  functions.o(.text)
    timePeriod_s                             0x0800125b   Thumb Code    18  functions.o(.text)
    freq                                     0x0800126d   Thumb Code    14  functions.o(.text)
    findFreq                                 0x0800127b   Thumb Code   248  functions.o(.text)
    startUpMenu                              0x08001373   Thumb Code   196  functions.o(.text)
    mode                                     0x08001437   Thumb Code  2480  functions.o(.text)
    Reset_Handler                            0x08001dfd   Thumb Code     8  startup_stm32f407xx.o(.text)
    NMI_Handler                              0x08001e05   Thumb Code     2  startup_stm32f407xx.o(.text)
    HardFault_Handler                        0x08001e07   Thumb Code     2  startup_stm32f407xx.o(.text)
    MemManage_Handler                        0x08001e09   Thumb Code     2  startup_stm32f407xx.o(.text)
    BusFault_Handler                         0x08001e0b   Thumb Code     2  startup_stm32f407xx.o(.text)
    UsageFault_Handler                       0x08001e0d   Thumb Code     2  startup_stm32f407xx.o(.text)
    SVC_Handler                              0x08001e0f   Thumb Code     2  startup_stm32f407xx.o(.text)
    DebugMon_Handler                         0x08001e11   Thumb Code     2  startup_stm32f407xx.o(.text)
    PendSV_Handler                           0x08001e13   Thumb Code     2  startup_stm32f407xx.o(.text)
    ADC_IRQHandler                           0x08001e17   Thumb Code     0  startup_stm32f407xx.o(.text)
    CAN1_RX0_IRQHandler                      0x08001e17   Thumb Code     0  startup_stm32f407xx.o(.text)
    CAN1_RX1_IRQHandler                      0x08001e17   Thumb Code     0  startup_stm32f407xx.o(.text)
    CAN1_SCE_IRQHandler                      0x08001e17   Thumb Code     0  startup_stm32f407xx.o(.text)
    CAN1_TX_IRQHandler                       0x08001e17   Thumb Code     0  startup_stm32f407xx.o(.text)
    CAN2_RX0_IRQHandler                      0x08001e17   Thumb Code     0  startup_stm32f407xx.o(.text)
    CAN2_RX1_IRQHandler                      0x08001e17   Thumb Code     0  startup_stm32f407xx.o(.text)
    CAN2_SCE_IRQHandler                      0x08001e17   Thumb Code     0  startup_stm32f407xx.o(.text)
    CAN2_TX_IRQHandler                       0x08001e17   Thumb Code     0  startup_stm32f407xx.o(.text)
    DCMI_IRQHandler                          0x08001e17   Thumb Code     0  startup_stm32f407xx.o(.text)
    DMA1_Stream0_IRQHandler                  0x08001e17   Thumb Code     0  startup_stm32f407xx.o(.text)
    DMA1_Stream1_IRQHandler                  0x08001e17   Thumb Code     0  startup_stm32f407xx.o(.text)
    DMA1_Stream2_IRQHandler                  0x08001e17   Thumb Code     0  startup_stm32f407xx.o(.text)
    DMA1_Stream3_IRQHandler                  0x08001e17   Thumb Code     0  startup_stm32f407xx.o(.text)
    DMA1_Stream4_IRQHandler                  0x08001e17   Thumb Code     0  startup_stm32f407xx.o(.text)
    DMA1_Stream5_IRQHandler                  0x08001e17   Thumb Code     0  startup_stm32f407xx.o(.text)
    DMA1_Stream6_IRQHandler                  0x08001e17   Thumb Code     0  startup_stm32f407xx.o(.text)
    DMA1_Stream7_IRQHandler                  0x08001e17   Thumb Code     0  startup_stm32f407xx.o(.text)
    DMA2_Stream0_IRQHandler                  0x08001e17   Thumb Code     0  startup_stm32f407xx.o(.text)
    DMA2_Stream1_IRQHandler                  0x08001e17   Thumb Code     0  startup_stm32f407xx.o(.text)
    DMA2_Stream2_IRQHandler                  0x08001e17   Thumb Code     0  startup_stm32f407xx.o(.text)
    DMA2_Stream3_IRQHandler                  0x08001e17   Thumb Code     0  startup_stm32f407xx.o(.text)
    DMA2_Stream4_IRQHandler                  0x08001e17   Thumb Code     0  startup_stm32f407xx.o(.text)
    DMA2_Stream5_IRQHandler                  0x08001e17   Thumb Code     0  startup_stm32f407xx.o(.text)
    DMA2_Stream6_IRQHandler                  0x08001e17   Thumb Code     0  startup_stm32f407xx.o(.text)
    DMA2_Stream7_IRQHandler                  0x08001e17   Thumb Code     0  startup_stm32f407xx.o(.text)
    ETH_IRQHandler                           0x08001e17   Thumb Code     0  startup_stm32f407xx.o(.text)
    ETH_WKUP_IRQHandler                      0x08001e17   Thumb Code     0  startup_stm32f407xx.o(.text)
    EXTI0_IRQHandler                         0x08001e17   Thumb Code     0  startup_stm32f407xx.o(.text)
    EXTI1_IRQHandler                         0x08001e17   Thumb Code     0  startup_stm32f407xx.o(.text)
    EXTI2_IRQHandler                         0x08001e17   Thumb Code     0  startup_stm32f407xx.o(.text)
    EXTI3_IRQHandler                         0x08001e17   Thumb Code     0  startup_stm32f407xx.o(.text)
    EXTI4_IRQHandler                         0x08001e17   Thumb Code     0  startup_stm32f407xx.o(.text)
    FLASH_IRQHandler                         0x08001e17   Thumb Code     0  startup_stm32f407xx.o(.text)
    FMC_IRQHandler                           0x08001e17   Thumb Code     0  startup_stm32f407xx.o(.text)
    FPU_IRQHandler                           0x08001e17   Thumb Code     0  startup_stm32f407xx.o(.text)
    HASH_RNG_IRQHandler                      0x08001e17   Thumb Code     0  startup_stm32f407xx.o(.text)
    I2C1_ER_IRQHandler                       0x08001e17   Thumb Code     0  startup_stm32f407xx.o(.text)
    I2C1_EV_IRQHandler                       0x08001e17   Thumb Code     0  startup_stm32f407xx.o(.text)
    I2C2_ER_IRQHandler                       0x08001e17   Thumb Code     0  startup_stm32f407xx.o(.text)
    I2C2_EV_IRQHandler                       0x08001e17   Thumb Code     0  startup_stm32f407xx.o(.text)
    I2C3_ER_IRQHandler                       0x08001e17   Thumb Code     0  startup_stm32f407xx.o(.text)
    I2C3_EV_IRQHandler                       0x08001e17   Thumb Code     0  startup_stm32f407xx.o(.text)
    OTG_FS_IRQHandler                        0x08001e17   Thumb Code     0  startup_stm32f407xx.o(.text)
    OTG_FS_WKUP_IRQHandler                   0x08001e17   Thumb Code     0  startup_stm32f407xx.o(.text)
    OTG_HS_EP1_IN_IRQHandler                 0x08001e17   Thumb Code     0  startup_stm32f407xx.o(.text)
    OTG_HS_EP1_OUT_IRQHandler                0x08001e17   Thumb Code     0  startup_stm32f407xx.o(.text)
    OTG_HS_IRQHandler                        0x08001e17   Thumb Code     0  startup_stm32f407xx.o(.text)
    OTG_HS_WKUP_IRQHandler                   0x08001e17   Thumb Code     0  startup_stm32f407xx.o(.text)
    PVD_IRQHandler                           0x08001e17   Thumb Code     0  startup_stm32f407xx.o(.text)
    RCC_IRQHandler                           0x08001e17   Thumb Code     0  startup_stm32f407xx.o(.text)
    RTC_Alarm_IRQHandler                     0x08001e17   Thumb Code     0  startup_stm32f407xx.o(.text)
    RTC_WKUP_IRQHandler                      0x08001e17   Thumb Code     0  startup_stm32f407xx.o(.text)
    SDIO_IRQHandler                          0x08001e17   Thumb Code     0  startup_stm32f407xx.o(.text)
    SPI1_IRQHandler                          0x08001e17   Thumb Code     0  startup_stm32f407xx.o(.text)
    SPI2_IRQHandler                          0x08001e17   Thumb Code     0  startup_stm32f407xx.o(.text)
    SPI3_IRQHandler                          0x08001e17   Thumb Code     0  startup_stm32f407xx.o(.text)
    TAMP_STAMP_IRQHandler                    0x08001e17   Thumb Code     0  startup_stm32f407xx.o(.text)
    TIM1_BRK_TIM9_IRQHandler                 0x08001e17   Thumb Code     0  startup_stm32f407xx.o(.text)
    TIM1_CC_IRQHandler                       0x08001e17   Thumb Code     0  startup_stm32f407xx.o(.text)
    TIM1_TRG_COM_TIM11_IRQHandler            0x08001e17   Thumb Code     0  startup_stm32f407xx.o(.text)
    TIM1_UP_TIM10_IRQHandler                 0x08001e17   Thumb Code     0  startup_stm32f407xx.o(.text)
    TIM2_IRQHandler                          0x08001e17   Thumb Code     0  startup_stm32f407xx.o(.text)
    TIM4_IRQHandler                          0x08001e17   Thumb Code     0  startup_stm32f407xx.o(.text)
    TIM5_IRQHandler                          0x08001e17   Thumb Code     0  startup_stm32f407xx.o(.text)
    TIM6_DAC_IRQHandler                      0x08001e17   Thumb Code     0  startup_stm32f407xx.o(.text)
    TIM7_IRQHandler                          0x08001e17   Thumb Code     0  startup_stm32f407xx.o(.text)
    TIM8_BRK_TIM12_IRQHandler                0x08001e17   Thumb Code     0  startup_stm32f407xx.o(.text)
    TIM8_CC_IRQHandler                       0x08001e17   Thumb Code     0  startup_stm32f407xx.o(.text)
    TIM8_TRG_COM_TIM14_IRQHandler            0x08001e17   Thumb Code     0  startup_stm32f407xx.o(.text)
    TIM8_UP_TIM13_IRQHandler                 0x08001e17   Thumb Code     0  startup_stm32f407xx.o(.text)
    UART4_IRQHandler                         0x08001e17   Thumb Code     0  startup_stm32f407xx.o(.text)
    UART5_IRQHandler                         0x08001e17   Thumb Code     0  startup_stm32f407xx.o(.text)
    USART1_IRQHandler                        0x08001e17   Thumb Code     0  startup_stm32f407xx.o(.text)
    USART2_IRQHandler                        0x08001e17   Thumb Code     0  startup_stm32f407xx.o(.text)
    USART3_IRQHandler                        0x08001e17   Thumb Code     0  startup_stm32f407xx.o(.text)
    USART6_IRQHandler                        0x08001e17   Thumb Code     0  startup_stm32f407xx.o(.text)
    WWDG_IRQHandler                          0x08001e17   Thumb Code     0  startup_stm32f407xx.o(.text)
    __user_initial_stackheap                 0x08001e19   Thumb Code     0  startup_stm32f407xx.o(.text)
    SystemInit                               0x08001e3d   Thumb Code    82  system_stm32f4xx.o(.text)
    SystemCoreClockUpdate                    0x08001e8f   Thumb Code   174  system_stm32f4xx.o(.text)
    __2sprintf                               0x08001f5d   Thumb Code    34  noretval__2sprintf.o(.text)
    __2snprintf                              0x08001f85   Thumb Code    48  noretval__2snprintf.o(.text)
    _printf_pre_padding                      0x08001fb9   Thumb Code    44  _printf_pad.o(.text)
    _printf_post_padding                     0x08001fe5   Thumb Code    34  _printf_pad.o(.text)
    _printf_str                              0x08002007   Thumb Code    82  _printf_str.o(.text)
    _printf_int_dec                          0x08002059   Thumb Code   104  _printf_dec.o(.text)
    __printf                                 0x080020d1   Thumb Code   270  __printf_wp.o(.text)
    strcpy                                   0x080021df   Thumb Code    72  strcpy.o(.text)
    __aeabi_memclr                           0x08002227   Thumb Code     0  rt_memclr.o(.text)
    __rt_memclr                              0x08002227   Thumb Code    68  rt_memclr.o(.text)
    _memset                                  0x0800222b   Thumb Code     0  rt_memclr.o(.text)
    __use_two_region_memory                  0x0800226b   Thumb Code     2  heapauxi.o(.text)
    __rt_heap_escrow$2region                 0x0800226d   Thumb Code     2  heapauxi.o(.text)
    __rt_heap_expand$2region                 0x0800226f   Thumb Code     2  heapauxi.o(.text)
    __read_errno                             0x08002271   Thumb Code    10  _rserrno.o(.text)
    __set_errno                              0x0800227b   Thumb Code    12  _rserrno.o(.text)
    _printf_int_common                       0x08002287   Thumb Code   178  _printf_intcommon.o(.text)
    __lib_sel_fp_printf                      0x08002339   Thumb Code     2  _printf_fp_dec.o(.text)
    _printf_fp_dec_real                      0x080024e7   Thumb Code   620  _printf_fp_dec.o(.text)
    _printf_char_common                      0x0800275f   Thumb Code    32  _printf_char_common.o(.text)
    _sputc                                   0x08002785   Thumb Code    10  _sputc.o(.text)
    _snputc                                  0x0800278f   Thumb Code    16  _snputc.o(.text)
    _printf_cs_common                        0x0800279f   Thumb Code    20  _printf_char.o(.text)
    _printf_char                             0x080027b3   Thumb Code    16  _printf_char.o(.text)
    _printf_string                           0x080027c3   Thumb Code     8  _printf_char.o(.text)
    __aeabi_memclr4                          0x080027cb   Thumb Code     0  rt_memclr_w.o(.text)
    __aeabi_memclr8                          0x080027cb   Thumb Code     0  rt_memclr_w.o(.text)
    __rt_memclr_w                            0x080027cb   Thumb Code    78  rt_memclr_w.o(.text)
    _memset_w                                0x080027cf   Thumb Code     0  rt_memclr_w.o(.text)
    __rt_locale                              0x08002819   Thumb Code     8  rt_locale_intlibspace.o(.text)
    __aeabi_errno_addr                       0x08002821   Thumb Code     8  rt_errno_addr_intlibspace.o(.text)
    __errno$intlibspace                      0x08002821   Thumb Code     0  rt_errno_addr_intlibspace.o(.text)
    __rt_errno_addr$intlibspace              0x08002821   Thumb Code     0  rt_errno_addr_intlibspace.o(.text)
    _ll_udiv10                               0x08002829   Thumb Code   138  lludiv10.o(.text)
    _printf_fp_infnan                        0x080028b5   Thumb Code   112  _printf_fp_infnan.o(.text)
    _btod_etento                             0x08002935   Thumb Code   216  bigflt0.o(.text)
    __user_libspace                          0x08002a11   Thumb Code     8  libspace.o(.text)
    __user_perproc_libspace                  0x08002a11   Thumb Code     0  libspace.o(.text)
    __user_perthread_libspace                0x08002a11   Thumb Code     0  libspace.o(.text)
    __user_setup_stackheap                   0x08002a19   Thumb Code    74  sys_stackheap_outer.o(.text)
    exit                                     0x08002a63   Thumb Code    18  exit.o(.text)
    strcmp                                   0x08002a75   Thumb Code   128  strcmpv7m.o(.text)
    _sys_exit                                0x08002af5   Thumb Code     8  sys_exit.o(.text)
    __I$use$semihosting                      0x08002b01   Thumb Code     0  use_no_semi.o(.text)
    __use_no_semihosting_swi                 0x08002b01   Thumb Code     2  use_no_semi.o(.text)
    __semihosting_library_function           0x08002b03   Thumb Code     0  indicate_semi.o(.text)
    _btod_d2e                                0x08002b03   Thumb Code    62  btod.o(CL$$btod_d2e)
    _d2e_denorm_low                          0x08002b41   Thumb Code    70  btod.o(CL$$btod_d2e_denorm_low)
    _d2e_norm_op1                            0x08002b87   Thumb Code    96  btod.o(CL$$btod_d2e_norm_op1)
    __btod_div_common                        0x08002be7   Thumb Code   696  btod.o(CL$$btod_div_common)
    _e2e                                     0x08002f1f   Thumb Code   198  btod.o(CL$$btod_e2e)
    _btod_ediv                               0x08002fe5   Thumb Code    40  btod.o(CL$$btod_ediv)
    _btod_emul                               0x0800300d   Thumb Code    40  btod.o(CL$$btod_emul)
    __btod_mult_common                       0x08003035   Thumb Code   580  btod.o(CL$$btod_mult_common)
    __ARM_fpclassify                         0x08003279   Thumb Code    48  fpclassify.o(i.__ARM_fpclassify)
    __hardfp_log                             0x080032a9   Thumb Code   872  log.o(i.__hardfp_log)
    __hardfp_log10                           0x08003671   Thumb Code   260  log10.o(i.__hardfp_log10)
    __hardfp_pow                             0x080037a1   Thumb Code  3072  pow.o(i.__hardfp_pow)
    __kernel_poly                            0x080043f1   Thumb Code   248  poly.o(i.__kernel_poly)
    __mathlib_dbl_divzero                    0x080044e9   Thumb Code    28  dunder.o(i.__mathlib_dbl_divzero)
    __mathlib_dbl_infnan                     0x08004519   Thumb Code    20  dunder.o(i.__mathlib_dbl_infnan)
    __mathlib_dbl_infnan2                    0x0800452d   Thumb Code    20  dunder.o(i.__mathlib_dbl_infnan2)
    __mathlib_dbl_invalid                    0x08004541   Thumb Code    24  dunder.o(i.__mathlib_dbl_invalid)
    __mathlib_dbl_overflow                   0x08004561   Thumb Code    24  dunder.o(i.__mathlib_dbl_overflow)
    __mathlib_dbl_underflow                  0x08004581   Thumb Code    24  dunder.o(i.__mathlib_dbl_underflow)
    _is_digit                                0x080045a1   Thumb Code    14  __printf_wp.o(i._is_digit)
    fabs                                     0x080045af   Thumb Code    24  fabs.o(i.fabs)
    log                                      0x080045c7   Thumb Code    16  log.o(i.log)
    sqrt                                     0x080045d7   Thumb Code   110  sqrt.o(i.sqrt)
    _get_lc_numeric                          0x08004645   Thumb Code    44  lc_numeric_c.o(locale$$code)
    __aeabi_dneg                             0x08004671   Thumb Code     0  basic.o(x$fpl$basic)
    _dneg                                    0x08004671   Thumb Code     6  basic.o(x$fpl$basic)
    __aeabi_fneg                             0x08004677   Thumb Code     0  basic.o(x$fpl$basic)
    _fneg                                    0x08004677   Thumb Code     6  basic.o(x$fpl$basic)
    _dabs                                    0x0800467d   Thumb Code     6  basic.o(x$fpl$basic)
    _fabs                                    0x08004683   Thumb Code     6  basic.o(x$fpl$basic)
    __aeabi_d2f                              0x08004689   Thumb Code     0  d2f.o(x$fpl$d2f)
    _d2f                                     0x08004689   Thumb Code    98  d2f.o(x$fpl$d2f)
    __aeabi_dadd                             0x080046ed   Thumb Code     0  daddsub_clz.o(x$fpl$dadd)
    _dadd                                    0x080046ed   Thumb Code   332  daddsub_clz.o(x$fpl$dadd)
    __fpl_dcheck_NaN1                        0x0800483d   Thumb Code    10  dcheck1.o(x$fpl$dcheck1)
    __fpl_dcmp_Inf                           0x0800484d   Thumb Code    24  dcmpi.o(x$fpl$dcmpinf)
    __aeabi_ddiv                             0x08004865   Thumb Code     0  ddiv.o(x$fpl$ddiv)
    _ddiv                                    0x08004865   Thumb Code   552  ddiv.o(x$fpl$ddiv)
    __aeabi_cdcmpeq                          0x08004b15   Thumb Code     0  deqf.o(x$fpl$deqf)
    _dcmpeq                                  0x08004b15   Thumb Code   120  deqf.o(x$fpl$deqf)
    __aeabi_i2d                              0x08004b8d   Thumb Code     0  dflt_clz.o(x$fpl$dflt)
    _dflt                                    0x08004b8d   Thumb Code    46  dflt_clz.o(x$fpl$dflt)
    __aeabi_cdcmple                          0x08004bbd   Thumb Code     0  dleqf.o(x$fpl$dleqf)
    _dcmple                                  0x08004bbd   Thumb Code   120  dleqf.o(x$fpl$dleqf)
    __fpl_dcmple_InfNaN                      0x08004c1f   Thumb Code     0  dleqf.o(x$fpl$dleqf)
    __aeabi_dmul                             0x08004c35   Thumb Code     0  dmul.o(x$fpl$dmul)
    _dmul                                    0x08004c35   Thumb Code   332  dmul.o(x$fpl$dmul)
    __fpl_dnaninf                            0x08004d89   Thumb Code   156  dnaninf.o(x$fpl$dnaninf)
    __fpl_dretinf                            0x08004e25   Thumb Code    12  dretinf.o(x$fpl$dretinf)
    __aeabi_cdrcmple                         0x08004e31   Thumb Code     0  drleqf.o(x$fpl$drleqf)
    _drcmple                                 0x08004e31   Thumb Code   108  drleqf.o(x$fpl$drleqf)
    __aeabi_drsub                            0x08004e9d   Thumb Code     0  daddsub_clz.o(x$fpl$drsb)
    _drsb                                    0x08004e9d   Thumb Code    22  daddsub_clz.o(x$fpl$drsb)
    _dsqrt                                   0x08004eb5   Thumb Code   404  dsqrt_umaal.o(x$fpl$dsqrt)
    __aeabi_dsub                             0x0800504d   Thumb Code     0  daddsub_clz.o(x$fpl$dsub)
    _dsub                                    0x0800504d   Thumb Code   464  daddsub_clz.o(x$fpl$dsub)
    __aeabi_f2d                              0x08005221   Thumb Code     0  f2d.o(x$fpl$f2d)
    _f2d                                     0x08005221   Thumb Code    86  f2d.o(x$fpl$f2d)
    __fpl_fnaninf                            0x08005277   Thumb Code   140  fnaninf.o(x$fpl$fnaninf)
    _fp_init                                 0x08005303   Thumb Code    10  fpinit.o(x$fpl$fpinit)
    __fplib_config_fpu_vfp                   0x0800530b   Thumb Code     0  fpinit.o(x$fpl$fpinit)
    __fplib_config_pureend_doubles           0x0800530b   Thumb Code     0  fpinit.o(x$fpl$fpinit)
    __fpl_fretinf                            0x0800530d   Thumb Code    10  fretinf.o(x$fpl$fretinf)
    _printf_fp_dec                           0x08005317   Thumb Code     4  printf1.o(x$fpl$printf1)
    __fpl_return_NaN                         0x0800531b   Thumb Code   100  retnan.o(x$fpl$retnan)
    __ARM_scalbn                             0x0800537f   Thumb Code    92  scalbn.o(x$fpl$scalbn)
    __fpl_cmpreturn                          0x080053db   Thumb Code    48  trapv.o(x$fpl$trapveneer)
    __I$use$fp                               0x0800540a   Number         0  usenofp.o(x$fpl$usenofp)
    led_mask                                 0x0800540c   Data          16  led.o(.constdata)
    lcd_mask                                 0x0800541c   Data          32  lcd.o(.constdata)
    lcd_RS                                   0x0800543c   Data           4  lcd.o(.constdata)
    lcd_RdnWr                                0x08005440   Data           4  lcd.o(.constdata)
    lcd_E                                    0x08005444   Data           4  lcd.o(.constdata)
    SWT_mask                                 0x08005448   Data          32  swt.o(.constdata)
    AHBPrescTable                            0x08005468   Data          16  system_stm32f4xx.o(.constdata)
    APBPrescTable                            0x08005478   Data           8  system_stm32f4xx.o(.constdata)
    __mathlib_zero                           0x08005540   Data           8  qnan.o(.constdata)
    Region$$Table$$Base                      0x080055dc   Number         0  anon$$obj.o(Region$$Table)
    Region$$Table$$Limit                     0x080055fc   Number         0  anon$$obj.o(Region$$Table)
    msTicks                                  0x20000000   Data           4  setup.o(.data)
    muxState                                 0x20000004   Data           4  setup.o(.data)
    buttonPressed                            0x20000008   Data           4  setup.o(.data)
    adcValue                                 0x2000000c   Data           4  setup.o(.data)
    SystemCoreClock                          0x20000010   Data           4  system_stm32f4xx.o(.data)
    __libspace_start                         0x20000014   Data          96  libspace.o(.bss)
    __temporary_stack_top$libspace           0x20000074   Data           0  libspace.o(.bss)



==============================================================================

Memory Map of the image

  Image Entry point : 0x08000189

  Load Region LR_IROM1 (Base: 0x08000000, Size: 0x0000562c, Max: 0x00100000, ABSOLUTE)

    Execution Region ER_IROM1 (Base: 0x08000000, Size: 0x00005618, Max: 0x00100000, ABSOLUTE)

    Base Addr    Size         Type   Attr      Idx    E Section Name        Object

    0x08000000   0x00000188   Data   RO          224    RESET               startup_stm32f407xx.o
    0x08000188   0x00000008   Code   RO          312  * !!!main             c_w.l(__main.o)
    0x08000190   0x00000034   Code   RO          664    !!!scatter          c_w.l(__scatter.o)
    0x080001c4   0x0000001a   Code   RO          666    !!handler_copy      c_w.l(__scatter_copy.o)
    0x080001de   0x00000002   PAD
    0x080001e0   0x0000001c   Code   RO          668    !!handler_zi        c_w.l(__scatter_zi.o)
    0x080001fc   0x00000000   Code   RO          305    .ARM.Collect$$_printf_percent$$00000000  c_w.l(_printf_percent.o)
    0x080001fc   0x00000006   Code   RO          304    .ARM.Collect$$_printf_percent$$00000003  c_w.l(_printf_f.o)
    0x08000202   0x00000006   Code   RO          303    .ARM.Collect$$_printf_percent$$00000008  c_w.l(_printf_i.o)
    0x08000208   0x00000006   Code   RO          301    .ARM.Collect$$_printf_percent$$00000013  c_w.l(_printf_c.o)
    0x0800020e   0x00000006   Code   RO          302    .ARM.Collect$$_printf_percent$$00000014  c_w.l(_printf_s.o)
    0x08000214   0x00000004   Code   RO          363    .ARM.Collect$$_printf_percent$$00000017  c_w.l(_printf_percent_end.o)
    0x08000218   0x00000002   Code   RO          531    .ARM.Collect$$libinit$$00000000  c_w.l(libinit.o)
    0x0800021a   0x00000004   Code   RO          532    .ARM.Collect$$libinit$$00000001  c_w.l(libinit2.o)
    0x0800021e   0x00000000   Code   RO          535    .ARM.Collect$$libinit$$00000004  c_w.l(libinit2.o)
    0x0800021e   0x00000000   Code   RO          538    .ARM.Collect$$libinit$$0000000A  c_w.l(libinit2.o)
    0x0800021e   0x00000000   Code   RO          540    .ARM.Collect$$libinit$$0000000C  c_w.l(libinit2.o)
    0x0800021e   0x00000000   Code   RO          542    .ARM.Collect$$libinit$$0000000E  c_w.l(libinit2.o)
    0x0800021e   0x00000006   Code   RO          543    .ARM.Collect$$libinit$$0000000F  c_w.l(libinit2.o)
    0x08000224   0x00000000   Code   RO          545    .ARM.Collect$$libinit$$00000011  c_w.l(libinit2.o)
    0x08000224   0x00000000   Code   RO          547    .ARM.Collect$$libinit$$00000013  c_w.l(libinit2.o)
    0x08000224   0x00000000   Code   RO          549    .ARM.Collect$$libinit$$00000015  c_w.l(libinit2.o)
    0x08000224   0x0000000a   Code   RO          550    .ARM.Collect$$libinit$$00000016  c_w.l(libinit2.o)
    0x0800022e   0x00000000   Code   RO          551    .ARM.Collect$$libinit$$00000017  c_w.l(libinit2.o)
    0x0800022e   0x00000000   Code   RO          553    .ARM.Collect$$libinit$$00000019  c_w.l(libinit2.o)
    0x0800022e   0x00000000   Code   RO          555    .ARM.Collect$$libinit$$0000001B  c_w.l(libinit2.o)
    0x0800022e   0x00000000   Code   RO          557    .ARM.Collect$$libinit$$0000001D  c_w.l(libinit2.o)
    0x0800022e   0x00000000   Code   RO          559    .ARM.Collect$$libinit$$0000001F  c_w.l(libinit2.o)
    0x0800022e   0x00000000   Code   RO          561    .ARM.Collect$$libinit$$00000021  c_w.l(libinit2.o)
    0x0800022e   0x00000000   Code   RO          563    .ARM.Collect$$libinit$$00000023  c_w.l(libinit2.o)
    0x0800022e   0x00000000   Code   RO          565    .ARM.Collect$$libinit$$00000025  c_w.l(libinit2.o)
    0x0800022e   0x00000000   Code   RO          569    .ARM.Collect$$libinit$$0000002C  c_w.l(libinit2.o)
    0x0800022e   0x00000000   Code   RO          571    .ARM.Collect$$libinit$$0000002E  c_w.l(libinit2.o)
    0x0800022e   0x00000000   Code   RO          573    .ARM.Collect$$libinit$$00000030  c_w.l(libinit2.o)
    0x0800022e   0x00000000   Code   RO          575    .ARM.Collect$$libinit$$00000032  c_w.l(libinit2.o)
    0x0800022e   0x00000002   Code   RO          576    .ARM.Collect$$libinit$$00000033  c_w.l(libinit2.o)
    0x08000230   0x00000002   Code   RO          612    .ARM.Collect$$libshutdown$$00000000  c_w.l(libshutdown.o)
    0x08000232   0x00000000   Code   RO          623    .ARM.Collect$$libshutdown$$00000002  c_w.l(libshutdown2.o)
    0x08000232   0x00000000   Code   RO          625    .ARM.Collect$$libshutdown$$00000004  c_w.l(libshutdown2.o)
    0x08000232   0x00000000   Code   RO          628    .ARM.Collect$$libshutdown$$00000007  c_w.l(libshutdown2.o)
    0x08000232   0x00000000   Code   RO          631    .ARM.Collect$$libshutdown$$0000000A  c_w.l(libshutdown2.o)
    0x08000232   0x00000000   Code   RO          633    .ARM.Collect$$libshutdown$$0000000C  c_w.l(libshutdown2.o)
    0x08000232   0x00000000   Code   RO          636    .ARM.Collect$$libshutdown$$0000000F  c_w.l(libshutdown2.o)
    0x08000232   0x00000002   Code   RO          637    .ARM.Collect$$libshutdown$$00000010  c_w.l(libshutdown2.o)
    0x08000234   0x00000000   Code   RO          348    .ARM.Collect$$rtentry$$00000000  c_w.l(__rtentry.o)
    0x08000234   0x00000000   Code   RO          449    .ARM.Collect$$rtentry$$00000002  c_w.l(__rtentry2.o)
    0x08000234   0x00000006   Code   RO          461    .ARM.Collect$$rtentry$$00000004  c_w.l(__rtentry4.o)
    0x0800023a   0x00000000   Code   RO          451    .ARM.Collect$$rtentry$$00000009  c_w.l(__rtentry2.o)
    0x0800023a   0x00000004   Code   RO          452    .ARM.Collect$$rtentry$$0000000A  c_w.l(__rtentry2.o)
    0x0800023e   0x00000000   Code   RO          454    .ARM.Collect$$rtentry$$0000000C  c_w.l(__rtentry2.o)
    0x0800023e   0x00000008   Code   RO          455    .ARM.Collect$$rtentry$$0000000D  c_w.l(__rtentry2.o)
    0x08000246   0x00000002   Code   RO          581    .ARM.Collect$$rtexit$$00000000  c_w.l(rtexit.o)
    0x08000248   0x00000000   Code   RO          590    .ARM.Collect$$rtexit$$00000002  c_w.l(rtexit2.o)
    0x08000248   0x00000004   Code   RO          591    .ARM.Collect$$rtexit$$00000003  c_w.l(rtexit2.o)
    0x0800024c   0x00000006   Code   RO          592    .ARM.Collect$$rtexit$$00000004  c_w.l(rtexit2.o)
    0x08000252   0x00000002   PAD
    0x08000254   0x000000c0   Code   RO            4    .text               led.o
    0x08000314   0x00000030   Code   RO           60    .text               adc_leds.o
    0x08000344   0x000002e8   Code   RO          108    .text               lcd.o
    0x0800062c   0x00000200   Code   RO          135    .text               swt.o
    0x0800082c   0x00000288   Code   RO          166    .text               setup.o
    0x08000ab4   0x00001348   Code   RO          201    .text               functions.o
    0x08001dfc   0x00000040   Code   RO          225    .text               startup_stm32f407xx.o
    0x08001e3c   0x00000120   Code   RO          232    .text               system_stm32f4xx.o
    0x08001f5c   0x00000028   Code   RO          269    .text               c_w.l(noretval__2sprintf.o)
    0x08001f84   0x00000034   Code   RO          271    .text               c_w.l(noretval__2snprintf.o)
    0x08001fb8   0x0000004e   Code   RO          275    .text               c_w.l(_printf_pad.o)
    0x08002006   0x00000052   Code   RO          277    .text               c_w.l(_printf_str.o)
    0x08002058   0x00000078   Code   RO          279    .text               c_w.l(_printf_dec.o)
    0x080020d0   0x0000010e   Code   RO          289    .text               c_w.l(__printf_wp.o)
    0x080021de   0x00000048   Code   RO          306    .text               c_w.l(strcpy.o)
    0x08002226   0x00000044   Code   RO          308    .text               c_w.l(rt_memclr.o)
    0x0800226a   0x00000006   Code   RO          310    .text               c_w.l(heapauxi.o)
    0x08002270   0x00000016   Code   RO          349    .text               c_w.l(_rserrno.o)
    0x08002286   0x000000b2   Code   RO          351    .text               c_w.l(_printf_intcommon.o)
    0x08002338   0x0000041a   Code   RO          353    .text               c_w.l(_printf_fp_dec.o)
    0x08002752   0x00000002   PAD
    0x08002754   0x00000030   Code   RO          355    .text               c_w.l(_printf_char_common.o)
    0x08002784   0x0000000a   Code   RO          357    .text               c_w.l(_sputc.o)
    0x0800278e   0x00000010   Code   RO          359    .text               c_w.l(_snputc.o)
    0x0800279e   0x0000002c   Code   RO          361    .text               c_w.l(_printf_char.o)
    0x080027ca   0x0000004e   Code   RO          364    .text               c_w.l(rt_memclr_w.o)
    0x08002818   0x00000008   Code   RO          466    .text               c_w.l(rt_locale_intlibspace.o)
    0x08002820   0x00000008   Code   RO          471    .text               c_w.l(rt_errno_addr_intlibspace.o)
    0x08002828   0x0000008a   Code   RO          473    .text               c_w.l(lludiv10.o)
    0x080028b2   0x00000002   PAD
    0x080028b4   0x00000080   Code   RO          475    .text               c_w.l(_printf_fp_infnan.o)
    0x08002934   0x000000dc   Code   RO          479    .text               c_w.l(bigflt0.o)
    0x08002a10   0x00000008   Code   RO          517    .text               c_w.l(libspace.o)
    0x08002a18   0x0000004a   Code   RO          520    .text               c_w.l(sys_stackheap_outer.o)
    0x08002a62   0x00000012   Code   RO          522    .text               c_w.l(exit.o)
    0x08002a74   0x00000080   Code   RO          524    .text               c_w.l(strcmpv7m.o)
    0x08002af4   0x0000000c   Code   RO          602    .text               c_w.l(sys_exit.o)
    0x08002b00   0x00000002   Code   RO          613    .text               c_w.l(use_no_semi.o)
    0x08002b02   0x00000000   Code   RO          615    .text               c_w.l(indicate_semi.o)
    0x08002b02   0x0000003e   Code   RO          482    CL$$btod_d2e        c_w.l(btod.o)
    0x08002b40   0x00000046   Code   RO          484    CL$$btod_d2e_denorm_low  c_w.l(btod.o)
    0x08002b86   0x00000060   Code   RO          483    CL$$btod_d2e_norm_op1  c_w.l(btod.o)
    0x08002be6   0x00000338   Code   RO          492    CL$$btod_div_common  c_w.l(btod.o)
    0x08002f1e   0x000000c6   Code   RO          489    CL$$btod_e2e        c_w.l(btod.o)
    0x08002fe4   0x00000028   Code   RO          486    CL$$btod_ediv       c_w.l(btod.o)
    0x0800300c   0x00000028   Code   RO          485    CL$$btod_emul       c_w.l(btod.o)
    0x08003034   0x00000244   Code   RO          491    CL$$btod_mult_common  c_w.l(btod.o)
    0x08003278   0x00000030   Code   RO          417    i.__ARM_fpclassify  m_wm.l(fpclassify.o)
    0x080032a8   0x000003c4   Code   RO          419    i.__hardfp_log      m_wm.l(log.o)
    0x0800366c   0x00000004   PAD
    0x08003670   0x00000130   Code   RO          322    i.__hardfp_log10    m_wm.l(log10.o)
    0x080037a0   0x00000c50   Code   RO          334    i.__hardfp_pow      m_wm.l(pow.o)
    0x080043f0   0x000000f8   Code   RO          433    i.__kernel_poly     m_wm.l(poly.o)
    0x080044e8   0x00000030   Code   RO          397    i.__mathlib_dbl_divzero  m_wm.l(dunder.o)
    0x08004518   0x00000014   Code   RO          398    i.__mathlib_dbl_infnan  m_wm.l(dunder.o)
    0x0800452c   0x00000014   Code   RO          399    i.__mathlib_dbl_infnan2  m_wm.l(dunder.o)
    0x08004540   0x00000020   Code   RO          400    i.__mathlib_dbl_invalid  m_wm.l(dunder.o)
    0x08004560   0x00000020   Code   RO          401    i.__mathlib_dbl_overflow  m_wm.l(dunder.o)
    0x08004580   0x00000020   Code   RO          403    i.__mathlib_dbl_underflow  m_wm.l(dunder.o)
    0x080045a0   0x0000000e   Code   RO          291    i._is_digit         c_w.l(__printf_wp.o)
    0x080045ae   0x00000018   Code   RO          413    i.fabs              m_wm.l(fabs.o)
    0x080045c6   0x00000010   Code   RO          421    i.log               m_wm.l(log.o)
    0x080045d6   0x0000006e   Code   RO          438    i.sqrt              m_wm.l(sqrt.o)
    0x08004644   0x0000002c   Code   RO          505    locale$$code        c_w.l(lc_numeric_c.o)
    0x08004670   0x00000018   Code   RO          366    x$fpl$basic         fz_wm.l(basic.o)
    0x08004688   0x00000062   Code   RO          314    x$fpl$d2f           fz_wm.l(d2f.o)
    0x080046ea   0x00000002   PAD
    0x080046ec   0x00000150   Code   RO          368    x$fpl$dadd          fz_wm.l(daddsub_clz.o)
    0x0800483c   0x00000010   Code   RO          507    x$fpl$dcheck1       fz_wm.l(dcheck1.o)
    0x0800484c   0x00000018   Code   RO          577    x$fpl$dcmpinf       fz_wm.l(dcmpi.o)
    0x08004864   0x000002b0   Code   RO          375    x$fpl$ddiv          fz_wm.l(ddiv.o)
    0x08004b14   0x00000078   Code   RO          509    x$fpl$deqf          fz_wm.l(deqf.o)
    0x08004b8c   0x0000002e   Code   RO          379    x$fpl$dflt          fz_wm.l(dflt_clz.o)
    0x08004bba   0x00000002   PAD
    0x08004bbc   0x00000078   Code   RO          511    x$fpl$dleqf         fz_wm.l(dleqf.o)
    0x08004c34   0x00000154   Code   RO          316    x$fpl$dmul          fz_wm.l(dmul.o)
    0x08004d88   0x0000009c   Code   RO          384    x$fpl$dnaninf       fz_wm.l(dnaninf.o)
    0x08004e24   0x0000000c   Code   RO          386    x$fpl$dretinf       fz_wm.l(dretinf.o)
    0x08004e30   0x0000006c   Code   RO          388    x$fpl$drleqf        fz_wm.l(drleqf.o)
    0x08004e9c   0x00000016   Code   RO          369    x$fpl$drsb          fz_wm.l(daddsub_clz.o)
    0x08004eb2   0x00000002   PAD
    0x08004eb4   0x00000198   Code   RO          513    x$fpl$dsqrt         fz_wm.l(dsqrt_umaal.o)
    0x0800504c   0x000001d4   Code   RO          370    x$fpl$dsub          fz_wm.l(daddsub_clz.o)
    0x08005220   0x00000056   Code   RO          318    x$fpl$f2d           fz_wm.l(f2d.o)
    0x08005276   0x0000008c   Code   RO          390    x$fpl$fnaninf       fz_wm.l(fnaninf.o)
    0x08005302   0x0000000a   Code   RO          585    x$fpl$fpinit        fz_wm.l(fpinit.o)
    0x0800530c   0x0000000a   Code   RO          392    x$fpl$fretinf       fz_wm.l(fretinf.o)
    0x08005316   0x00000004   Code   RO          320    x$fpl$printf1       fz_wm.l(printf1.o)
    0x0800531a   0x00000064   Code   RO          579    x$fpl$retnan        fz_wm.l(retnan.o)
    0x0800537e   0x0000005c   Code   RO          394    x$fpl$scalbn        fz_wm.l(scalbn.o)
    0x080053da   0x00000030   Code   RO          587    x$fpl$trapveneer    fz_wm.l(trapv.o)
    0x0800540a   0x00000000   Code   RO          396    x$fpl$usenofp       fz_wm.l(usenofp.o)
    0x0800540a   0x00000002   PAD
    0x0800540c   0x00000010   Data   RO            5    .constdata          led.o
    0x0800541c   0x0000002c   Data   RO          109    .constdata          lcd.o
    0x08005448   0x00000020   Data   RO          136    .constdata          swt.o
    0x08005468   0x00000018   Data   RO          233    .constdata          system_stm32f4xx.o
    0x08005480   0x00000088   Data   RO          337    .constdata          m_wm.l(pow.o)
    0x08005508   0x00000038   Data   RO          422    .constdata          m_wm.l(log.o)
    0x08005540   0x00000008   Data   RO          435    .constdata          m_wm.l(qnan.o)
    0x08005548   0x00000094   Data   RO          480    .constdata          c_w.l(bigflt0.o)
    0x080055dc   0x00000020   Data   RO          662    Region$$Table       anon$$obj.o
    0x080055fc   0x0000001c   Data   RO          504    locale$$data        c_w.l(lc_numeric_c.o)


    Execution Region RW_IRAM1 (Base: 0x20000000, Size: 0x00000678, Max: 0x00020000, ABSOLUTE)

    Base Addr    Size         Type   Attr      Idx    E Section Name        Object

    0x20000000   0x00000010   Data   RW          168    .data               setup.o
    0x20000010   0x00000004   Data   RW          234    .data               system_stm32f4xx.o
    0x20000014   0x00000060   Zero   RW          518    .bss                c_w.l(libspace.o)
    0x20000074   0x00000004   PAD
    0x20000078   0x00000200   Zero   RW          223    HEAP                startup_stm32f407xx.o
    0x20000278   0x00000400   Zero   RW          222    STACK               startup_stm32f407xx.o


==============================================================================

Image component sizes


      Code (inc. data)   RO Data    RW Data    ZI Data      Debug   Object Name

        48          4          0          0          0        619   adc_leds.o
      4936        680          0          0          0       7006   functions.o
       744         22         44          0          0       4017   lcd.o
       192         20         16          0          0     557289   led.o
       648         46          0         16          0      32161   setup.o
        64         26        392          0       1536        868   startup_stm32f407xx.o
       512         26         32          0          0      31543   swt.o
       288         32         24          4          0       1745   system_stm32f4xx.o

    ----------------------------------------------------------------------
      7432        856        540         20       1536     635248   Object Totals
         0          0         32          0          0          0   (incl. Generated)
         0          0          0          0          0          0   (incl. Padding)

    ----------------------------------------------------------------------

      Code (inc. data)   RO Data    RW Data    ZI Data      Debug   Library Member Name

         8          0          0          0          0         68   __main.o
       284          0          0          0          0        156   __printf_wp.o
         0          0          0          0          0          0   __rtentry.o
        12          0          0          0          0          0   __rtentry2.o
         6          0          0          0          0          0   __rtentry4.o
        52          8          0          0          0          0   __scatter.o
        26          0          0          0          0          0   __scatter_copy.o
        28          0          0          0          0          0   __scatter_zi.o
         6          0          0          0          0          0   _printf_c.o
        44          0          0          0          0        108   _printf_char.o
        48          6          0          0          0         96   _printf_char_common.o
       120         16          0          0          0         92   _printf_dec.o
         6          0          0          0          0          0   _printf_f.o
      1050          0          0          0          0        216   _printf_fp_dec.o
       128         16          0          0          0         84   _printf_fp_infnan.o
         6          0          0          0          0          0   _printf_i.o
       178          0          0          0          0         88   _printf_intcommon.o
        78          0          0          0          0        108   _printf_pad.o
         0          0          0          0          0          0   _printf_percent.o
         4          0          0          0          0          0   _printf_percent_end.o
         6          0          0          0          0          0   _printf_s.o
        82          0          0          0          0         80   _printf_str.o
        22          0          0          0          0        100   _rserrno.o
        16          0          0          0          0         68   _snputc.o
        10          0          0          0          0         68   _sputc.o
       220          4        148          0          0         96   bigflt0.o
      1910        128          0          0          0        672   btod.o
        18          0          0          0          0         80   exit.o
         6          0          0          0          0        152   heapauxi.o
         0          0          0          0          0          0   indicate_semi.o
        44         10         28          0          0         76   lc_numeric_c.o
         2          0          0          0          0          0   libinit.o
        22          0          0          0          0          0   libinit2.o
         2          0          0          0          0          0   libshutdown.o
         2          0          0          0          0          0   libshutdown2.o
         8          4          0          0         96         68   libspace.o
       138          0          0          0          0         80   lludiv10.o
        52          4          0          0          0         84   noretval__2snprintf.o
        40          6          0          0          0         84   noretval__2sprintf.o
         8          4          0          0          0         68   rt_errno_addr_intlibspace.o
         8          4          0          0          0         68   rt_locale_intlibspace.o
        68          0          0          0          0         68   rt_memclr.o
        78          0          0          0          0         80   rt_memclr_w.o
         2          0          0          0          0          0   rtexit.o
        10          0          0          0          0          0   rtexit2.o
       128          0          0          0          0         68   strcmpv7m.o
        72          0          0          0          0         80   strcpy.o
        12          4          0          0          0         68   sys_exit.o
        74          0          0          0          0         80   sys_stackheap_outer.o
         2          0          0          0          0         68   use_no_semi.o
        24          0          0          0          0        164   basic.o
        98          4          0          0          0        140   d2f.o
       826         16          0          0          0        492   daddsub_clz.o
        16          4          0          0          0        116   dcheck1.o
        24          0          0          0          0        116   dcmpi.o
       688        140          0          0          0        256   ddiv.o
       120          4          0          0          0        140   deqf.o
        46          0          0          0          0        116   dflt_clz.o
       120          4          0          0          0        140   dleqf.o
       340         12          0          0          0        152   dmul.o
       156          4          0          0          0        140   dnaninf.o
        12          0          0          0          0        116   dretinf.o
       108          0          0          0          0        128   drleqf.o
       408         56          0          0          0        168   dsqrt_umaal.o
        86          4          0          0          0        132   f2d.o
       140          4          0          0          0        132   fnaninf.o
        10          0          0          0          0        116   fpinit.o
        10          0          0          0          0        116   fretinf.o
         4          0          0          0          0        116   printf1.o
       100          0          0          0          0        116   retnan.o
        92          0          0          0          0        116   scalbn.o
        48          0          0          0          0        116   trapv.o
         0          0          0          0          0          0   usenofp.o
       184         44          0          0          0        744   dunder.o
        24          0          0          0          0        124   fabs.o
        48          0          0          0          0        124   fpclassify.o
       980         92         56          0          0        440   log.o
       304         44          0          0          0        200   log10.o
       248          0          0          0          0        152   poly.o
      3152        296        136          0          0        352   pow.o
         0          0          8          0          0          0   qnan.o
       110          0          0          0          0        148   sqrt.o

    ----------------------------------------------------------------------
     13692        946        376          0        100       9000   Library Totals
        20          4          0          0          4          0   (incl. Padding)

    ----------------------------------------------------------------------

      Code (inc. data)   RO Data    RW Data    ZI Data      Debug   Library Name

      5146        214        176          0         96       3372   c_w.l
      3476        252          0          0          0       3344   fz_wm.l
      5050        476        200          0          0       2284   m_wm.l

    ----------------------------------------------------------------------
     13692        946        376          0        100       9000   Library Totals

    ----------------------------------------------------------------------

==============================================================================


      Code (inc. data)   RO Data    RW Data    ZI Data      Debug   

     21124       1802        916         20       1636     637276   Grand Totals
     21124       1802        916         20       1636     637276   ELF Image Totals
     21124       1802        916         20          0          0   ROM Totals

==============================================================================

    Total RO  Size (Code + RO Data)                22040 (  21.52kB)
    Total RW  Size (RW Data + ZI Data)              1656 (   1.62kB)
    Total ROM Size (Code + RO Data + RW Data)      22060 (  21.54kB)

==============================================================================

