<html>
<body>
<pre>
<h1>µVision Build Log</h1>
<h2>Tool Versions:</h2>
IDE-Version: µVision V5.23.0.0
Copyright (C) 2017 ARM Ltd and ARM Germany GmbH. All rights reserved.
License Information: Support The Flex license: MDK-ARM Professional: 100 user(s) (mdk_pro) Operation stops: 13 Mar 2019
 
Tool Versions:
Toolchain:       MDK-ARM Professional: 100 user(s)  Version: 5.23
Toolchain Path:  C:\KEIL_V5\ARM\ARMCC\Bin
C Compiler:      Armcc.exe V5.06 update 4 (build 422)
Assembler:       Armasm.exe V5.06 update 4 (build 422)
Linker/Locator:  ArmLink.exe V5.06 update 4 (build 422)
Library Manager: ArmAr.exe V5.06 update 4 (build 422)
Hex Converter:   FromElf.exe V5.06 update 4 (build 422)
CPU DLL:         SARMCM3.DLL V5.23
Dialog DLL:      DCM.DLL V1.15.0.0
Target DLL:      STLink\ST-LINKIII-KEIL_SWO.dll V2.0.18.0
Dialog DLL:      TCM.DLL V1.27.0.0
 
<h2>Project:</h2>
\\userfs\do575\w2k\DesCon\DL with clear\ADC_LEDs\ADC_LEDs.uvprojx
Project File Date:  04/26/2018

<h2>Output:</h2>
*** Using Compiler 'V5.06 update 4 (build 422)', folder: 'C:\KEIL_V5\ARM\ARMCC\Bin'
Rebuild target 'STM32F407 FLASH'
compiling LED.c...
compiling ADC_LEDs.c...
EEPROM.h(8): warning:  #1-D: last line of file ends without a newline
  #endif
ADC_LEDs.c(23): warning:  #177-D: variable "logFilled"  was declared but never referenced
  	int logFilled = 0;
ADC_LEDs.c(24): warning:  #177-D: variable "logIndex"  was declared but never referenced
  	int logIndex = 0;
ADC_LEDs.c: 3 warnings, 0 errors
compiling LCD.c...
compiling Setup.c...
compiling SWT.c...
compiling Functions.c...
assembling startup_stm32f407xx.s...
compiling EEPROM.c...
EEPROM.c(9): warning:  #175-D: subscript out of range
  	
PIOA->AFR[2] |= 0x00000004; // select AF4 (I2C) for PA8 -> I2C3 
EEPROM.c(10): warning:  #175-D: subscript out of range
  	
PIOC->AFR[2] |= 0x00000040; // select AF4 (I2C) for PC9 -> I2C3 
EEPROM.c(56): warning:  #1-D: last line of file ends without a newline
  } 
EEPROM.c: 3 warnings, 0 errors
compiling system_stm32f4xx.c...
linking...
Program Size: Code=11716 RO-data=716 RW-data=20 ZI-data=1636  
".\ADC_LEDs.axf" - 0 Error(s), 6 Warning(s).

<h2>Software Packages used:</h2>

Package Vendor: ARM
                http://www.keil.com/pack/ARM.CMSIS.5.3.0.pack
                ARM::CMSIS:CORE:5.1.1
                CMSIS (Cortex Microcontroller Software Interface Standard)
   * Component: CORE Version: 5.1.1

Package Vendor: Keil
                http://www.keil.com/pack/Keil.STM32F4xx_DFP.2.13.0.pack
                Keil::Device:Startup:2.6.2
                STMicroelectronics STM32F4 Series Device Support, Drivers and Examples
   * Component: Startup Version: 2.6.2

<h2>Collection of Component include folders:</h2>
  .\RTE\_STM32F407_FLASH
  C:\KEIL_V5\ARM\PACK\ARM\CMSIS\5.3.0\CMSIS\Include
  C:\KEIL_V5\ARM\PACK\Keil\STM32F4xx_DFP\2.13.0\Drivers\CMSIS\Device\ST\STM32F4xx\Include

<h2>Collection of Component Files used:</h2>

   * Component: ARM::CMSIS:CORE:5.1.1

   * Component: Keil::Device:Startup:2.6.2
      Source file:   MDK\Device\Source\ARM\STM32F4xx_OTP.s
      Include file:  Drivers\CMSIS\Device\ST\STM32F4xx\Include\stm32f4xx.h
      Source file:   MDK\Device\Source\ARM\STM32F40xxx_41xxx_OPT.s
      Source file:   Drivers\CMSIS\Device\ST\STM32F4xx\Source\Templates\arm\startup_stm32f407xx.s
      Source file:   Drivers\CMSIS\Device\ST\STM32F4xx\Source\Templates\system_stm32f4xx.c
Build Time Elapsed:  00:00:06
</pre>
</body>
</html>
