Component: ARM Compiler 5.06 update 4 (build 422) Tool: armlink [4d35d2]

==============================================================================

Section Cross References

    led.o(.text) refers to led.o(.constdata) for led_mask
    adc_leds.o(.text) refers to _printf_percent.o(.ARM.Collect$$_printf_percent$$00000000) for _printf_percent
    adc_leds.o(.text) refers to _printf_s.o(.ARM.Collect$$_printf_percent$$00000014) for _printf_s
    adc_leds.o(.text) refers to _printf_str.o(.text) for _printf_str
    adc_leds.o(.text) refers to _printf_c.o(.ARM.Collect$$_printf_percent$$00000013) for _printf_c
    adc_leds.o(.text) refers to _printf_f.o(.ARM.Collect$$_printf_percent$$00000003) for _printf_f
    adc_leds.o(.text) refers to printf1.o(x$fpl$printf1) for _printf_fp_dec
    adc_leds.o(.text) refers to f2d.o(x$fpl$f2d) for __aeabi_f2d
    adc_leds.o(.text) refers to ddiv.o(x$fpl$ddiv) for __aeabi_ddiv
    adc_leds.o(.text) refers to dmul.o(x$fpl$dmul) for __aeabi_dmul
    adc_leds.o(.text) refers to d2f.o(x$fpl$d2f) for __aeabi_d2f
    adc_leds.o(.text) refers to system_stm32f4xx.o(.text) for SystemCoreClockUpdate
    adc_leds.o(.text) refers to led.o(.text) for LED_Init
    adc_leds.o(.text) refers to swt.o(.text) for SWT_Init
    adc_leds.o(.text) refers to lcd.o(.text) for LCD_Initpins
    adc_leds.o(.text) refers to dflt_clz.o(x$fpl$dfltu) for __aeabi_ui2d
    adc_leds.o(.text) refers to log2.o(i.__hardfp_log2) for __hardfp_log2
    adc_leds.o(.text) refers to dfix.o(x$fpl$dfix) for __aeabi_d2iz
    adc_leds.o(.text) refers to noretval__2sprintf.o(.text) for __2sprintf
    adc_leds.o(.text) refers to adc_leds.o(.data) for msTicks
    adc_leds.o(.text) refers to system_stm32f4xx.o(.data) for SystemCoreClock
    lcd.o(.text) refers to adc_leds.o(.text) for Delay
    lcd.o(.text) refers to lcd.o(.constdata) for lcd_mask
    swt.o(.text) refers to swt.o(.constdata) for SWT_mask
    startup_stm32f407xx.o(STACK) refers (Special) to heapauxi.o(.text) for __use_two_region_memory
    startup_stm32f407xx.o(HEAP) refers (Special) to heapauxi.o(.text) for __use_two_region_memory
    startup_stm32f407xx.o(RESET) refers (Special) to heapauxi.o(.text) for __use_two_region_memory
    startup_stm32f407xx.o(RESET) refers to startup_stm32f407xx.o(STACK) for __initial_sp
    startup_stm32f407xx.o(RESET) refers to startup_stm32f407xx.o(.text) for Reset_Handler
    startup_stm32f407xx.o(RESET) refers to adc_leds.o(.text) for SysTick_Handler
    startup_stm32f407xx.o(.text) refers (Special) to heapauxi.o(.text) for __use_two_region_memory
    startup_stm32f407xx.o(.text) refers to system_stm32f4xx.o(.text) for SystemInit
    startup_stm32f407xx.o(.text) refers to __main.o(!!!main) for __main
    startup_stm32f407xx.o(.text) refers to startup_stm32f407xx.o(HEAP) for Heap_Mem
    startup_stm32f407xx.o(.text) refers to startup_stm32f407xx.o(STACK) for Stack_Mem
    system_stm32f4xx.o(.text) refers to system_stm32f4xx.o(.data) for SystemCoreClock
    system_stm32f4xx.o(.text) refers to system_stm32f4xx.o(.constdata) for AHBPrescTable
    __2sprintf.o(.text) refers to _printf_char_common.o(.text) for _printf_char_common
    __2sprintf.o(.text) refers to _sputc.o(.text) for _sputc
    noretval__2sprintf.o(.text) refers to _printf_char_common.o(.text) for _printf_char_common
    noretval__2sprintf.o(.text) refers to _sputc.o(.text) for _sputc
    __printf.o(.text) refers to _printf_percent.o(.ARM.Collect$$_printf_percent$$00000000) for _printf_percent
    _printf_str.o(.text) refers (Special) to _printf_char.o(.text) for _printf_cs_common
    __printf_flags.o(.text) refers to _printf_percent.o(.ARM.Collect$$_printf_percent$$00000000) for _printf_percent
    __printf_flags.o(.text) refers to __printf_flags.o(.constdata) for .constdata
    __printf_ss.o(.text) refers to _printf_percent.o(.ARM.Collect$$_printf_percent$$00000000) for _printf_percent
    __printf_flags_ss.o(.text) refers to _printf_percent.o(.ARM.Collect$$_printf_percent$$00000000) for _printf_percent
    __printf_flags_ss.o(.text) refers to __printf_flags_ss.o(.constdata) for .constdata
    __printf_wp.o(.text) refers to __printf_wp.o(i._is_digit) for _is_digit
    __printf_wp.o(.text) refers to _printf_percent.o(.ARM.Collect$$_printf_percent$$00000000) for _printf_percent
    __printf_flags_wp.o(.text) refers to __printf_wp.o(i._is_digit) for _is_digit
    __printf_flags_wp.o(.text) refers to _printf_percent.o(.ARM.Collect$$_printf_percent$$00000000) for _printf_percent
    __printf_flags_wp.o(.text) refers to __printf_flags_wp.o(.constdata) for .constdata
    __printf_ss_wp.o(.text) refers to __printf_wp.o(i._is_digit) for _is_digit
    __printf_ss_wp.o(.text) refers to _printf_percent.o(.ARM.Collect$$_printf_percent$$00000000) for _printf_percent
    __printf_flags_ss_wp.o(.text) refers to __printf_wp.o(i._is_digit) for _is_digit
    __printf_flags_ss_wp.o(.text) refers to _printf_percent.o(.ARM.Collect$$_printf_percent$$00000000) for _printf_percent
[...]
    libinit.o(.ARM.Collect$$libinit$$00000000) refers (Special) to libinit2.o(.ARM.Collect$$libinit$$0000000A) for __rt_lib_init_heap_1
    libinit.o(.ARM.Collect$$libinit$$00000000) refers (Special) to libinit2.o(.ARM.Collect$$libinit$$00000011) for __rt_lib_init_lc_collate_1
    libinit.o(.ARM.Collect$$libinit$$00000000) refers (Special) to libinit2.o(.ARM.Collect$$libinit$$00000013) for __rt_lib_init_lc_ctype_1
    libinit.o(.ARM.Collect$$libinit$$00000000) refers (Special) to libinit2.o(.ARM.Collect$$libinit$$00000015) for __rt_lib_init_lc_monetary_1
    libinit.o(.ARM.Collect$$libinit$$00000000) refers (Special) to libinit2.o(.ARM.Collect$$libinit$$00000017) for __rt_lib_init_lc_numeric_1
    libinit.o(.ARM.Collect$$libinit$$00000000) refers (Special) to libinit2.o(.ARM.Collect$$libinit$$00000019) for __rt_lib_init_lc_time_1
    libinit.o(.ARM.Collect$$libinit$$00000000) refers (Special) to libinit2.o(.ARM.Collect$$libinit$$00000004) for __rt_lib_init_preinit_1
    libinit.o(.ARM.Collect$$libinit$$00000000) refers (Special) to libinit2.o(.ARM.Collect$$libinit$$0000000E) for __rt_lib_init_rand_1
    libinit.o(.ARM.Collect$$libinit$$00000000) refers (Special) to libinit2.o(.ARM.Collect$$libinit$$00000033) for __rt_lib_init_return
    libinit.o(.ARM.Collect$$libinit$$00000000) refers (Special) to libinit2.o(.ARM.Collect$$libinit$$0000001D) for __rt_lib_init_signal_1
    libinit.o(.ARM.Collect$$libinit$$00000000) refers (Special) to libinit2.o(.ARM.Collect$$libinit$$00000025) for __rt_lib_init_stdio_1
    libinit.o(.ARM.Collect$$libinit$$00000000) refers (Special) to libinit2.o(.ARM.Collect$$libinit$$0000000C) for __rt_lib_init_user_alloc_1
    libinit2.o(.ARM.Collect$$libinit$$00000001) refers to fpinit.o(x$fpl$fpinit) for _fp_init
    libinit2.o(.ARM.Collect$$libinit$$0000000F) refers (Weak) to rt_locale_intlibspace.o(.text) for __rt_locale
    libinit2.o(.ARM.Collect$$libinit$$00000010) refers to libinit2.o(.ARM.Collect$$libinit$$0000000F) for .ARM.Collect$$libinit$$0000000F
    libinit2.o(.ARM.Collect$$libinit$$00000012) refers to libinit2.o(.ARM.Collect$$libinit$$0000000F) for .ARM.Collect$$libinit$$0000000F
    libinit2.o(.ARM.Collect$$libinit$$00000014) refers to libinit2.o(.ARM.Collect$$libinit$$0000000F) for .ARM.Collect$$libinit$$0000000F
    libinit2.o(.ARM.Collect$$libinit$$00000016) refers to libinit2.o(.ARM.Collect$$libinit$$0000000F) for .ARM.Collect$$libinit$$0000000F
    libinit2.o(.ARM.Collect$$libinit$$00000016) refers (Weak) to lc_numeric_c.o(locale$$code) for _get_lc_numeric
    libinit2.o(.ARM.Collect$$libinit$$00000018) refers to libinit2.o(.ARM.Collect$$libinit$$0000000F) for .ARM.Collect$$libinit$$0000000F
    libinit2.o(.ARM.Collect$$libinit$$00000026) refers to argv_veneer.o(.emb_text) for __ARM_argv_veneer
    libinit2.o(.ARM.Collect$$libinit$$00000027) refers to argv_veneer.o(.emb_text) for __ARM_argv_veneer
    rtexit.o(.ARM.Collect$$rtexit$$00000000) refers (Special) to rtexit2.o(.ARM.Collect$$rtexit$$00000004) for __rt_exit_exit
    rtexit.o(.ARM.Collect$$rtexit$$00000000) refers (Special) to rtexit2.o(.ARM.Collect$$rtexit$$00000003) for __rt_exit_ls
    rtexit.o(.ARM.Collect$$rtexit$$00000000) refers (Special) to rtexit2.o(.ARM.Collect$$rtexit$$00000002) for __rt_exit_prels_1
    rtexit.o(.ARM.exidx) refers (Special) to rtexit2.o(.ARM.Collect$$rtexit$$00000004) for __rt_exit_exit
    rtexit.o(.ARM.exidx) refers (Special) to rtexit2.o(.ARM.Collect$$rtexit$$00000003) for __rt_exit_ls
    rtexit.o(.ARM.exidx) refers (Special) to rtexit2.o(.ARM.Collect$$rtexit$$00000002) for __rt_exit_prels_1
    rtexit.o(.ARM.exidx) refers to rtexit.o(.ARM.Collect$$rtexit$$00000000) for .ARM.Collect$$rtexit$$00000000
    argv_veneer.o(.emb_text) refers to no_argv.o(.text) for __ARM_get_argv
    rtexit2.o(.ARM.Collect$$rtexit$$00000003) refers to libshutdown.o(.ARM.Collect$$libshutdown$$00000000) for __rt_lib_shutdown
    rtexit2.o(.ARM.Collect$$rtexit$$00000004) refers to sys_exit.o(.text) for _sys_exit
    rtexit2.o(.ARM.exidx) refers to rtexit2.o(.ARM.Collect$$rtexit$$00000001) for .ARM.Collect$$rtexit$$00000001
    rtexit2.o(.ARM.exidx) refers to rtexit2.o(.ARM.Collect$$rtexit$$00000003) for .ARM.Collect$$rtexit$$00000003
    rtexit2.o(.ARM.exidx) refers to rtexit2.o(.ARM.Collect$$rtexit$$00000004) for .ARM.Collect$$rtexit$$00000004
    _get_argv_nomalloc.o(.text) refers (Special) to hrguard.o(.text) for __heap_region$guard
    _get_argv_nomalloc.o(.text) refers to defsig_rtmem_outer.o(.text) for __rt_SIGRTMEM
    _get_argv_nomalloc.o(.text) refers to sys_command.o(.text) for _sys_command_string
    sys_command.o(.text) refers (Special) to use_no_semi.o(.text) for __I$use$semihosting
    sys_command.o(.text) refers (Special) to indicate_semi.o(.text) for __semihosting_library_function
    sys_exit.o(.text) refers (Special) to use_no_semi.o(.text) for __I$use$semihosting
    sys_exit.o(.text) refers (Special) to indicate_semi.o(.text) for __semihosting_library_function
    defsig_rtmem_outer.o(.text) refers to defsig_rtmem_inner.o(.text) for __rt_SIGRTMEM_inner
    defsig_rtmem_outer.o(.text) refers to defsig_exit.o(.text) for __sig_exit
    defsig_rtmem_formal.o(.text) refers to rt_raise.o(.text) for __rt_raise
    libshutdown.o(.ARM.Collect$$libshutdown$$00000000) refers (Special) to libshutdown2.o(.ARM.Collect$$libshutdown$$00000002) for __rt_lib_shutdown_cpp_1
    libshutdown.o(.ARM.Collect$$libshutdown$$00000000) refers (Special) to libshutdown2.o(.ARM.Collect$$libshutdown$$00000007) for __rt_lib_shutdown_fp_trap_1
    libshutdown.o(.ARM.Collect$$libshutdown$$00000000) refers (Special) to libshutdown2.o(.ARM.Collect$$libshutdown$$0000000F) for __rt_lib_shutdown_heap_1
    libshutdown.o(.ARM.Collect$$libshutdown$$00000000) refers (Special) to libshutdown2.o(.ARM.Collect$$libshutdown$$00000010) for __rt_lib_shutdown_return
    libshutdown.o(.ARM.Collect$$libshutdown$$00000000) refers (Special) to libshutdown2.o(.ARM.Collect$$libshutdown$$0000000A) for __rt_lib_shutdown_signal_1
    libshutdown.o(.ARM.Collect$$libshutdown$$00000000) refers (Special) to libshutdown2.o(.ARM.Collect$$libshutdown$$00000004) for __rt_lib_shutdown_stdio_1
    libshutdown.o(.ARM.Collect$$libshutdown$$00000000) refers (Special) to libshutdown2.o(.ARM.Collect$$libshutdown$$0000000C) for __rt_lib_shutdown_user_alloc_1
    rt_raise.o(.text) refers to __raise.o(.text) for __raise
    rt_raise.o(.text) refers to sys_exit.o(.text) for _sys_exit
    defsig_exit.o(.text) refers to sys_exit.o(.text) for _sys_exit
    defsig_rtmem_inner.o(.text) refers to defsig_general.o(.text) for __default_signal_display
    __raise.o(.text) refers to defsig.o(CL$$defsig) for __default_signal_handler
    defsig_general.o(.text) refers to sys_wrch.o(.text) for _ttywrch
    sys_wrch.o(.text) refers (Special) to use_no_semi.o(.text) for __I$use$semihosting
    sys_wrch.o(.text) refers (Special) to indicate_semi.o(.text) for __semihosting_library_function
    defsig.o(CL$$defsig) refers to defsig_rtmem_inner.o(.text) for __rt_SIGRTMEM_inner
    defsig_abrt_inner.o(.text) refers to defsig_general.o(.text) for __default_signal_display
    defsig_fpe_inner.o(.text) refers to defsig_general.o(.text) for __default_signal_display
    defsig_rtred_inner.o(.text) refers to defsig_general.o(.text) for __default_signal_display
    defsig_stak_inner.o(.text) refers to defsig_general.o(.text) for __default_signal_display
    defsig_pvfn_inner.o(.text) refers to defsig_general.o(.text) for __default_signal_display
    defsig_cppl_inner.o(.text) refers to defsig_general.o(.text) for __default_signal_display
    defsig_segv_inner.o(.text) refers to defsig_general.o(.text) for __default_signal_display
    defsig_other.o(.text) refers to defsig_general.o(.text) for __default_signal_display


==============================================================================

Removing Unused input sections from the image.

    Removing led.o(.rev16_text), (4 bytes).
    Removing led.o(.revsh_text), (4 bytes).
    Removing led.o(.rrx_text), (6 bytes).
    Removing adc_leds.o(.rev16_text), (4 bytes).
    Removing adc_leds.o(.revsh_text), (4 bytes).
    Removing adc_leds.o(.rrx_text), (6 bytes).
    Removing lcd.o(.rev16_text), (4 bytes).
    Removing lcd.o(.revsh_text), (4 bytes).
    Removing lcd.o(.rrx_text), (6 bytes).
    Removing swt.o(.rev16_text), (4 bytes).
    Removing swt.o(.revsh_text), (4 bytes).
    Removing swt.o(.rrx_text), (6 bytes).
    Removing system_stm32f4xx.o(.rev16_text), (4 bytes).
    Removing system_stm32f4xx.o(.revsh_text), (4 bytes).
    Removing system_stm32f4xx.o(.rrx_text), (6 bytes).

15 unused section(s) (total 70 bytes) removed from the image.

==============================================================================

Image Symbol Table

    Local Symbols

    Symbol Name                              Value     Ov Type        Size  Object(Section)

    ../clib/angel/boardlib.s                 0x00000000   Number         0  boardinit1.o ABSOLUTE
    ../clib/angel/boardlib.s                 0x00000000   Number         0  boardinit2.o ABSOLUTE
    ../clib/angel/boardlib.s                 0x00000000   Number         0  boardinit3.o ABSOLUTE
    ../clib/angel/boardlib.s                 0x00000000   Number         0  boardshut.o ABSOLUTE
    ../clib/angel/handlers.s                 0x00000000   Number         0  __scatter_zi.o ABSOLUTE
    ../clib/angel/handlers.s                 0x00000000   Number         0  __scatter_copy.o ABSOLUTE
    ../clib/angel/kernel.s                   0x00000000   Number         0  __rtentry4.o ABSOLUTE
    ../clib/angel/kernel.s                   0x00000000   Number         0  rtexit.o ABSOLUTE
    ../clib/angel/kernel.s                   0x00000000   Number         0  __rtentry2.o ABSOLUTE
    ../clib/angel/kernel.s                   0x00000000   Number         0  __rtentry.o ABSOLUTE
    ../clib/angel/kernel.s                   0x00000000   Number         0  rtexit2.o ABSOLUTE
    ../clib/angel/rt.s                       0x00000000   Number         0  rt_locale.o ABSOLUTE
    ../clib/angel/rt.s                       0x00000000   Number         0  rt_errno_addr_intlibspace.o ABSOLUTE
    ../clib/angel/rt.s                       0x00000000   Number         0  rt_errno_addr.o ABSOLUTE
    ../clib/angel/rt.s                       0x00000000   Number         0  rt_locale_intlibspace.o ABSOLUTE
    ../clib/angel/rt.s                       0x00000000   Number         0  rt_raise.o ABSOLUTE
    ../clib/angel/scatter.s                  0x00000000   Number         0  __scatter.o ABSOLUTE
    ../clib/angel/startup.s                  0x00000000   Number         0  __main.o ABSOLUTE
    ../clib/angel/sys.s                      0x00000000   Number         0  libspace.o ABSOLUTE
    ../clib/angel/sys.s                      0x00000000   Number         0  sys_stackheap_outer.o ABSOLUTE
    ../clib/angel/sys.s                      0x00000000   Number         0  use_no_semi.o ABSOLUTE
    ../clib/angel/sys.s                      0x00000000   Number         0  indicate_semi.o ABSOLUTE
    ../clib/angel/sysapp.c                   0x00000000   Number         0  sys_command.o ABSOLUTE
    ../clib/angel/sysapp.c                   0x00000000   Number         0  sys_exit.o ABSOLUTE
    ../clib/angel/sysapp.c                   0x00000000   Number         0  sys_wrch.o ABSOLUTE
    ../clib/armsys.c                         0x00000000   Number         0  argv_veneer.o ABSOLUTE
    ../clib/armsys.c                         0x00000000   Number         0  argv_veneer.o ABSOLUTE
    ../clib/armsys.c                         0x00000000   Number         0  no_argv.o ABSOLUTE
    ../clib/armsys.c                         0x00000000   Number         0  _get_argv_nomalloc.o ABSOLUTE
    ../clib/bigflt.c                         0x00000000   Number         0  bigflt0.o ABSOLUTE
    ../clib/btod.s                           0x00000000   Number         0  btod.o ABSOLUTE
    ../clib/fenv.c                           0x00000000   Number         0  _rserrno.o ABSOLUTE
    ../clib/heapalloc.c                      0x00000000   Number         0  hrguard.o ABSOLUTE
    ../clib/heapaux.c                        0x00000000   Number         0  heapauxi.o ABSOLUTE
    ../clib/libinit.s                        0x00000000   Number         0  libinit2.o ABSOLUTE
    ../clib/libinit.s                        0x00000000   Number         0  libshutdown2.o ABSOLUTE
    ../clib/libinit.s                        0x00000000   Number         0  libshutdown.o ABSOLUTE
    ../clib/libinit.s                        0x00000000   Number         0  libinit.o ABSOLUTE
    ../clib/locale.s                         0x00000000   Number         0  lc_numeric_c.o ABSOLUTE
    ../clib/longlong.s                       0x00000000   Number         0  lludiv10.o ABSOLUTE
    ../clib/memcpset.s                       0x00000000   Number         0  strcmpv7m.o ABSOLUTE
    ../clib/misc.s                           0x00000000   Number         0  printf_stubs.o ABSOLUTE
    ../clib/printf.c                         0x00000000   Number         0  _sputc.o ABSOLUTE
    ../clib/printf.c                         0x00000000   Number         0  _printf_char_common.o ABSOLUTE
    ../clib/printf.c                         0x00000000   Number         0  __printf.o ABSOLUTE
    ../clib/printf.c                         0x00000000   Number         0  __printf_flags.o ABSOLUTE
    ../clib/printf.c                         0x00000000   Number         0  __printf_ss.o ABSOLUTE
    ../clib/printf.c                         0x00000000   Number         0  _printf_str.o ABSOLUTE
    ../clib/printf.c                         0x00000000   Number         0  __2sprintf.o ABSOLUTE
    ../clib/printf.c                         0x00000000   Number         0  noretval__2sprintf.o ABSOLUTE
    ../clib/printf.c                         0x00000000   Number         0  __printf_flags_ss.o ABSOLUTE
    ../clib/printf.c                         0x00000000   Number         0  __printf_wp.o ABSOLUTE
    ../clib/printf.c                         0x00000000   Number         0  __printf_flags_wp.o ABSOLUTE
    ../clib/printf.c                         0x00000000   Number         0  _printf_fp_dec.o ABSOLUTE
    ../clib/printf.c                         0x00000000   Number         0  __printf_nopercent.o ABSOLUTE
    ../clib/printf.c                         0x00000000   Number         0  _printf_fp_infnan.o ABSOLUTE
    ../clib/printf.c                         0x00000000   Number         0  __printf_ss_wp.o ABSOLUTE
    ../clib/printf.c                         0x00000000   Number         0  _printf_char.o ABSOLUTE
    ../clib/printf.c                         0x00000000   Number         0  __printf_flags_ss_wp.o ABSOLUTE
    ../clib/printf_percent.s                 0x00000000   Number         0  _printf_percent_end.o ABSOLUTE
    ../clib/printf_percent.s                 0x00000000   Number         0  _printf_s.o ABSOLUTE
    ../clib/printf_percent.s                 0x00000000   Number         0  _printf_f.o ABSOLUTE
    ../clib/printf_percent.s                 0x00000000   Number         0  _printf_c.o ABSOLUTE
    ../clib/printf_percent.s                 0x00000000   Number         0  _printf_percent.o ABSOLUTE
    ../clib/signal.c                         0x00000000   Number         0  defsig_pvfn_inner.o ABSOLUTE
    ../clib/signal.c                         0x00000000   Number         0  defsig_exit.o ABSOLUTE
    ../clib/signal.c                         0x00000000   Number         0  defsig_stak_inner.o ABSOLUTE
    ../clib/signal.c                         0x00000000   Number         0  defsig_cppl_inner.o ABSOLUTE
    ../clib/signal.c                         0x00000000   Number         0  defsig_rtmem_formal.o ABSOLUTE
    ../clib/signal.c                         0x00000000   Number         0  defsig_rtred_inner.o ABSOLUTE
    ../clib/signal.c                         0x00000000   Number         0  defsig_fpe_inner.o ABSOLUTE
    ../clib/signal.c                         0x00000000   Number         0  defsig_abrt_inner.o ABSOLUTE
    ../clib/signal.c                         0x00000000   Number         0  defsig_rtmem_outer.o ABSOLUTE
    ../clib/signal.c                         0x00000000   Number         0  defsig_segv_inner.o ABSOLUTE
    ../clib/signal.c                         0x00000000   Number         0  defsig_general.o ABSOLUTE
    ../clib/signal.c                         0x00000000   Number         0  __raise.o ABSOLUTE
    ../clib/signal.c                         0x00000000   Number         0  defsig_other.o ABSOLUTE
    ../clib/signal.c                         0x00000000   Number         0  defsig_rtmem_inner.o ABSOLUTE
    ../clib/signal.s                         0x00000000   Number         0  defsig.o ABSOLUTE
    ../clib/stdlib.c                         0x00000000   Number         0  exit.o ABSOLUTE
    ../fplib/basic.s                         0x00000000   Number         0  basic.o ABSOLUTE
    ../fplib/d2f.s                           0x00000000   Number         0  d2f.o ABSOLUTE
    ../fplib/daddsub.s                       0x00000000   Number         0  daddsub_clz.o ABSOLUTE
    ../fplib/dcmpi.s                         0x00000000   Number         0  dcmpi.o ABSOLUTE
    ../fplib/ddiv.s                          0x00000000   Number         0  ddiv.o ABSOLUTE
    ../fplib/deqf.s                          0x00000000   Number         0  deqf.o ABSOLUTE
    ../fplib/dfix.s                          0x00000000   Number         0  dfix.o ABSOLUTE
    ../fplib/dflt.s                          0x00000000   Number         0  dflt_clz.o ABSOLUTE
    ../fplib/dleqf.s                         0x00000000   Number         0  dleqf.o ABSOLUTE
    ../fplib/dmul.s                          0x00000000   Number         0  dmul.o ABSOLUTE
    ../fplib/dnaninf.s                       0x00000000   Number         0  dnaninf.o ABSOLUTE
    ../fplib/dretinf.s                       0x00000000   Number         0  dretinf.o ABSOLUTE
    ../fplib/f2d.s                           0x00000000   Number         0  f2d.o ABSOLUTE
    ../fplib/fnaninf.s                       0x00000000   Number         0  fnaninf.o ABSOLUTE
    ../fplib/fpinit.s                        0x00000000   Number         0  fpinit.o ABSOLUTE
    ../fplib/fretinf.s                       0x00000000   Number         0  fretinf.o ABSOLUTE
    ../fplib/istatus.s                       0x00000000   Number         0  istatus.o ABSOLUTE
    ../fplib/printf1.s                       0x00000000   Number         0  printf1.o ABSOLUTE
    ../fplib/usenofp.s                       0x00000000   Number         0  usenofp.o ABSOLUTE
    ../mathlib/dunder.c                      0x00000000   Number         0  dunder.o ABSOLUTE
    ../mathlib/fpclassify.c                  0x00000000   Number         0  fpclassify.o ABSOLUTE
    ../mathlib/frexp.c                       0x00000000   Number         0  frexp.o ABSOLUTE
    ../mathlib/log.c                         0x00000000   Number         0  log.o ABSOLUTE
    ../mathlib/log.c                         0x00000000   Number         0  log_x.o ABSOLUTE
    ../mathlib/log2.c                        0x00000000   Number         0  log2_x.o ABSOLUTE
    ../mathlib/log2.c                        0x00000000   Number         0  log2.o ABSOLUTE
    ../mathlib/poly.c                        0x00000000   Number         0  poly.o ABSOLUTE
    ../mathlib/qnan.c                        0x00000000   Number         0  qnan.o ABSOLUTE
    ..\..\Display\LCD.c                      0x00000000   Number         0  lcd.o ABSOLUTE
    ..\..\Switches\SWT.c                     0x00000000   Number         0  swt.o ABSOLUTE
    ..\\..\\Display\\LCD.c                   0x00000000   Number         0  lcd.o ABSOLUTE
    ..\\..\\Switches\\SWT.c                  0x00000000   Number         0  swt.o ABSOLUTE
    ADC_LEDs.c                               0x00000000   Number         0  adc_leds.o ABSOLUTE
    ADC_LEDs.c                               0x00000000   Number         0  adc_leds.o ABSOLUTE
    LED.c                                    0x00000000   Number         0  led.o ABSOLUTE
    LED.c                                    0x00000000   Number         0  led.o ABSOLUTE
    RTE\Device\STM32F407VG\startup_stm32f407xx.s 0x00000000   Number         0  startup_stm32f407xx.o ABSOLUTE
    RTE\Device\STM32F407VG\system_stm32f4xx.c 0x00000000   Number         0  system_stm32f4xx.o ABSOLUTE
    RTE\\Device\\STM32F407VG\\system_stm32f4xx.c 0x00000000   Number         0  system_stm32f4xx.o ABSOLUTE
    dc.s                                     0x00000000   Number         0  dc.o ABSOLUTE
    RESET                                    0x08000000   Section      392  startup_stm32f407xx.o(RESET)
    !!!main                                  0x08000188   Section        8  __main.o(!!!main)
    !!!scatter                               0x08000190   Section       52  __scatter.o(!!!scatter)
    !!handler_copy                           0x080001c4   Section       26  __scatter_copy.o(!!handler_copy)
    !!handler_zi                             0x080001e0   Section       28  __scatter_zi.o(!!handler_zi)
    .ARM.Collect$$_printf_percent$$00000000  0x080001fc   Section        0  _printf_percent.o(.ARM.Collect$$_printf_percent$$00000000)
    .ARM.Collect$$_printf_percent$$00000003  0x080001fc   Section        6  _printf_f.o(.ARM.Collect$$_printf_percent$$00000003)
    .ARM.Collect$$_printf_percent$$00000013  0x08000202   Section        6  _printf_c.o(.ARM.Collect$$_printf_percent$$00000013)
    .ARM.Collect$$_printf_percent$$00000014  0x08000208   Section        6  _printf_s.o(.ARM.Collect$$_printf_percent$$00000014)
    .ARM.Collect$$_printf_percent$$00000017  0x0800020e   Section        4  _printf_percent_end.o(.ARM.Collect$$_printf_percent$$00000017)
    .ARM.Collect$$libinit$$00000000          0x08000212   Section        2  libinit.o(.ARM.Collect$$libinit$$00000000)
    .ARM.Collect$$libinit$$00000001          0x08000214   Section        4  libinit2.o(.ARM.Collect$$libinit$$00000001)
    .ARM.Collect$$libinit$$00000004          0x08000218   Section        0  libinit2.o(.ARM.Collect$$libinit$$00000004)
    .ARM.Collect$$libinit$$0000000A          0x08000218   Section        0  libinit2.o(.ARM.Collect$$libinit$$0000000A)
    .ARM.Collect$$libinit$$0000000C          0x08000218   Section        0  libinit2.o(.ARM.Collect$$libinit$$0000000C)
    .ARM.Collect$$libinit$$0000000E          0x08000218   Section        0  libinit2.o(.ARM.Collect$$libinit$$0000000E)
    .ARM.Collect$$libinit$$0000000F          0x08000218   Section        6  libinit2.o(.ARM.Collect$$libinit$$0000000F)
    .ARM.Collect$$libinit$$00000011          0x0800021e   Section        0  libinit2.o(.ARM.Collect$$libinit$$00000011)
    .ARM.Collect$$libinit$$00000013          0x0800021e   Section        0  libinit2.o(.ARM.Collect$$libinit$$00000013)
    .ARM.Collect$$libinit$$00000015          0x0800021e   Section        0  libinit2.o(.ARM.Collect$$libinit$$00000015)
    .ARM.Collect$$libinit$$00000016          0x0800021e   Section       10  libinit2.o(.ARM.Collect$$libinit$$00000016)
    .ARM.Collect$$libinit$$00000017          0x08000228   Section        0  libinit2.o(.ARM.Collect$$libinit$$00000017)
    .ARM.Collect$$libinit$$00000019          0x08000228   Section        0  libinit2.o(.ARM.Collect$$libinit$$00000019)
    .ARM.Collect$$libinit$$0000001B          0x08000228   Section        0  libinit2.o(.ARM.Collect$$libinit$$0000001B)
    .ARM.Collect$$libinit$$0000001D          0x08000228   Section        0  libinit2.o(.ARM.Collect$$libinit$$0000001D)
    .ARM.Collect$$libinit$$0000001F          0x08000228   Section        0  libinit2.o(.ARM.Collect$$libinit$$0000001F)
    .ARM.Collect$$libinit$$00000021          0x08000228   Section        0  libinit2.o(.ARM.Collect$$libinit$$00000021)
    .ARM.Collect$$libinit$$00000023          0x08000228   Section        0  libinit2.o(.ARM.Collect$$libinit$$00000023)
    .ARM.Collect$$libinit$$00000025          0x08000228   Section        0  libinit2.o(.ARM.Collect$$libinit$$00000025)
    .ARM.Collect$$libinit$$0000002C          0x08000228   Section        0  libinit2.o(.ARM.Collect$$libinit$$0000002C)
    .ARM.Collect$$libinit$$0000002E          0x08000228   Section        0  libinit2.o(.ARM.Collect$$libinit$$0000002E)
    .ARM.Collect$$libinit$$00000030          0x08000228   Section        0  libinit2.o(.ARM.Collect$$libinit$$00000030)
    .ARM.Collect$$libinit$$00000032          0x08000228   Section        0  libinit2.o(.ARM.Collect$$libinit$$00000032)
    .ARM.Collect$$libinit$$00000033          0x08000228   Section        2  libinit2.o(.ARM.Collect$$libinit$$00000033)
    .ARM.Collect$$libshutdown$$00000000      0x0800022a   Section        2  libshutdown.o(.ARM.Collect$$libshutdown$$00000000)
    .ARM.Collect$$libshutdown$$00000002      0x0800022c   Section        0  libshutdown2.o(.ARM.Collect$$libshutdown$$00000002)
    .ARM.Collect$$libshutdown$$00000004      0x0800022c   Section        0  libshutdown2.o(.ARM.Collect$$libshutdown$$00000004)
    .ARM.Collect$$libshutdown$$00000007      0x0800022c   Section        0  libshutdown2.o(.ARM.Collect$$libshutdown$$00000007)
    .ARM.Collect$$libshutdown$$0000000A      0x0800022c   Section        0  libshutdown2.o(.ARM.Collect$$libshutdown$$0000000A)
    .ARM.Collect$$libshutdown$$0000000C      0x0800022c   Section        0  libshutdown2.o(.ARM.Collect$$libshutdown$$0000000C)
    .ARM.Collect$$libshutdown$$0000000F      0x0800022c   Section        0  libshutdown2.o(.ARM.Collect$$libshutdown$$0000000F)
    .ARM.Collect$$libshutdown$$00000010      0x0800022c   Section        2  libshutdown2.o(.ARM.Collect$$libshutdown$$00000010)
    .ARM.Collect$$rtentry$$00000000          0x0800022e   Section        0  __rtentry.o(.ARM.Collect$$rtentry$$00000000)
    .ARM.Collect$$rtentry$$00000002          0x0800022e   Section        0  __rtentry2.o(.ARM.Collect$$rtentry$$00000002)
    .ARM.Collect$$rtentry$$00000004          0x0800022e   Section        6  __rtentry4.o(.ARM.Collect$$rtentry$$00000004)
    .ARM.Collect$$rtentry$$00000009          0x08000234   Section        0  __rtentry2.o(.ARM.Collect$$rtentry$$00000009)
    .ARM.Collect$$rtentry$$0000000A          0x08000234   Section        4  __rtentry2.o(.ARM.Collect$$rtentry$$0000000A)
    .ARM.Collect$$rtentry$$0000000C          0x08000238   Section        0  __rtentry2.o(.ARM.Collect$$rtentry$$0000000C)
    .ARM.Collect$$rtentry$$0000000D          0x08000238   Section        8  __rtentry2.o(.ARM.Collect$$rtentry$$0000000D)
    .ARM.Collect$$rtexit$$00000000           0x08000240   Section        2  rtexit.o(.ARM.Collect$$rtexit$$00000000)
    .ARM.Collect$$rtexit$$00000002           0x08000242   Section        0  rtexit2.o(.ARM.Collect$$rtexit$$00000002)
    .ARM.Collect$$rtexit$$00000003           0x08000242   Section        4  rtexit2.o(.ARM.Collect$$rtexit$$00000003)
    .ARM.Collect$$rtexit$$00000004           0x08000246   Section        6  rtexit2.o(.ARM.Collect$$rtexit$$00000004)
    .text                                    0x0800024c   Section        0  led.o(.text)
    .text                                    0x0800030c   Section        0  adc_leds.o(.text)
    .text                                    0x0800078c   Section        0  lcd.o(.text)
    .text                                    0x08000a74   Section        0  swt.o(.text)
    .text                                    0x08000ad8   Section       64  startup_stm32f407xx.o(.text)
    $v0                                      0x08000ad8   Number         0  startup_stm32f407xx.o(.text)
    .text                                    0x08000b18   Section        0  system_stm32f4xx.o(.text)
    SetSysClock                              0x08000b19   Thumb Code   220  system_stm32f4xx.o(.text)
    .text                                    0x08000d28   Section        0  noretval__2sprintf.o(.text)
    .text                                    0x08000d50   Section        0  _printf_str.o(.text)
    .text                                    0x08000da2   Section        0  __printf_wp.o(.text)
    .text                                    0x08000eb0   Section        0  heapauxi.o(.text)
    .text                                    0x08000eb6   Section        0  _rserrno.o(.text)
    .text                                    0x08000ecc   Section        0  _printf_fp_dec.o(.text)
    _fp_digits                               0x08000ecf   Thumb Code   428  _printf_fp_dec.o(.text)
    .text                                    0x080012e8   Section        0  _printf_char_common.o(.text)
    _printf_input_char                       0x080012e9   Thumb Code    10  _printf_char_common.o(.text)
    .text                                    0x08001318   Section        0  _sputc.o(.text)
    .text                                    0x08001322   Section        0  _printf_char.o(.text)
    .text                                    0x08001350   Section        8  rt_locale_intlibspace.o(.text)
    .text                                    0x08001358   Section        8  rt_errno_addr_intlibspace.o(.text)
    .text                                    0x08001360   Section      138  lludiv10.o(.text)
    .text                                    0x080013ec   Section        0  _printf_fp_infnan.o(.text)
    .text                                    0x0800146c   Section        0  bigflt0.o(.text)
    .text                                    0x08001548   Section        8  libspace.o(.text)
    .text                                    0x08001550   Section       74  sys_stackheap_outer.o(.text)
    .text                                    0x0800159a   Section        0  exit.o(.text)
    .text                                    0x080015ac   Section      128  strcmpv7m.o(.text)
    .text                                    0x0800162c   Section        0  sys_exit.o(.text)
    .text                                    0x08001638   Section        2  use_no_semi.o(.text)
    .text                                    0x0800163a   Section        0  indicate_semi.o(.text)
    CL$$btod_d2e                             0x0800163a   Section       62  btod.o(CL$$btod_d2e)
    CL$$btod_d2e_denorm_low                  0x08001678   Section       70  btod.o(CL$$btod_d2e_denorm_low)
    CL$$btod_d2e_norm_op1                    0x080016be   Section       96  btod.o(CL$$btod_d2e_norm_op1)
    CL$$btod_div_common                      0x0800171e   Section      824  btod.o(CL$$btod_div_common)
    CL$$btod_e2e                             0x08001a56   Section      198  btod.o(CL$$btod_e2e)
    CL$$btod_ediv                            0x08001b1c   Section       40  btod.o(CL$$btod_ediv)
    CL$$btod_emul                            0x08001b44   Section       40  btod.o(CL$$btod_emul)
    CL$$btod_mult_common                     0x08001b6c   Section      580  btod.o(CL$$btod_mult_common)
    i.__ARM_fpclassify                       0x08001db0   Section        0  fpclassify.o(i.__ARM_fpclassify)
    i.__hardfp_log                           0x08001de0   Section        0  log.o(i.__hardfp_log)
    i.__hardfp_log2                          0x080021a8   Section        0  log2.o(i.__hardfp_log2)
    i.__kernel_poly                          0x080022a8   Section        0  poly.o(i.__kernel_poly)
    i.__mathlib_dbl_divzero                  0x080023a0   Section        0  dunder.o(i.__mathlib_dbl_divzero)
    i.__mathlib_dbl_infnan                   0x080023d0   Section        0  dunder.o(i.__mathlib_dbl_infnan)
    i.__mathlib_dbl_invalid                  0x080023e8   Section        0  dunder.o(i.__mathlib_dbl_invalid)
    i._is_digit                              0x08002408   Section        0  __printf_wp.o(i._is_digit)
    i.frexp                                  0x08002418   Section        0  frexp.o(i.frexp)
    i.log                                    0x080024a4   Section        0  log.o(i.log)
    locale$$code                             0x080024b4   Section       44  lc_numeric_c.o(locale$$code)
    x$fpl$basic                              0x080024e0   Section       24  basic.o(x$fpl$basic)
    $v0                                      0x080024e0   Number         0  basic.o(x$fpl$basic)
    x$fpl$d2f                                0x080024f8   Section       98  d2f.o(x$fpl$d2f)
    $v0                                      0x080024f8   Number         0  d2f.o(x$fpl$d2f)
    x$fpl$dadd                               0x0800255c   Section      336  daddsub_clz.o(x$fpl$dadd)
    $v0                                      0x0800255c   Number         0  daddsub_clz.o(x$fpl$dadd)
    _dadd1                                   0x0800256d   Thumb Code     0  daddsub_clz.o(x$fpl$dadd)
    x$fpl$dcmpinf                            0x080026ac   Section       24  dcmpi.o(x$fpl$dcmpinf)
    $v0                                      0x080026ac   Number         0  dcmpi.o(x$fpl$dcmpinf)
    x$fpl$ddiv                               0x080026c4   Section      688  ddiv.o(x$fpl$ddiv)
    $v0                                      0x080026c4   Number         0  ddiv.o(x$fpl$ddiv)
    ddiv_entry                               0x080026cb   Thumb Code     0  ddiv.o(x$fpl$ddiv)
    x$fpl$deqf                               0x08002974   Section      120  deqf.o(x$fpl$deqf)
    $v0                                      0x08002974   Number         0  deqf.o(x$fpl$deqf)
    x$fpl$dfix                               0x080029ec   Section       94  dfix.o(x$fpl$dfix)
    $v0                                      0x080029ec   Number         0  dfix.o(x$fpl$dfix)
    x$fpl$dflt                               0x08002a4a   Section       46  dflt_clz.o(x$fpl$dflt)
    $v0                                      0x08002a4a   Number         0  dflt_clz.o(x$fpl$dflt)
    x$fpl$dfltu                              0x08002a78   Section       38  dflt_clz.o(x$fpl$dfltu)
    $v0                                      0x08002a78   Number         0  dflt_clz.o(x$fpl$dfltu)
    x$fpl$dleqf                              0x08002aa0   Section      120  dleqf.o(x$fpl$dleqf)
    $v0                                      0x08002aa0   Number         0  dleqf.o(x$fpl$dleqf)
    x$fpl$dmul                               0x08002b18   Section      340  dmul.o(x$fpl$dmul)
    $v0                                      0x08002b18   Number         0  dmul.o(x$fpl$dmul)
    x$fpl$dnaninf                            0x08002c6c   Section      156  dnaninf.o(x$fpl$dnaninf)
    $v0                                      0x08002c6c   Number         0  dnaninf.o(x$fpl$dnaninf)
    x$fpl$dretinf                            0x08002d08   Section       12  dretinf.o(x$fpl$dretinf)
    $v0                                      0x08002d08   Number         0  dretinf.o(x$fpl$dretinf)
    x$fpl$drsb                               0x08002d14   Section       22  daddsub_clz.o(x$fpl$drsb)
    $v0                                      0x08002d14   Number         0  daddsub_clz.o(x$fpl$drsb)
    x$fpl$dsub                               0x08002d2c   Section      468  daddsub_clz.o(x$fpl$dsub)
    $v0                                      0x08002d2c   Number         0  daddsub_clz.o(x$fpl$dsub)
    _dsub1                                   0x08002d3d   Thumb Code     0  daddsub_clz.o(x$fpl$dsub)
    x$fpl$f2d                                0x08002f00   Section       86  f2d.o(x$fpl$f2d)
    $v0                                      0x08002f00   Number         0  f2d.o(x$fpl$f2d)
    x$fpl$fnaninf                            0x08002f56   Section      140  fnaninf.o(x$fpl$fnaninf)
    $v0                                      0x08002f56   Number         0  fnaninf.o(x$fpl$fnaninf)
    x$fpl$fpinit                             0x08002fe2   Section       10  fpinit.o(x$fpl$fpinit)
    $v0                                      0x08002fe2   Number         0  fpinit.o(x$fpl$fpinit)
    x$fpl$fretinf                            0x08002fec   Section       10  fretinf.o(x$fpl$fretinf)
    $v0                                      0x08002fec   Number         0  fretinf.o(x$fpl$fretinf)
    x$fpl$printf1                            0x08002ff6   Section        4  printf1.o(x$fpl$printf1)
    $v0                                      0x08002ff6   Number         0  printf1.o(x$fpl$printf1)
    x$fpl$usenofp                            0x08002ffa   Section        0  usenofp.o(x$fpl$usenofp)
    .constdata                               0x08002ffc   Section       16  led.o(.constdata)
    .constdata                               0x0800300c   Section       44  lcd.o(.constdata)
    .constdata                               0x08003038   Section       32  swt.o(.constdata)
    .constdata                               0x08003058   Section       16  system_stm32f4xx.o(.constdata)
    .constdata                               0x08003068   Section       56  log.o(.constdata)
    Lg2                                      0x08003068   Data          24  log.o(.constdata)
    Lg                                       0x08003080   Data          32  log.o(.constdata)
    .constdata                               0x080030a0   Section      148  bigflt0.o(.constdata)
    tenpwrs_x                                0x080030a0   Data          60  bigflt0.o(.constdata)
    tenpwrs_i                                0x080030dc   Data          64  bigflt0.o(.constdata)
    .constdata                               0x08003138   Section        8  qnan.o(.constdata)
    locale$$data                             0x08003160   Section       28  lc_numeric_c.o(locale$$data)
    __lcnum_c_name                           0x08003164   Data           2  lc_numeric_c.o(locale$$data)
    __lcnum_c_start                          0x0800316c   Data           0  lc_numeric_c.o(locale$$data)
    __lcnum_c_point                          0x08003178   Data           0  lc_numeric_c.o(locale$$data)
    __lcnum_c_thousands                      0x0800317a   Data           0  lc_numeric_c.o(locale$$data)
    __lcnum_c_grouping                       0x0800317b   Data           0  lc_numeric_c.o(locale$$data)
    __lcnum_c_end                            0x0800317c   Data           0  lc_numeric_c.o(locale$$data)
    .data                                    0x20000000   Section        4  adc_leds.o(.data)
    .data                                    0x20000004   Section        4  system_stm32f4xx.o(.data)
    .bss                                     0x20000008   Section       96  libspace.o(.bss)
    HEAP                                     0x20000068   Section      512  startup_stm32f407xx.o(HEAP)
    Heap_Mem                                 0x20000068   Data         512  startup_stm32f407xx.o(HEAP)
    STACK                                    0x20000268   Section     1024  startup_stm32f407xx.o(STACK)
    Stack_Mem                                0x20000268   Data        1024  startup_stm32f407xx.o(STACK)
    __initial_sp                             0x20000668   Data           0  startup_stm32f407xx.o(STACK)

    Global Symbols

    Symbol Name                              Value     Ov Type        Size  Object(Section)

    BuildAttributes$$THM_ISAv4$E$P$D$K$B$S$7EM$VFPi3$EXTD16$VFPS$VFMA$PE$A:L22UL41UL21$X:L11$S22US41US21$IEEE1$IW$USESV6$~STKCKD$USESV7$~SHL$OTIME$ROPI$IEEEX$EBA8$UX$STANDARDLIB$REQ8$PRES8$EABIv2 0x00000000   Number         0  anon$$obj.o ABSOLUTE
    __ARM_use_no_argv                        0x00000000   Number         0  adc_leds.o ABSOLUTE
    _printf_flags                            0x00000000   Number         0  printf_stubs.o ABSOLUTE
    _printf_return_value                     0x00000000   Number         0  printf_stubs.o ABSOLUTE
    _printf_sizespec                         0x00000000   Number         0  printf_stubs.o ABSOLUTE
    _printf_widthprec                        0x00000000   Number         0  printf_stubs.o ABSOLUTE
    __ARM_exceptions_init                     - Undefined Weak Reference
    __alloca_initialize                       - Undefined Weak Reference
    __arm_preinit_                            - Undefined Weak Reference
    __cpp_initialize__aeabi_                  - Undefined Weak Reference
    __cxa_finalize                            - Undefined Weak Reference
    __sigvec_lookup                           - Undefined Weak Reference
    _atexit_init                              - Undefined Weak Reference
    _call_atexit_fns                          - Undefined Weak Reference
    _clock_init                               - Undefined Weak Reference
    _fp_trap_init                             - Undefined Weak Reference
    _fp_trap_shutdown                         - Undefined Weak Reference
    _get_lc_collate                           - Undefined Weak Reference
    _get_lc_ctype                             - Undefined Weak Reference
    _get_lc_monetary                          - Undefined Weak Reference
    _get_lc_time                              - Undefined Weak Reference
    _getenv_init                              - Undefined Weak Reference
    _handle_redirection                       - Undefined Weak Reference
    _init_alloc                               - Undefined Weak Reference
    _init_user_alloc                          - Undefined Weak Reference
    _initio                                   - Undefined Weak Reference
    _printf_mbtowc                            - Undefined Weak Reference
    _printf_post_padding                      - Undefined Weak Reference
    _printf_pre_padding                       - Undefined Weak Reference
    _rand_init                                - Undefined Weak Reference
    _signal_finish                            - Undefined Weak Reference
    _signal_init                              - Undefined Weak Reference
    _terminate_alloc                          - Undefined Weak Reference
    _terminate_user_alloc                     - Undefined Weak Reference
    _terminateio                              - Undefined Weak Reference
    __Vectors_Size                           0x00000188   Number         0  startup_stm32f407xx.o ABSOLUTE
    __Vectors                                0x08000000   Data           4  startup_stm32f407xx.o(RESET)
    __Vectors_End                            0x08000188   Data           0  startup_stm32f407xx.o(RESET)
    __main                                   0x08000189   Thumb Code     8  __main.o(!!!main)
    __scatterload                            0x08000191   Thumb Code     0  __scatter.o(!!!scatter)
    __scatterload_rt2                        0x08000191   Thumb Code    44  __scatter.o(!!!scatter)
    __scatterload_rt2_thumb_only             0x08000191   Thumb Code     0  __scatter.o(!!!scatter)
    __scatterload_null                       0x0800019f   Thumb Code     0  __scatter.o(!!!scatter)
    __scatterload_copy                       0x080001c5   Thumb Code    26  __scatter_copy.o(!!handler_copy)
    __scatterload_zeroinit                   0x080001e1   Thumb Code    28  __scatter_zi.o(!!handler_zi)
    _printf_f                                0x080001fd   Thumb Code     0  _printf_f.o(.ARM.Collect$$_printf_percent$$00000003)
    _printf_percent                          0x080001fd   Thumb Code     0  _printf_percent.o(.ARM.Collect$$_printf_percent$$00000000)
    _printf_c                                0x08000203   Thumb Code     0  _printf_c.o(.ARM.Collect$$_printf_percent$$00000013)
    _printf_s                                0x08000209   Thumb Code     0  _printf_s.o(.ARM.Collect$$_printf_percent$$00000014)
    _printf_percent_end                      0x0800020f   Thumb Code     0  _printf_percent_end.o(.ARM.Collect$$_printf_percent$$00000017)
    __rt_lib_init                            0x08000213   Thumb Code     0  libinit.o(.ARM.Collect$$libinit$$00000000)
    __rt_lib_init_fp_1                       0x08000215   Thumb Code     0  libinit2.o(.ARM.Collect$$libinit$$00000001)
    __rt_lib_init_heap_1                     0x08000219   Thumb Code     0  libinit2.o(.ARM.Collect$$libinit$$0000000A)
    __rt_lib_init_lc_common                  0x08000219   Thumb Code     0  libinit2.o(.ARM.Collect$$libinit$$0000000F)
    __rt_lib_init_preinit_1                  0x08000219   Thumb Code     0  libinit2.o(.ARM.Collect$$libinit$$00000004)
    __rt_lib_init_rand_1                     0x08000219   Thumb Code     0  libinit2.o(.ARM.Collect$$libinit$$0000000E)
    __rt_lib_init_user_alloc_1               0x08000219   Thumb Code     0  libinit2.o(.ARM.Collect$$libinit$$0000000C)
    __rt_lib_init_lc_collate_1               0x0800021f   Thumb Code     0  libinit2.o(.ARM.Collect$$libinit$$00000011)
    __rt_lib_init_lc_ctype_1                 0x0800021f   Thumb Code     0  libinit2.o(.ARM.Collect$$libinit$$00000013)
    __rt_lib_init_lc_monetary_1              0x0800021f   Thumb Code     0  libinit2.o(.ARM.Collect$$libinit$$00000015)
    __rt_lib_init_lc_numeric_2               0x0800021f   Thumb Code     0  libinit2.o(.ARM.Collect$$libinit$$00000016)
    __rt_lib_init_alloca_1                   0x08000229   Thumb Code     0  libinit2.o(.ARM.Collect$$libinit$$0000002E)
    __rt_lib_init_argv_1                     0x08000229   Thumb Code     0  libinit2.o(.ARM.Collect$$libinit$$0000002C)
    __rt_lib_init_atexit_1                   0x08000229   Thumb Code     0  libinit2.o(.ARM.Collect$$libinit$$0000001B)
    __rt_lib_init_clock_1                    0x08000229   Thumb Code     0  libinit2.o(.ARM.Collect$$libinit$$00000021)
    __rt_lib_init_cpp_1                      0x08000229   Thumb Code     0  libinit2.o(.ARM.Collect$$libinit$$00000032)
    __rt_lib_init_exceptions_1               0x08000229   Thumb Code     0  libinit2.o(.ARM.Collect$$libinit$$00000030)
    __rt_lib_init_fp_trap_1                  0x08000229   Thumb Code     0  libinit2.o(.ARM.Collect$$libinit$$0000001F)
    __rt_lib_init_getenv_1                   0x08000229   Thumb Code     0  libinit2.o(.ARM.Collect$$libinit$$00000023)
    __rt_lib_init_lc_numeric_1               0x08000229   Thumb Code     0  libinit2.o(.ARM.Collect$$libinit$$00000017)
    __rt_lib_init_lc_time_1                  0x08000229   Thumb Code     0  libinit2.o(.ARM.Collect$$libinit$$00000019)
    __rt_lib_init_return                     0x08000229   Thumb Code     0  libinit2.o(.ARM.Collect$$libinit$$00000033)
    __rt_lib_init_signal_1                   0x08000229   Thumb Code     0  libinit2.o(.ARM.Collect$$libinit$$0000001D)
    __rt_lib_init_stdio_1                    0x08000229   Thumb Code     0  libinit2.o(.ARM.Collect$$libinit$$00000025)
    __rt_lib_shutdown                        0x0800022b   Thumb Code     0  libshutdown.o(.ARM.Collect$$libshutdown$$00000000)
    __rt_lib_shutdown_cpp_1                  0x0800022d   Thumb Code     0  libshutdown2.o(.ARM.Collect$$libshutdown$$00000002)
    __rt_lib_shutdown_fp_trap_1              0x0800022d   Thumb Code     0  libshutdown2.o(.ARM.Collect$$libshutdown$$00000007)
    __rt_lib_shutdown_heap_1                 0x0800022d   Thumb Code     0  libshutdown2.o(.ARM.Collect$$libshutdown$$0000000F)
    __rt_lib_shutdown_return                 0x0800022d   Thumb Code     0  libshutdown2.o(.ARM.Collect$$libshutdown$$00000010)
    __rt_lib_shutdown_signal_1               0x0800022d   Thumb Code     0  libshutdown2.o(.ARM.Collect$$libshutdown$$0000000A)
    __rt_lib_shutdown_stdio_1                0x0800022d   Thumb Code     0  libshutdown2.o(.ARM.Collect$$libshutdown$$00000004)
    __rt_lib_shutdown_user_alloc_1           0x0800022d   Thumb Code     0  libshutdown2.o(.ARM.Collect$$libshutdown$$0000000C)
    __rt_entry                               0x0800022f   Thumb Code     0  __rtentry.o(.ARM.Collect$$rtentry$$00000000)
    __rt_entry_presh_1                       0x0800022f   Thumb Code     0  __rtentry2.o(.ARM.Collect$$rtentry$$00000002)
    __rt_entry_sh                            0x0800022f   Thumb Code     0  __rtentry4.o(.ARM.Collect$$rtentry$$00000004)
    __rt_entry_li                            0x08000235   Thumb Code     0  __rtentry2.o(.ARM.Collect$$rtentry$$0000000A)
    __rt_entry_postsh_1                      0x08000235   Thumb Code     0  __rtentry2.o(.ARM.Collect$$rtentry$$00000009)
    __rt_entry_main                          0x08000239   Thumb Code     0  __rtentry2.o(.ARM.Collect$$rtentry$$0000000D)
    __rt_entry_postli_1                      0x08000239   Thumb Code     0  __rtentry2.o(.ARM.Collect$$rtentry$$0000000C)
    __rt_exit                                0x08000241   Thumb Code     0  rtexit.o(.ARM.Collect$$rtexit$$00000000)
    __rt_exit_ls                             0x08000243   Thumb Code     0  rtexit2.o(.ARM.Collect$$rtexit$$00000003)
    __rt_exit_prels_1                        0x08000243   Thumb Code     0  rtexit2.o(.ARM.Collect$$rtexit$$00000002)
    __rt_exit_exit                           0x08000247   Thumb Code     0  rtexit2.o(.ARM.Collect$$rtexit$$00000004)
    LED_Init                                 0x0800024d   Thumb Code    96  led.o(.text)
    LED_On                                   0x080002ad   Thumb Code    18  led.o(.text)
    LED_Off                                  0x080002bf   Thumb Code    20  led.o(.text)
    LED_Out                                  0x080002d3   Thumb Code    38  led.o(.text)
    SysTick_Handler                          0x0800030d   Thumb Code    12  adc_leds.o(.text)
    Delay                                    0x08000319   Thumb Code    18  adc_leds.o(.text)
    BTN_Init                                 0x0800032b   Thumb Code    56  adc_leds.o(.text)
    BTN_Get                                  0x08000363   Thumb Code    10  adc_leds.o(.text)
    ADC1_init                                0x0800036d   Thumb Code    88  adc_leds.o(.text)
    read_ADC1                                0x080003c5   Thumb Code    32  adc_leds.o(.text)
    voltage                                  0x080003e5   Thumb Code   152  adc_leds.o(.text)
    current                                  0x0800047d   Thumb Code   164  adc_leds.o(.text)
    resistance                               0x08000521   Thumb Code    66  adc_leds.o(.text)
    main                                     0x08000563   Thumb Code   552  adc_leds.o(.text)
    LCD_Initpins                             0x0800078d   Thumb Code   282  lcd.o(.text)
    LCD_Eoff                                 0x080008a7   Thumb Code    12  lcd.o(.text)
    LCD_Eon                                  0x080008b3   Thumb Code    10  lcd.o(.text)
    LCD_Clk                                  0x080008bd   Thumb Code    18  lcd.o(.text)
    LCD_DataWrite                            0x080008cf   Thumb Code     8  lcd.o(.text)
    LCD_DataClear                            0x080008d7   Thumb Code    12  lcd.o(.text)
    LCD_Write                                0x080008e3   Thumb Code    52  lcd.o(.text)
    LCD_RWoff                                0x08000917   Thumb Code    12  lcd.o(.text)
    LCD_RSoff                                0x08000923   Thumb Code    12  lcd.o(.text)
    LCD_Init                                 0x0800092f   Thumb Code    82  lcd.o(.text)
    LCD_RSon                                 0x08000981   Thumb Code    10  lcd.o(.text)
    LCD_RWon                                 0x0800098b   Thumb Code    10  lcd.o(.text)
    LCD_On                                   0x08000995   Thumb Code    18  lcd.o(.text)
    LCD_Off                                  0x080009a7   Thumb Code    20  lcd.o(.text)
    LCD_DriverOn                             0x080009bb   Thumb Code    10  lcd.o(.text)
    LCD_DriverOff                            0x080009c5   Thumb Code    10  lcd.o(.text)
    LCD_cursor_on                            0x080009cf   Thumb Code    20  lcd.o(.text)
    LCD_Clear                                0x080009e3   Thumb Code    20  lcd.o(.text)
    LCD_PutChar                              0x080009f7   Thumb Code    22  lcd.o(.text)
    LCD_PutS                                 0x08000a0d   Thumb Code    32  lcd.o(.text)
    LCD_GotoXY                               0x08000a2d   Thumb Code    50  lcd.o(.text)
    SWT_Init                                 0x08000a75   Thumb Code    52  swt.o(.text)
    SWT_Get                                  0x08000aa9   Thumb Code     6  swt.o(.text)
    SWT_Check                                0x08000aaf   Thumb Code    24  swt.o(.text)
    Reset_Handler                            0x08000ad9   Thumb Code     8  startup_stm32f407xx.o(.text)
    NMI_Handler                              0x08000ae1   Thumb Code     2  startup_stm32f407xx.o(.text)
    HardFault_Handler                        0x08000ae3   Thumb Code     2  startup_stm32f407xx.o(.text)
    MemManage_Handler                        0x08000ae5   Thumb Code     2  startup_stm32f407xx.o(.text)
    BusFault_Handler                         0x08000ae7   Thumb Code     2  startup_stm32f407xx.o(.text)
    UsageFault_Handler                       0x08000ae9   Thumb Code     2  startup_stm32f407xx.o(.text)
    SVC_Handler                              0x08000aeb   Thumb Code     2  startup_stm32f407xx.o(.text)
    DebugMon_Handler                         0x08000aed   Thumb Code     2  startup_stm32f407xx.o(.text)
    PendSV_Handler                           0x08000aef   Thumb Code     2  startup_stm32f407xx.o(.text)
    ADC_IRQHandler                           0x08000af3   Thumb Code     0  startup_stm32f407xx.o(.text)
    CAN1_RX0_IRQHandler                      0x08000af3   Thumb Code     0  startup_stm32f407xx.o(.text)
    CAN1_RX1_IRQHandler                      0x08000af3   Thumb Code     0  startup_stm32f407xx.o(.text)
    CAN1_SCE_IRQHandler                      0x08000af3   Thumb Code     0  startup_stm32f407xx.o(.text)
    CAN1_TX_IRQHandler                       0x08000af3   Thumb Code     0  startup_stm32f407xx.o(.text)
    CAN2_RX0_IRQHandler                      0x08000af3   Thumb Code     0  startup_stm32f407xx.o(.text)
    CAN2_RX1_IRQHandler                      0x08000af3   Thumb Code     0  startup_stm32f407xx.o(.text)
    CAN2_SCE_IRQHandler                      0x08000af3   Thumb Code     0  startup_stm32f407xx.o(.text)
    CAN2_TX_IRQHandler                       0x08000af3   Thumb Code     0  startup_stm32f407xx.o(.text)
    DCMI_IRQHandler                          0x08000af3   Thumb Code     0  startup_stm32f407xx.o(.text)
    DMA1_Stream0_IRQHandler                  0x08000af3   Thumb Code     0  startup_stm32f407xx.o(.text)
    DMA1_Stream1_IRQHandler                  0x08000af3   Thumb Code     0  startup_stm32f407xx.o(.text)
    DMA1_Stream2_IRQHandler                  0x08000af3   Thumb Code     0  startup_stm32f407xx.o(.text)
    DMA1_Stream3_IRQHandler                  0x08000af3   Thumb Code     0  startup_stm32f407xx.o(.text)
    DMA1_Stream4_IRQHandler                  0x08000af3   Thumb Code     0  startup_stm32f407xx.o(.text)
    DMA1_Stream5_IRQHandler                  0x08000af3   Thumb Code     0  startup_stm32f407xx.o(.text)
    DMA1_Stream6_IRQHandler                  0x08000af3   Thumb Code     0  startup_stm32f407xx.o(.text)
    DMA1_Stream7_IRQHandler                  0x08000af3   Thumb Code     0  startup_stm32f407xx.o(.text)
    DMA2_Stream0_IRQHandler                  0x08000af3   Thumb Code     0  startup_stm32f407xx.o(.text)
    DMA2_Stream1_IRQHandler                  0x08000af3   Thumb Code     0  startup_stm32f407xx.o(.text)
    DMA2_Stream2_IRQHandler                  0x08000af3   Thumb Code     0  startup_stm32f407xx.o(.text)
    DMA2_Stream3_IRQHandler                  0x08000af3   Thumb Code     0  startup_stm32f407xx.o(.text)
    DMA2_Stream4_IRQHandler                  0x08000af3   Thumb Code     0  startup_stm32f407xx.o(.text)
    DMA2_Stream5_IRQHandler                  0x08000af3   Thumb Code     0  startup_stm32f407xx.o(.text)
    DMA2_Stream6_IRQHandler                  0x08000af3   Thumb Code     0  startup_stm32f407xx.o(.text)
    DMA2_Stream7_IRQHandler                  0x08000af3   Thumb Code     0  startup_stm32f407xx.o(.text)
    ETH_IRQHandler                           0x08000af3   Thumb Code     0  startup_stm32f407xx.o(.text)
    ETH_WKUP_IRQHandler                      0x08000af3   Thumb Code     0  startup_stm32f407xx.o(.text)
    EXTI0_IRQHandler                         0x08000af3   Thumb Code     0  startup_stm32f407xx.o(.text)
    EXTI15_10_IRQHandler                     0x08000af3   Thumb Code     0  startup_stm32f407xx.o(.text)
    EXTI1_IRQHandler                         0x08000af3   Thumb Code     0  startup_stm32f407xx.o(.text)
    EXTI2_IRQHandler                         0x08000af3   Thumb Code     0  startup_stm32f407xx.o(.text)
    EXTI3_IRQHandler                         0x08000af3   Thumb Code     0  startup_stm32f407xx.o(.text)
    EXTI4_IRQHandler                         0x08000af3   Thumb Code     0  startup_stm32f407xx.o(.text)
    EXTI9_5_IRQHandler                       0x08000af3   Thumb Code     0  startup_stm32f407xx.o(.text)
    FLASH_IRQHandler                         0x08000af3   Thumb Code     0  startup_stm32f407xx.o(.text)
    FMC_IRQHandler                           0x08000af3   Thumb Code     0  startup_stm32f407xx.o(.text)
    FPU_IRQHandler                           0x08000af3   Thumb Code     0  startup_stm32f407xx.o(.text)
    HASH_RNG_IRQHandler                      0x08000af3   Thumb Code     0  startup_stm32f407xx.o(.text)
    I2C1_ER_IRQHandler                       0x08000af3   Thumb Code     0  startup_stm32f407xx.o(.text)
    I2C1_EV_IRQHandler                       0x08000af3   Thumb Code     0  startup_stm32f407xx.o(.text)
    I2C2_ER_IRQHandler                       0x08000af3   Thumb Code     0  startup_stm32f407xx.o(.text)
    I2C2_EV_IRQHandler                       0x08000af3   Thumb Code     0  startup_stm32f407xx.o(.text)
    I2C3_ER_IRQHandler                       0x08000af3   Thumb Code     0  startup_stm32f407xx.o(.text)
    I2C3_EV_IRQHandler                       0x08000af3   Thumb Code     0  startup_stm32f407xx.o(.text)
    OTG_FS_IRQHandler                        0x08000af3   Thumb Code     0  startup_stm32f407xx.o(.text)
    OTG_FS_WKUP_IRQHandler                   0x08000af3   Thumb Code     0  startup_stm32f407xx.o(.text)
    OTG_HS_EP1_IN_IRQHandler                 0x08000af3   Thumb Code     0  startup_stm32f407xx.o(.text)
    OTG_HS_EP1_OUT_IRQHandler                0x08000af3   Thumb Code     0  startup_stm32f407xx.o(.text)
    OTG_HS_IRQHandler                        0x08000af3   Thumb Code     0  startup_stm32f407xx.o(.text)
    OTG_HS_WKUP_IRQHandler                   0x08000af3   Thumb Code     0  startup_stm32f407xx.o(.text)
    PVD_IRQHandler                           0x08000af3   Thumb Code     0  startup_stm32f407xx.o(.text)
    RCC_IRQHandler                           0x08000af3   Thumb Code     0  startup_stm32f407xx.o(.text)
    RTC_Alarm_IRQHandler                     0x08000af3   Thumb Code     0  startup_stm32f407xx.o(.text)
    RTC_WKUP_IRQHandler                      0x08000af3   Thumb Code     0  startup_stm32f407xx.o(.text)
    SDIO_IRQHandler                          0x08000af3   Thumb Code     0  startup_stm32f407xx.o(.text)
    SPI1_IRQHandler                          0x08000af3   Thumb Code     0  startup_stm32f407xx.o(.text)
    SPI2_IRQHandler                          0x08000af3   Thumb Code     0  startup_stm32f407xx.o(.text)
    SPI3_IRQHandler                          0x08000af3   Thumb Code     0  startup_stm32f407xx.o(.text)
    TAMP_STAMP_IRQHandler                    0x08000af3   Thumb Code     0  startup_stm32f407xx.o(.text)
    TIM1_BRK_TIM9_IRQHandler                 0x08000af3   Thumb Code     0  startup_stm32f407xx.o(.text)
    TIM1_CC_IRQHandler                       0x08000af3   Thumb Code     0  startup_stm32f407xx.o(.text)
    TIM1_TRG_COM_TIM11_IRQHandler            0x08000af3   Thumb Code     0  startup_stm32f407xx.o(.text)
    TIM1_UP_TIM10_IRQHandler                 0x08000af3   Thumb Code     0  startup_stm32f407xx.o(.text)
    TIM2_IRQHandler                          0x08000af3   Thumb Code     0  startup_stm32f407xx.o(.text)
    TIM3_IRQHandler                          0x08000af3   Thumb Code     0  startup_stm32f407xx.o(.text)
    TIM4_IRQHandler                          0x08000af3   Thumb Code     0  startup_stm32f407xx.o(.text)
    TIM5_IRQHandler                          0x08000af3   Thumb Code     0  startup_stm32f407xx.o(.text)
    TIM6_DAC_IRQHandler                      0x08000af3   Thumb Code     0  startup_stm32f407xx.o(.text)
    TIM7_IRQHandler                          0x08000af3   Thumb Code     0  startup_stm32f407xx.o(.text)
    TIM8_BRK_TIM12_IRQHandler                0x08000af3   Thumb Code     0  startup_stm32f407xx.o(.text)
    TIM8_CC_IRQHandler                       0x08000af3   Thumb Code     0  startup_stm32f407xx.o(.text)
    TIM8_TRG_COM_TIM14_IRQHandler            0x08000af3   Thumb Code     0  startup_stm32f407xx.o(.text)
    TIM8_UP_TIM13_IRQHandler                 0x08000af3   Thumb Code     0  startup_stm32f407xx.o(.text)
    UART4_IRQHandler                         0x08000af3   Thumb Code     0  startup_stm32f407xx.o(.text)
    UART5_IRQHandler                         0x08000af3   Thumb Code     0  startup_stm32f407xx.o(.text)
    USART1_IRQHandler                        0x08000af3   Thumb Code     0  startup_stm32f407xx.o(.text)
    USART2_IRQHandler                        0x08000af3   Thumb Code     0  startup_stm32f407xx.o(.text)
    USART3_IRQHandler                        0x08000af3   Thumb Code     0  startup_stm32f407xx.o(.text)
    USART6_IRQHandler                        0x08000af3   Thumb Code     0  startup_stm32f407xx.o(.text)
    WWDG_IRQHandler                          0x08000af3   Thumb Code     0  startup_stm32f407xx.o(.text)
    __user_initial_stackheap                 0x08000af5   Thumb Code     0  startup_stm32f407xx.o(.text)
    SystemInit                               0x08000bf5   Thumb Code    88  system_stm32f4xx.o(.text)
    SystemCoreClockUpdate                    0x08000c4d   Thumb Code   174  system_stm32f4xx.o(.text)
    __2sprintf                               0x08000d29   Thumb Code    34  noretval__2sprintf.o(.text)
    _printf_str                              0x08000d51   Thumb Code    82  _printf_str.o(.text)
    __printf                                 0x08000da3   Thumb Code   270  __printf_wp.o(.text)
    __use_two_region_memory                  0x08000eb1   Thumb Code     2  heapauxi.o(.text)
    __rt_heap_escrow$2region                 0x08000eb3   Thumb Code     2  heapauxi.o(.text)
    __rt_heap_expand$2region                 0x08000eb5   Thumb Code     2  heapauxi.o(.text)
    __read_errno                             0x08000eb7   Thumb Code    10  _rserrno.o(.text)
    __set_errno                              0x08000ec1   Thumb Code    12  _rserrno.o(.text)
    __lib_sel_fp_printf                      0x08000ecd   Thumb Code     2  _printf_fp_dec.o(.text)
    _printf_fp_dec_real                      0x0800107b   Thumb Code   620  _printf_fp_dec.o(.text)
    _printf_char_common                      0x080012f3   Thumb Code    32  _printf_char_common.o(.text)
    _sputc                                   0x08001319   Thumb Code    10  _sputc.o(.text)
    _printf_cs_common                        0x08001323   Thumb Code    20  _printf_char.o(.text)
    _printf_char                             0x08001337   Thumb Code    16  _printf_char.o(.text)
    _printf_string                           0x08001347   Thumb Code     8  _printf_char.o(.text)
    __rt_locale                              0x08001351   Thumb Code     8  rt_locale_intlibspace.o(.text)
    __aeabi_errno_addr                       0x08001359   Thumb Code     8  rt_errno_addr_intlibspace.o(.text)
    __errno$intlibspace                      0x08001359   Thumb Code     0  rt_errno_addr_intlibspace.o(.text)
    __rt_errno_addr$intlibspace              0x08001359   Thumb Code     0  rt_errno_addr_intlibspace.o(.text)
    _ll_udiv10                               0x08001361   Thumb Code   138  lludiv10.o(.text)
    _printf_fp_infnan                        0x080013ed   Thumb Code   112  _printf_fp_infnan.o(.text)
    _btod_etento                             0x0800146d   Thumb Code   216  bigflt0.o(.text)
    __user_libspace                          0x08001549   Thumb Code     8  libspace.o(.text)
    __user_perproc_libspace                  0x08001549   Thumb Code     0  libspace.o(.text)
    __user_perthread_libspace                0x08001549   Thumb Code     0  libspace.o(.text)
    __user_setup_stackheap                   0x08001551   Thumb Code    74  sys_stackheap_outer.o(.text)
    exit                                     0x0800159b   Thumb Code    18  exit.o(.text)
    strcmp                                   0x080015ad   Thumb Code   128  strcmpv7m.o(.text)
    _sys_exit                                0x0800162d   Thumb Code     8  sys_exit.o(.text)
    __I$use$semihosting                      0x08001639   Thumb Code     0  use_no_semi.o(.text)
    __use_no_semihosting_swi                 0x08001639   Thumb Code     2  use_no_semi.o(.text)
    __semihosting_library_function           0x0800163b   Thumb Code     0  indicate_semi.o(.text)
    _btod_d2e                                0x0800163b   Thumb Code    62  btod.o(CL$$btod_d2e)
    _d2e_denorm_low                          0x08001679   Thumb Code    70  btod.o(CL$$btod_d2e_denorm_low)
    _d2e_norm_op1                            0x080016bf   Thumb Code    96  btod.o(CL$$btod_d2e_norm_op1)
    __btod_div_common                        0x0800171f   Thumb Code   696  btod.o(CL$$btod_div_common)
    _e2e                                     0x08001a57   Thumb Code   198  btod.o(CL$$btod_e2e)
    _btod_ediv                               0x08001b1d   Thumb Code    40  btod.o(CL$$btod_ediv)
    _btod_emul                               0x08001b45   Thumb Code    40  btod.o(CL$$btod_emul)
    __btod_mult_common                       0x08001b6d   Thumb Code   580  btod.o(CL$$btod_mult_common)
    __ARM_fpclassify                         0x08001db1   Thumb Code    48  fpclassify.o(i.__ARM_fpclassify)
    __hardfp_log                             0x08001de1   Thumb Code   872  log.o(i.__hardfp_log)
    __hardfp_log2                            0x080021a9   Thumb Code   220  log2.o(i.__hardfp_log2)
    __kernel_poly                            0x080022a9   Thumb Code   248  poly.o(i.__kernel_poly)
    __mathlib_dbl_divzero                    0x080023a1   Thumb Code    28  dunder.o(i.__mathlib_dbl_divzero)
    __mathlib_dbl_infnan                     0x080023d1   Thumb Code    20  dunder.o(i.__mathlib_dbl_infnan)
    __mathlib_dbl_invalid                    0x080023e9   Thumb Code    24  dunder.o(i.__mathlib_dbl_invalid)
    _is_digit                                0x08002409   Thumb Code    14  __printf_wp.o(i._is_digit)
    frexp                                    0x08002419   Thumb Code   118  frexp.o(i.frexp)
    log                                      0x080024a5   Thumb Code    16  log.o(i.log)
    _get_lc_numeric                          0x080024b5   Thumb Code    44  lc_numeric_c.o(locale$$code)
    __aeabi_dneg                             0x080024e1   Thumb Code     0  basic.o(x$fpl$basic)
    _dneg                                    0x080024e1   Thumb Code     6  basic.o(x$fpl$basic)
    __aeabi_fneg                             0x080024e7   Thumb Code     0  basic.o(x$fpl$basic)
    _fneg                                    0x080024e7   Thumb Code     6  basic.o(x$fpl$basic)
    _dabs                                    0x080024ed   Thumb Code     6  basic.o(x$fpl$basic)
    _fabs                                    0x080024f3   Thumb Code     6  basic.o(x$fpl$basic)
    __aeabi_d2f                              0x080024f9   Thumb Code     0  d2f.o(x$fpl$d2f)
    _d2f                                     0x080024f9   Thumb Code    98  d2f.o(x$fpl$d2f)
    __aeabi_dadd                             0x0800255d   Thumb Code     0  daddsub_clz.o(x$fpl$dadd)
    _dadd                                    0x0800255d   Thumb Code   332  daddsub_clz.o(x$fpl$dadd)
    __fpl_dcmp_Inf                           0x080026ad   Thumb Code    24  dcmpi.o(x$fpl$dcmpinf)
    __aeabi_ddiv                             0x080026c5   Thumb Code     0  ddiv.o(x$fpl$ddiv)
    _ddiv                                    0x080026c5   Thumb Code   552  ddiv.o(x$fpl$ddiv)
    __aeabi_cdcmpeq                          0x08002975   Thumb Code     0  deqf.o(x$fpl$deqf)
    _dcmpeq                                  0x08002975   Thumb Code   120  deqf.o(x$fpl$deqf)
    __aeabi_d2iz                             0x080029ed   Thumb Code     0  dfix.o(x$fpl$dfix)
    _dfix                                    0x080029ed   Thumb Code    94  dfix.o(x$fpl$dfix)
    __aeabi_i2d                              0x08002a4b   Thumb Code     0  dflt_clz.o(x$fpl$dflt)
    _dflt                                    0x08002a4b   Thumb Code    46  dflt_clz.o(x$fpl$dflt)
    __aeabi_ui2d                             0x08002a79   Thumb Code     0  dflt_clz.o(x$fpl$dfltu)
    _dfltu                                   0x08002a79   Thumb Code    38  dflt_clz.o(x$fpl$dfltu)
    __aeabi_cdcmple                          0x08002aa1   Thumb Code     0  dleqf.o(x$fpl$dleqf)
    _dcmple                                  0x08002aa1   Thumb Code   120  dleqf.o(x$fpl$dleqf)
    __fpl_dcmple_InfNaN                      0x08002b03   Thumb Code     0  dleqf.o(x$fpl$dleqf)
    __aeabi_dmul                             0x08002b19   Thumb Code     0  dmul.o(x$fpl$dmul)
    _dmul                                    0x08002b19   Thumb Code   332  dmul.o(x$fpl$dmul)
    __fpl_dnaninf                            0x08002c6d   Thumb Code   156  dnaninf.o(x$fpl$dnaninf)
    __fpl_dretinf                            0x08002d09   Thumb Code    12  dretinf.o(x$fpl$dretinf)
    __aeabi_drsub                            0x08002d15   Thumb Code     0  daddsub_clz.o(x$fpl$drsb)
    _drsb                                    0x08002d15   Thumb Code    22  daddsub_clz.o(x$fpl$drsb)
    __aeabi_dsub                             0x08002d2d   Thumb Code     0  daddsub_clz.o(x$fpl$dsub)
    _dsub                                    0x08002d2d   Thumb Code   464  daddsub_clz.o(x$fpl$dsub)
    __aeabi_f2d                              0x08002f01   Thumb Code     0  f2d.o(x$fpl$f2d)
    _f2d                                     0x08002f01   Thumb Code    86  f2d.o(x$fpl$f2d)
    __fpl_fnaninf                            0x08002f57   Thumb Code   140  fnaninf.o(x$fpl$fnaninf)
    _fp_init                                 0x08002fe3   Thumb Code    10  fpinit.o(x$fpl$fpinit)
    __fplib_config_fpu_vfp                   0x08002feb   Thumb Code     0  fpinit.o(x$fpl$fpinit)
    __fplib_config_pureend_doubles           0x08002feb   Thumb Code     0  fpinit.o(x$fpl$fpinit)
    __fpl_fretinf                            0x08002fed   Thumb Code    10  fretinf.o(x$fpl$fretinf)
    _printf_fp_dec                           0x08002ff7   Thumb Code     4  printf1.o(x$fpl$printf1)
    __I$use$fp                               0x08002ffa   Number         0  usenofp.o(x$fpl$usenofp)
    led_mask                                 0x08002ffc   Data          16  led.o(.constdata)
    lcd_mask                                 0x0800300c   Data          32  lcd.o(.constdata)
    lcd_RS                                   0x0800302c   Data           4  lcd.o(.constdata)
    lcd_RdnWr                                0x08003030   Data           4  lcd.o(.constdata)
    lcd_E                                    0x08003034   Data           4  lcd.o(.constdata)
    SWT_mask                                 0x08003038   Data          32  swt.o(.constdata)
    AHBPrescTable                            0x08003058   Data          16  system_stm32f4xx.o(.constdata)
    __mathlib_zero                           0x08003138   Data           8  qnan.o(.constdata)
    Region$$Table$$Base                      0x08003140   Number         0  anon$$obj.o(Region$$Table)
    Region$$Table$$Limit                     0x08003160   Number         0  anon$$obj.o(Region$$Table)
    msTicks                                  0x20000000   Data           4  adc_leds.o(.data)
    SystemCoreClock                          0x20000004   Data           4  system_stm32f4xx.o(.data)
    __libspace_start                         0x20000008   Data          96  libspace.o(.bss)
    __temporary_stack_top$libspace           0x20000068   Data           0  libspace.o(.bss)



==============================================================================

Memory Map of the image

  Image Entry point : 0x08000189

  Load Region LR_IROM1 (Base: 0x08000000, Size: 0x00003184, Max: 0x00100000, ABSOLUTE)

    Execution Region ER_IROM1 (Base: 0x08000000, Size: 0x0000317c, Max: 0x00100000, ABSOLUTE)

    Base Addr    Size         Type   Attr      Idx    E Section Name        Object

    0x08000000   0x00000188   Data   RO          167    RESET               startup_stm32f407xx.o
    0x08000188   0x00000008   Code   RO          243  * !!!main             c_w.l(__main.o)
    0x08000190   0x00000034   Code   RO          551    !!!scatter          c_w.l(__scatter.o)
    0x080001c4   0x0000001a   Code   RO          553    !!handler_copy      c_w.l(__scatter_copy.o)
    0x080001de   0x00000002   PAD
    0x080001e0   0x0000001c   Code   RO          555    !!handler_zi        c_w.l(__scatter_zi.o)
    0x080001fc   0x00000000   Code   RO          240    .ARM.Collect$$_printf_percent$$00000000  c_w.l(_printf_percent.o)
    0x080001fc   0x00000006   Code   RO          239    .ARM.Collect$$_printf_percent$$00000003  c_w.l(_printf_f.o)
    0x08000202   0x00000006   Code   RO          237    .ARM.Collect$$_printf_percent$$00000013  c_w.l(_printf_c.o)
    0x08000208   0x00000006   Code   RO          238    .ARM.Collect$$_printf_percent$$00000014  c_w.l(_printf_s.o)
    0x0800020e   0x00000004   Code   RO          286    .ARM.Collect$$_printf_percent$$00000017  c_w.l(_printf_percent_end.o)
    0x08000212   0x00000002   Code   RO          424    .ARM.Collect$$libinit$$00000000  c_w.l(libinit.o)
    0x08000214   0x00000004   Code   RO          425    .ARM.Collect$$libinit$$00000001  c_w.l(libinit2.o)
    0x08000218   0x00000000   Code   RO          428    .ARM.Collect$$libinit$$00000004  c_w.l(libinit2.o)
    0x08000218   0x00000000   Code   RO          431    .ARM.Collect$$libinit$$0000000A  c_w.l(libinit2.o)
    0x08000218   0x00000000   Code   RO          433    .ARM.Collect$$libinit$$0000000C  c_w.l(libinit2.o)
    0x08000218   0x00000000   Code   RO          435    .ARM.Collect$$libinit$$0000000E  c_w.l(libinit2.o)
    0x08000218   0x00000006   Code   RO          436    .ARM.Collect$$libinit$$0000000F  c_w.l(libinit2.o)
    0x0800021e   0x00000000   Code   RO          438    .ARM.Collect$$libinit$$00000011  c_w.l(libinit2.o)
    0x0800021e   0x00000000   Code   RO          440    .ARM.Collect$$libinit$$00000013  c_w.l(libinit2.o)
    0x0800021e   0x00000000   Code   RO          442    .ARM.Collect$$libinit$$00000015  c_w.l(libinit2.o)
    0x0800021e   0x0000000a   Code   RO          443    .ARM.Collect$$libinit$$00000016  c_w.l(libinit2.o)
    0x08000228   0x00000000   Code   RO          444    .ARM.Collect$$libinit$$00000017  c_w.l(libinit2.o)
    0x08000228   0x00000000   Code   RO          446    .ARM.Collect$$libinit$$00000019  c_w.l(libinit2.o)
    0x08000228   0x00000000   Code   RO          448    .ARM.Collect$$libinit$$0000001B  c_w.l(libinit2.o)
    0x08000228   0x00000000   Code   RO          450    .ARM.Collect$$libinit$$0000001D  c_w.l(libinit2.o)
    0x08000228   0x00000000   Code   RO          452    .ARM.Collect$$libinit$$0000001F  c_w.l(libinit2.o)
    0x08000228   0x00000000   Code   RO          454    .ARM.Collect$$libinit$$00000021  c_w.l(libinit2.o)
    0x08000228   0x00000000   Code   RO          456    .ARM.Collect$$libinit$$00000023  c_w.l(libinit2.o)
    0x08000228   0x00000000   Code   RO          458    .ARM.Collect$$libinit$$00000025  c_w.l(libinit2.o)
    0x08000228   0x00000000   Code   RO          462    .ARM.Collect$$libinit$$0000002C  c_w.l(libinit2.o)
    0x08000228   0x00000000   Code   RO          464    .ARM.Collect$$libinit$$0000002E  c_w.l(libinit2.o)
    0x08000228   0x00000000   Code   RO          466    .ARM.Collect$$libinit$$00000030  c_w.l(libinit2.o)
    0x08000228   0x00000000   Code   RO          468    .ARM.Collect$$libinit$$00000032  c_w.l(libinit2.o)
    0x08000228   0x00000002   Code   RO          469    .ARM.Collect$$libinit$$00000033  c_w.l(libinit2.o)
    0x0800022a   0x00000002   Code   RO          499    .ARM.Collect$$libshutdown$$00000000  c_w.l(libshutdown.o)
    0x0800022c   0x00000000   Code   RO          510    .ARM.Collect$$libshutdown$$00000002  c_w.l(libshutdown2.o)
    0x0800022c   0x00000000   Code   RO          512    .ARM.Collect$$libshutdown$$00000004  c_w.l(libshutdown2.o)
    0x0800022c   0x00000000   Code   RO          515    .ARM.Collect$$libshutdown$$00000007  c_w.l(libshutdown2.o)
    0x0800022c   0x00000000   Code   RO          518    .ARM.Collect$$libshutdown$$0000000A  c_w.l(libshutdown2.o)
    0x0800022c   0x00000000   Code   RO          520    .ARM.Collect$$libshutdown$$0000000C  c_w.l(libshutdown2.o)
    0x0800022c   0x00000000   Code   RO          523    .ARM.Collect$$libshutdown$$0000000F  c_w.l(libshutdown2.o)
    0x0800022c   0x00000002   Code   RO          524    .ARM.Collect$$libshutdown$$00000010  c_w.l(libshutdown2.o)
    0x0800022e   0x00000000   Code   RO          275    .ARM.Collect$$rtentry$$00000000  c_w.l(__rtentry.o)
    0x0800022e   0x00000000   Code   RO          341    .ARM.Collect$$rtentry$$00000002  c_w.l(__rtentry2.o)
    0x0800022e   0x00000006   Code   RO          353    .ARM.Collect$$rtentry$$00000004  c_w.l(__rtentry4.o)
    0x08000234   0x00000000   Code   RO          343    .ARM.Collect$$rtentry$$00000009  c_w.l(__rtentry2.o)
    0x08000234   0x00000004   Code   RO          344    .ARM.Collect$$rtentry$$0000000A  c_w.l(__rtentry2.o)
    0x08000238   0x00000000   Code   RO          346    .ARM.Collect$$rtentry$$0000000C  c_w.l(__rtentry2.o)
    0x08000238   0x00000008   Code   RO          347    .ARM.Collect$$rtentry$$0000000D  c_w.l(__rtentry2.o)
    0x08000240   0x00000002   Code   RO          470    .ARM.Collect$$rtexit$$00000000  c_w.l(rtexit.o)
    0x08000242   0x00000000   Code   RO          477    .ARM.Collect$$rtexit$$00000002  c_w.l(rtexit2.o)
    0x08000242   0x00000004   Code   RO          478    .ARM.Collect$$rtexit$$00000003  c_w.l(rtexit2.o)
    0x08000246   0x00000006   Code   RO          479    .ARM.Collect$$rtexit$$00000004  c_w.l(rtexit2.o)
    0x0800024c   0x000000c0   Code   RO            4    .text               led.o
    0x0800030c   0x0000047e   Code   RO           60    .text               adc_leds.o
    0x0800078a   0x00000002   PAD
    0x0800078c   0x000002e8   Code   RO          108    .text               lcd.o
    0x08000a74   0x00000064   Code   RO          138    .text               swt.o
    0x08000ad8   0x00000040   Code   RO          168    .text               startup_stm32f407xx.o
    0x08000b18   0x00000210   Code   RO          175    .text               system_stm32f4xx.o
    0x08000d28   0x00000028   Code   RO          211    .text               c_w.l(noretval__2sprintf.o)
    0x08000d50   0x00000052   Code   RO          215    .text               c_w.l(_printf_str.o)
    0x08000da2   0x0000010e   Code   RO          225    .text               c_w.l(__printf_wp.o)
    0x08000eb0   0x00000006   Code   RO          241    .text               c_w.l(heapauxi.o)
    0x08000eb6   0x00000016   Code   RO          276    .text               c_w.l(_rserrno.o)
    0x08000ecc   0x0000041a   Code   RO          278    .text               c_w.l(_printf_fp_dec.o)
    0x080012e6   0x00000002   PAD
    0x080012e8   0x00000030   Code   RO          280    .text               c_w.l(_printf_char_common.o)
    0x08001318   0x0000000a   Code   RO          282    .text               c_w.l(_sputc.o)
    0x08001322   0x0000002c   Code   RO          284    .text               c_w.l(_printf_char.o)
    0x0800134e   0x00000002   PAD
    0x08001350   0x00000008   Code   RO          358    .text               c_w.l(rt_locale_intlibspace.o)
    0x08001358   0x00000008   Code   RO          363    .text               c_w.l(rt_errno_addr_intlibspace.o)
    0x08001360   0x0000008a   Code   RO          365    .text               c_w.l(lludiv10.o)
    0x080013ea   0x00000002   PAD
    0x080013ec   0x00000080   Code   RO          367    .text               c_w.l(_printf_fp_infnan.o)
    0x0800146c   0x000000dc   Code   RO          371    .text               c_w.l(bigflt0.o)
    0x08001548   0x00000008   Code   RO          410    .text               c_w.l(libspace.o)
    0x08001550   0x0000004a   Code   RO          413    .text               c_w.l(sys_stackheap_outer.o)
    0x0800159a   0x00000012   Code   RO          415    .text               c_w.l(exit.o)
    0x080015ac   0x00000080   Code   RO          417    .text               c_w.l(strcmpv7m.o)
    0x0800162c   0x0000000c   Code   RO          489    .text               c_w.l(sys_exit.o)
    0x08001638   0x00000002   Code   RO          500    .text               c_w.l(use_no_semi.o)
    0x0800163a   0x00000000   Code   RO          502    .text               c_w.l(indicate_semi.o)
    0x0800163a   0x0000003e   Code   RO          374    CL$$btod_d2e        c_w.l(btod.o)
    0x08001678   0x00000046   Code   RO          376    CL$$btod_d2e_denorm_low  c_w.l(btod.o)
    0x080016be   0x00000060   Code   RO          375    CL$$btod_d2e_norm_op1  c_w.l(btod.o)
    0x0800171e   0x00000338   Code   RO          384    CL$$btod_div_common  c_w.l(btod.o)
    0x08001a56   0x000000c6   Code   RO          381    CL$$btod_e2e        c_w.l(btod.o)
    0x08001b1c   0x00000028   Code   RO          378    CL$$btod_ediv       c_w.l(btod.o)
    0x08001b44   0x00000028   Code   RO          377    CL$$btod_emul       c_w.l(btod.o)
    0x08001b6c   0x00000244   Code   RO          383    CL$$btod_mult_common  c_w.l(btod.o)
    0x08001db0   0x00000030   Code   RO          405    i.__ARM_fpclassify  m_wm.l(fpclassify.o)
    0x08001de0   0x000003c4   Code   RO          326    i.__hardfp_log      m_wm.l(log.o)
    0x080021a4   0x00000004   PAD
    0x080021a8   0x00000100   Code   RO          267    i.__hardfp_log2     m_wm.l(log2.o)
    0x080022a8   0x000000f8   Code   RO          407    i.__kernel_poly     m_wm.l(poly.o)
    0x080023a0   0x00000030   Code   RO          306    i.__mathlib_dbl_divzero  m_wm.l(dunder.o)
    0x080023d0   0x00000014   Code   RO          307    i.__mathlib_dbl_infnan  m_wm.l(dunder.o)
    0x080023e4   0x00000004   PAD
    0x080023e8   0x00000020   Code   RO          309    i.__mathlib_dbl_invalid  m_wm.l(dunder.o)
    0x08002408   0x0000000e   Code   RO          227    i._is_digit         c_w.l(__printf_wp.o)
    0x08002416   0x00000002   PAD
    0x08002418   0x0000008c   Code   RO          322    i.frexp             m_wm.l(frexp.o)
    0x080024a4   0x00000010   Code   RO          328    i.log               m_wm.l(log.o)
    0x080024b4   0x0000002c   Code   RO          397    locale$$code        c_w.l(lc_numeric_c.o)
    0x080024e0   0x00000018   Code   RO          399    x$fpl$basic         fz_wm.l(basic.o)
    0x080024f8   0x00000062   Code   RO          245    x$fpl$d2f           fz_wm.l(d2f.o)
    0x0800255a   0x00000002   PAD
    0x0800255c   0x00000150   Code   RO          287    x$fpl$dadd          fz_wm.l(daddsub_clz.o)
    0x080026ac   0x00000018   Code   RO          401    x$fpl$dcmpinf       fz_wm.l(dcmpi.o)
    0x080026c4   0x000002b0   Code   RO          248    x$fpl$ddiv          fz_wm.l(ddiv.o)
    0x08002974   0x00000078   Code   RO          293    x$fpl$deqf          fz_wm.l(deqf.o)
    0x080029ec   0x0000005e   Code   RO          251    x$fpl$dfix          fz_wm.l(dfix.o)
    0x08002a4a   0x0000002e   Code   RO          256    x$fpl$dflt          fz_wm.l(dflt_clz.o)
    0x08002a78   0x00000026   Code   RO          255    x$fpl$dfltu         fz_wm.l(dflt_clz.o)
    0x08002a9e   0x00000002   PAD
    0x08002aa0   0x00000078   Code   RO          295    x$fpl$dleqf         fz_wm.l(dleqf.o)
    0x08002b18   0x00000154   Code   RO          261    x$fpl$dmul          fz_wm.l(dmul.o)
    0x08002c6c   0x0000009c   Code   RO          297    x$fpl$dnaninf       fz_wm.l(dnaninf.o)
    0x08002d08   0x0000000c   Code   RO          299    x$fpl$dretinf       fz_wm.l(dretinf.o)
    0x08002d14   0x00000016   Code   RO          288    x$fpl$drsb          fz_wm.l(daddsub_clz.o)
    0x08002d2a   0x00000002   PAD
    0x08002d2c   0x000001d4   Code   RO          289    x$fpl$dsub          fz_wm.l(daddsub_clz.o)
    0x08002f00   0x00000056   Code   RO          263    x$fpl$f2d           fz_wm.l(f2d.o)
    0x08002f56   0x0000008c   Code   RO          301    x$fpl$fnaninf       fz_wm.l(fnaninf.o)
    0x08002fe2   0x0000000a   Code   RO          474    x$fpl$fpinit        fz_wm.l(fpinit.o)
    0x08002fec   0x0000000a   Code   RO          303    x$fpl$fretinf       fz_wm.l(fretinf.o)
    0x08002ff6   0x00000004   Code   RO          265    x$fpl$printf1       fz_wm.l(printf1.o)
    0x08002ffa   0x00000000   Code   RO          305    x$fpl$usenofp       fz_wm.l(usenofp.o)
    0x08002ffa   0x00000002   PAD
    0x08002ffc   0x00000010   Data   RO            5    .constdata          led.o
    0x0800300c   0x0000002c   Data   RO          109    .constdata          lcd.o
    0x08003038   0x00000020   Data   RO          139    .constdata          swt.o
    0x08003058   0x00000010   Data   RO          176    .constdata          system_stm32f4xx.o
    0x08003068   0x00000038   Data   RO          329    .constdata          m_wm.l(log.o)
    0x080030a0   0x00000094   Data   RO          372    .constdata          c_w.l(bigflt0.o)
    0x08003134   0x00000004   PAD
    0x08003138   0x00000008   Data   RO          409    .constdata          m_wm.l(qnan.o)
    0x08003140   0x00000020   Data   RO          549    Region$$Table       anon$$obj.o
    0x08003160   0x0000001c   Data   RO          396    locale$$data        c_w.l(lc_numeric_c.o)


    Execution Region RW_IRAM1 (Base: 0x20000000, Size: 0x00000668, Max: 0x00020000, ABSOLUTE)

    Base Addr    Size         Type   Attr      Idx    E Section Name        Object

    0x20000000   0x00000004   Data   RW           61    .data               adc_leds.o
    0x20000004   0x00000004   Data   RW          177    .data               system_stm32f4xx.o
    0x20000008   0x00000060   Zero   RW          411    .bss                c_w.l(libspace.o)
    0x20000068   0x00000200   Zero   RW          166    HEAP                startup_stm32f407xx.o
    0x20000268   0x00000400   Zero   RW          165    STACK               startup_stm32f407xx.o


==============================================================================

Image component sizes


      Code (inc. data)   RO Data    RW Data    ZI Data      Debug   Object Name

      1150        122          0          4          0      33610   adc_leds.o
       744         22         44          0          0       4057   lcd.o
       192         20         16          0          0     557249   led.o
        64         26        392          0       1536        856   startup_stm32f407xx.o
       100         18         32          0          0       1604   swt.o
       528         46         16          4          0       1979   system_stm32f4xx.o

    ----------------------------------------------------------------------
      2780        254        532          8       1536     599355   Object Totals
         0          0         32          0          0          0   (incl. Generated)
         2          0          0          0          0          0   (incl. Padding)

    ----------------------------------------------------------------------

      Code (inc. data)   RO Data    RW Data    ZI Data      Debug   Library Member Name

         8          0          0          0          0         68   __main.o
       284          0          0          0          0        156   __printf_wp.o
         0          0          0          0          0          0   __rtentry.o
        12          0          0          0          0          0   __rtentry2.o
         6          0          0          0          0          0   __rtentry4.o
        52          8          0          0          0          0   __scatter.o
        26          0          0          0          0          0   __scatter_copy.o
        28          0          0          0          0          0   __scatter_zi.o
         6          0          0          0          0          0   _printf_c.o
        44          0          0          0          0        108   _printf_char.o
        48          6          0          0          0         96   _printf_char_common.o
         6          0          0          0          0          0   _printf_f.o
      1050          0          0          0          0        216   _printf_fp_dec.o
       128         16          0          0          0         84   _printf_fp_infnan.o
         0          0          0          0          0          0   _printf_percent.o
         4          0          0          0          0          0   _printf_percent_end.o
         6          0          0          0          0          0   _printf_s.o
        82          0          0          0          0         80   _printf_str.o
        22          0          0          0          0        100   _rserrno.o
        10          0          0          0          0         68   _sputc.o
       220          4        148          0          0         96   bigflt0.o
      1910        128          0          0          0        672   btod.o
        18          0          0          0          0         80   exit.o
         6          0          0          0          0        152   heapauxi.o
         0          0          0          0          0          0   indicate_semi.o
        44         10         28          0          0         76   lc_numeric_c.o
         2          0          0          0          0          0   libinit.o
        22          0          0          0          0          0   libinit2.o
         2          0          0          0          0          0   libshutdown.o
         2          0          0          0          0          0   libshutdown2.o
         8          4          0          0         96         68   libspace.o
       138          0          0          0          0         80   lludiv10.o
        40          6          0          0          0         84   noretval__2sprintf.o
         8          4          0          0          0         68   rt_errno_addr_intlibspace.o
         8          4          0          0          0         68   rt_locale_intlibspace.o
         2          0          0          0          0          0   rtexit.o
        10          0          0          0          0          0   rtexit2.o
       128          0          0          0          0         68   strcmpv7m.o
        12          4          0          0          0         68   sys_exit.o
        74          0          0          0          0         80   sys_stackheap_outer.o
         2          0          0          0          0         68   use_no_semi.o
        24          0          0          0          0        164   basic.o
        98          4          0          0          0        140   d2f.o
       826         16          0          0          0        492   daddsub_clz.o
        24          0          0          0          0        116   dcmpi.o
       688        140          0          0          0        256   ddiv.o
       120          4          0          0          0        140   deqf.o
        94          4          0          0          0        140   dfix.o
        84          0          0          0          0        232   dflt_clz.o
       120          4          0          0          0        140   dleqf.o
       340         12          0          0          0        152   dmul.o
       156          4          0          0          0        140   dnaninf.o
        12          0          0          0          0        116   dretinf.o
        86          4          0          0          0        132   f2d.o
       140          4          0          0          0        132   fnaninf.o
        10          0          0          0          0        116   fpinit.o
        10          0          0          0          0        116   fretinf.o
         4          0          0          0          0        116   printf1.o
         0          0          0          0          0          0   usenofp.o
       100         28          0          0          0        372   dunder.o
        48          0          0          0          0        124   fpclassify.o
       140         22          0          0          0        132   frexp.o
       980         92         56          0          0        440   log.o
       256         36          0          0          0        164   log2.o
       248          0          0          0          0        152   poly.o
         0          0          8          0          0          0   qnan.o

    ----------------------------------------------------------------------
      9112        572        244          0         96       6928   Library Totals
        26          4          4          0          0          0   (incl. Padding)

    ----------------------------------------------------------------------

      Code (inc. data)   RO Data    RW Data    ZI Data      Debug   Library Name

      4478        194        176          0         96       2704   c_w.l
      2836        196          0          0          0       2840   fz_wm.l
      1772        178         64          0          0       1384   m_wm.l

    ----------------------------------------------------------------------
      9112        572        244          0         96       6928   Library Totals

    ----------------------------------------------------------------------

==============================================================================


      Code (inc. data)   RO Data    RW Data    ZI Data      Debug   

     11892        826        776          8       1632     601027   Grand Totals
     11892        826        776          8       1632     601027   ELF Image Totals
     11892        826        776          8          0          0   ROM Totals

==============================================================================

    Total RO  Size (Code + RO Data)                12668 (  12.37kB)
    Total RW  Size (RW Data + ZI Data)              1640 (   1.60kB)
    Total ROM Size (Code + RO Data + RW Data)      12676 (  12.38kB)

==============================================================================

