<html>
<body>
<pre>
<h1>µVision Build Log</h1>
<h2>Tool Versions:</h2>
IDE-Version: µVision V5.23.0.0
Copyright (C) 2017 ARM Ltd and ARM Germany GmbH. All rights reserved.
License Information: Support The Flex license: MDK-ARM Professional: 100 user(s) (mdk_pro) Operation stops: 22 Mar 2018
 
Tool Versions:
Toolchain:       MDK-ARM Professional: 100 user(s)  Version: 5.23
Toolchain Path:  C:\KEIL_V5\ARM\ARMCLANG\Bin
C Compiler:      ArmClang.exe V6.6
Assembler:       Armasm.exe V6.6
Linker/Locator:  ArmLink.exe V6.6
Library Manager: ArmAr.exe V6.6
Hex Converter:   FromElf.exe V6.6
CPU DLL:         SARMCM3.DLL V5.23
Dialog DLL:      DCM.DLL V1.15.0.0
Target DLL:      STLink\ST-LINKIII-KEIL_SWO.dll V2.0.18.0
Dialog DLL:      TCM.DLL V1.27.0.0
 
<h2>Project:</h2>
M:\w2k\DesCon\DesCon\Switches\Switches.uvprojx
Project File Date:  02/09/2018

<h2>Output:</h2>
*** Using Compiler 'V6.6', folder: 'C:\KEIL_V5\ARM\ARMCLANG\Bin'
Rebuild target 'STM32F407 Flash'
SWT.c(16): warning: non-portable path to file '"stm32f4xx.h"'; specified path differs in case from file name on disk [-Wnonportable-include-path]
#include "STM32F4xx.h"
         ^~~~~~~~~~~~~
         "stm32f4xx.h"
SWT.c(19): warning: no previous extern declaration for non-static variable 'SWT_mask' [-Wmissing-variable-declarations]
const unsigned long SWT_mask[] = {1UL << 8, 1UL << 9, 1UL << 10, 1UL << 11, 1UL << 12, 1UL << 13, 1UL << 14, 1UL << 15};
                    ^
SWT.c(79): warning: implicit conversion changes signedness: 'unsigned long' to 'int' [-Wsign-conversion]
                return ( GPIOE->IDR & SWT_mask[num] );
                ~~~~~~   ~~~~~~~~~~~^~~~~~~~~~~~~~~
3 warnings generated.
compiling SWT.c...
LED.c(16): warning: non-portable path to file '"stm32f4xx.h"'; specified path differs in case from file name on disk [-Wnonportable-include-path]
#include "STM32F4xx.h"
         ^~~~~~~~~~~~~
         "stm32f4xx.h"
LED.c(19): warning: no previous extern declaration for non-static variable 'led_mask' [-Wmissing-variable-declarations]
const unsigned long led_mask[] = {1UL << 8, 1UL << 9, 1UL << 10, 1UL << 11, 1UL << 12, 1UL << 13, 1UL << 14, 1UL << 15};
                    ^
LED.c(114): warning: implicit conversion changes signedness: 'int' to 'unsigned int' [-Wsign-conversion]
      LED_On (i);
      ~~~~~~  ^
LED.c(116): warning: implicit conversion changes signedness: 'int' to 'unsigned int' [-Wsign-conversion]
      LED_Off(i);
      ~~~~~~~ ^
4 warnings generated.
compiling LED.c...
Switches.c(19): warning: non-portable path to file '"stm32f4xx.h"'; specified path differs in case from file name on disk [-Wnonportable-include-path]
#include "STM32F4xx.h"
         ^~~~~~~~~~~~~
         "stm32f4xx.h"
Switches.c(29): warning: no previous prototype for function 'SysTick_Handler' [-Wmissing-prototypes]
void SysTick_Handler(void) {
     ^
Switches.c(36): warning: no previous prototype for function 'Delay' [-Wmissing-prototypes]
void Delay (uint32_t dlyTicks) {                                              
     ^
Switches.c(47): warning: no previous prototype for function 'BTN_Init' [-Wmissing-prototypes]
void BTN_Init(void) {
     ^
Switches.c(63): warning: no previous prototype for function 'BTN_Get' [-Wmissing-prototypes]
 uint32_t BTN_Get(void) {
          ^
Switches.c(25): warning: no previous extern declaration for non-static variable 'msTicks' [-Wmissing-variable-declarations]
volatile uint32_t msTicks;                      /* counts 1ms timeTicks       */
                  ^
6 warnings generated.
compiling Switches.c...
assembling startup_stm32f407xx.s...
RTE/Device/STM32F407VG/system_stm32f4xx.c(832): warning: while loop has empty body [-Wempty-body]
    while ((RCC->CFGR & (uint32_t)RCC_CFGR_SWS ) != RCC_CFGR_SWS_PLL);
                                                                     ^
RTE/Device/STM32F407VG/system_stm32f4xx.c(832): note: put the semicolon on a separate line to silence this warning
1 warning generated.
compiling system_stm32f4xx.c...
linking...
Program Size: Code=1038 RO-data=442 RW-data=4 ZI-data=1644  
".\Flash\Switches.axf" - 0 Error(s), 14 Warning(s).

<h2>Software Packages used:</h2>

Package Vendor: ARM
                http://www.keil.com/pack/ARM.CMSIS.5.0.1.pack
                ARM::CMSIS:CORE:5.0.1
                CMSIS (Cortex Microcontroller Software Interface Standard)
   * Component: CORE Version: 5.0.1

Package Vendor: Keil
                http://www.keil.com/pack/Keil.STM32F4xx_DFP.2.11.0.pack
                Keil::Device:Startup:2.6.0
                STMicroelectronics STM32F4 Series Device Support, Drivers and Examples
   * Component: Startup Version: 2.6.0

<h2>Collection of Component include folders:</h2>
  .\RTE\_STM32F407_Flash
  C:\KEIL_V5\ARM\PACK\ARM\CMSIS\5.0.1\CMSIS\Include
  C:\KEIL_V5\ARM\PACK\Keil\STM32F4xx_DFP\2.11.0\Drivers\CMSIS\Device\ST\STM32F4xx\Include

<h2>Collection of Component Files used:</h2>

   * Component: ARM::CMSIS:CORE:5.0.1

   * Component: Keil::Device:Startup:2.6.0
      Source file:   MDK\Device\Source\ARM\STM32F4xx_OTP.s
      Source file:   Drivers\CMSIS\Device\ST\STM32F4xx\Source\Templates\arm\startup_stm32f407xx.s
      Include file:  Drivers\CMSIS\Device\ST\STM32F4xx\Include\stm32f4xx.h
      Source file:   MDK\Device\Source\ARM\STM32F40xxx_41xxx_OPT.s
      Source file:   Drivers\CMSIS\Device\ST\STM32F4xx\Source\Templates\system_stm32f4xx.c
Build Time Elapsed:  00:00:03
</pre>
</body>
</html>
